Archive member included to satisfy reference by file (symbol)

/opt/st/stm32cubeide_1.6.1/plugins/com.st.stm32cube.ide.mcu.externaltools.gnu-tools-for-stm32.9-2020-q2-update.linux64_1.5.0.202011040924/tools/bin/../lib/gcc/arm-none-eabi/9.3.1/../../../../arm-none-eabi/lib/thumb/v7e-m+fp/hard/libc_nano.a(lib_a-errno.o)
                              Core/Src/syscalls.o (__errno)
/opt/st/stm32cubeide_1.6.1/plugins/com.st.stm32cube.ide.mcu.externaltools.gnu-tools-for-stm32.9-2020-q2-update.linux64_1.5.0.202011040924/tools/bin/../lib/gcc/arm-none-eabi/9.3.1/../../../../arm-none-eabi/lib/thumb/v7e-m+fp/hard/libc_nano.a(lib_a-exit.o)
                              /opt/st/stm32cubeide_1.6.1/plugins/com.st.stm32cube.ide.mcu.externaltools.gnu-tools-for-stm32.9-2020-q2-update.linux64_1.5.0.202011040924/tools/bin/../lib/gcc/arm-none-eabi/9.3.1/../../../../arm-none-eabi/lib/thumb/v7e-m+fp/hard/crt0.o (exit)
/opt/st/stm32cubeide_1.6.1/plugins/com.st.stm32cube.ide.mcu.externaltools.gnu-tools-for-stm32.9-2020-q2-update.linux64_1.5.0.202011040924/tools/bin/../lib/gcc/arm-none-eabi/9.3.1/../../../../arm-none-eabi/lib/thumb/v7e-m+fp/hard/libc_nano.a(lib_a-impure.o)
                              /opt/st/stm32cubeide_1.6.1/plugins/com.st.stm32cube.ide.mcu.externaltools.gnu-tools-for-stm32.9-2020-q2-update.linux64_1.5.0.202011040924/tools/bin/../lib/gcc/arm-none-eabi/9.3.1/../../../../arm-none-eabi/lib/thumb/v7e-m+fp/hard/libc_nano.a(lib_a-exit.o) (_global_impure_ptr)
/opt/st/stm32cubeide_1.6.1/plugins/com.st.stm32cube.ide.mcu.externaltools.gnu-tools-for-stm32.9-2020-q2-update.linux64_1.5.0.202011040924/tools/bin/../lib/gcc/arm-none-eabi/9.3.1/../../../../arm-none-eabi/lib/thumb/v7e-m+fp/hard/libc_nano.a(lib_a-init.o)
                              /opt/st/stm32cubeide_1.6.1/plugins/com.st.stm32cube.ide.mcu.externaltools.gnu-tools-for-stm32.9-2020-q2-update.linux64_1.5.0.202011040924/tools/bin/../lib/gcc/arm-none-eabi/9.3.1/../../../../arm-none-eabi/lib/thumb/v7e-m+fp/hard/crt0.o (__libc_init_array)
/opt/st/stm32cubeide_1.6.1/plugins/com.st.stm32cube.ide.mcu.externaltools.gnu-tools-for-stm32.9-2020-q2-update.linux64_1.5.0.202011040924/tools/bin/../lib/gcc/arm-none-eabi/9.3.1/../../../../arm-none-eabi/lib/thumb/v7e-m+fp/hard/libc_nano.a(lib_a-memcpy-stub.o)
                              Core/Src/DualVNH5019MotorShield/DualVNH5019MotorShield.o (memcpy)
/opt/st/stm32cubeide_1.6.1/plugins/com.st.stm32cube.ide.mcu.externaltools.gnu-tools-for-stm32.9-2020-q2-update.linux64_1.5.0.202011040924/tools/bin/../lib/gcc/arm-none-eabi/9.3.1/../../../../arm-none-eabi/lib/thumb/v7e-m+fp/hard/libc_nano.a(lib_a-memset.o)
                              /opt/st/stm32cubeide_1.6.1/plugins/com.st.stm32cube.ide.mcu.externaltools.gnu-tools-for-stm32.9-2020-q2-update.linux64_1.5.0.202011040924/tools/bin/../lib/gcc/arm-none-eabi/9.3.1/../../../../arm-none-eabi/lib/thumb/v7e-m+fp/hard/crt0.o (memset)
/opt/st/stm32cubeide_1.6.1/plugins/com.st.stm32cube.ide.mcu.externaltools.gnu-tools-for-stm32.9-2020-q2-update.linux64_1.5.0.202011040924/tools/bin/../lib/gcc/arm-none-eabi/9.3.1/../../../../arm-none-eabi/lib/thumb/v7e-m+fp/hard/libc_nano.a(lib_a-printf.o)
                              Core/Src/project.o (printf)
/opt/st/stm32cubeide_1.6.1/plugins/com.st.stm32cube.ide.mcu.externaltools.gnu-tools-for-stm32.9-2020-q2-update.linux64_1.5.0.202011040924/tools/bin/../lib/gcc/arm-none-eabi/9.3.1/../../../../arm-none-eabi/lib/thumb/v7e-m+fp/hard/libc_nano.a(lib_a-putchar.o)
                              Core/Src/project.o (putchar)
/opt/st/stm32cubeide_1.6.1/plugins/com.st.stm32cube.ide.mcu.externaltools.gnu-tools-for-stm32.9-2020-q2-update.linux64_1.5.0.202011040924/tools/bin/../lib/gcc/arm-none-eabi/9.3.1/../../../../arm-none-eabi/lib/thumb/v7e-m+fp/hard/libc_nano.a(lib_a-puts.o)
                              Core/Src/project.o (puts)
/opt/st/stm32cubeide_1.6.1/plugins/com.st.stm32cube.ide.mcu.externaltools.gnu-tools-for-stm32.9-2020-q2-update.linux64_1.5.0.202011040924/tools/bin/../lib/gcc/arm-none-eabi/9.3.1/../../../../arm-none-eabi/lib/thumb/v7e-m+fp/hard/libc_nano.a(lib_a-strcpy.o)
                              Core/Src/project.o (strcpy)
/opt/st/stm32cubeide_1.6.1/plugins/com.st.stm32cube.ide.mcu.externaltools.gnu-tools-for-stm32.9-2020-q2-update.linux64_1.5.0.202011040924/tools/bin/../lib/gcc/arm-none-eabi/9.3.1/../../../../arm-none-eabi/lib/thumb/v7e-m+fp/hard/libc_nano.a(lib_a-strlen.o)
                              Core/Src/project.o (strlen)
/opt/st/stm32cubeide_1.6.1/plugins/com.st.stm32cube.ide.mcu.externaltools.gnu-tools-for-stm32.9-2020-q2-update.linux64_1.5.0.202011040924/tools/bin/../lib/gcc/arm-none-eabi/9.3.1/../../../../arm-none-eabi/lib/thumb/v7e-m+fp/hard/libc_nano.a(lib_a-strncmp.o)
                              Core/Src/project.o (strncmp)
[...]
Memory Configuration

Name             Origin             Length             Attributes
RAM              0x0000000020000000 0x0000000000018000 xrw
FLASH            0x0000000008000000 0x0000000000080000 xr
*default*        0x0000000000000000 0xffffffffffffffff

Linker script and memory map

LOAD /opt/st/stm32cubeide_1.6.1/plugins/com.st.stm32cube.ide.mcu.externaltools.gnu-tools-for-stm32.9-2020-q2-update.linux64_1.5.0.202011040924/tools/bin/../lib/gcc/arm-none-eabi/9.3.1/thumb/v7e-m+fp/hard/crti.o
LOAD /opt/st/stm32cubeide_1.6.1/plugins/com.st.stm32cube.ide.mcu.externaltools.gnu-tools-for-stm32.9-2020-q2-update.linux64_1.5.0.202011040924/tools/bin/../lib/gcc/arm-none-eabi/9.3.1/thumb/v7e-m+fp/hard/crtbegin.o
LOAD /opt/st/stm32cubeide_1.6.1/plugins/com.st.stm32cube.ide.mcu.externaltools.gnu-tools-for-stm32.9-2020-q2-update.linux64_1.5.0.202011040924/tools/bin/../lib/gcc/arm-none-eabi/9.3.1/../../../../arm-none-eabi/lib/thumb/v7e-m+fp/hard/crt0.o
LOAD Core/Src/DualVNH5019MotorShield/DualVNH5019MotorShield.o
LOAD Core/Src/canlib/mcp2515.o
LOAD Core/Src/main.o
LOAD Core/Src/project.o
LOAD Core/Src/stm32f4xx_hal_msp.o
LOAD Core/Src/stm32f4xx_it.o
LOAD Core/Src/syscalls.o
LOAD Core/Src/sysmem.o
LOAD Core/Src/system_stm32f4xx.o
LOAD Core/Startup/startup_stm32f401retx.o
LOAD Drivers/STM32F4xx_HAL_Driver/Src/stm32f4xx_hal.o
LOAD Drivers/STM32F4xx_HAL_Driver/Src/stm32f4xx_hal_adc.o
LOAD Drivers/STM32F4xx_HAL_Driver/Src/stm32f4xx_hal_adc_ex.o
LOAD Drivers/STM32F4xx_HAL_Driver/Src/stm32f4xx_hal_cortex.o
LOAD Drivers/STM32F4xx_HAL_Driver/Src/stm32f4xx_hal_dma.o
LOAD Drivers/STM32F4xx_HAL_Driver/Src/stm32f4xx_hal_dma_ex.o
LOAD Drivers/STM32F4xx_HAL_Driver/Src/stm32f4xx_hal_exti.o
LOAD Drivers/STM32F4xx_HAL_Driver/Src/stm32f4xx_hal_flash.o
LOAD Drivers/STM32F4xx_HAL_Driver/Src/stm32f4xx_hal_flash_ex.o
LOAD Drivers/STM32F4xx_HAL_Driver/Src/stm32f4xx_hal_flash_ramfunc.o
LOAD Drivers/STM32F4xx_HAL_Driver/Src/stm32f4xx_hal_gpio.o
LOAD Drivers/STM32F4xx_HAL_Driver/Src/stm32f4xx_hal_pwr.o
LOAD Drivers/STM32F4xx_HAL_Driver/Src/stm32f4xx_hal_pwr_ex.o
LOAD Drivers/STM32F4xx_HAL_Driver/Src/stm32f4xx_hal_rcc.o
LOAD Drivers/STM32F4xx_HAL_Driver/Src/stm32f4xx_hal_rcc_ex.o
LOAD Drivers/STM32F4xx_HAL_Driver/Src/stm32f4xx_hal_spi.o
LOAD Drivers/STM32F4xx_HAL_Driver/Src/stm32f4xx_hal_tim.o
LOAD Drivers/STM32F4xx_HAL_Driver/Src/stm32f4xx_hal_tim_ex.o
LOAD Drivers/STM32F4xx_HAL_Driver/Src/stm32f4xx_hal_uart.o
LOAD Drivers/STM32F4xx_HAL_Driver/Src/stm32f4xx_ll_adc.o
START GROUP
LOAD /opt/st/stm32cubeide_1.6.1/plugins/com.st.stm32cube.ide.mcu.externaltools.gnu-tools-for-stm32.9-2020-q2-update.linux64_1.5.0.202011040924/tools/bin/../lib/gcc/arm-none-eabi/9.3.1/../../../../arm-none-eabi/lib/thumb/v7e-m+fp/hard/libstdc++_nano.a
LOAD /opt/st/stm32cubeide_1.6.1/plugins/com.st.stm32cube.ide.mcu.externaltools.gnu-tools-for-stm32.9-2020-q2-update.linux64_1.5.0.202011040924/tools/bin/../lib/gcc/arm-none-eabi/9.3.1/../../../../arm-none-eabi/lib/thumb/v7e-m+fp/hard/libsupc++_nano.a
END GROUP
LOAD /opt/st/stm32cubeide_1.6.1/plugins/com.st.stm32cube.ide.mcu.externaltools.gnu-tools-for-stm32.9-2020-q2-update.linux64_1.5.0.202011040924/tools/bin/../lib/gcc/arm-none-eabi/9.3.1/../../../../arm-none-eabi/lib/thumb/v7e-m+fp/hard/libstdc++_nano.a
LOAD /opt/st/stm32cubeide_1.6.1/plugins/com.st.stm32cube.ide.mcu.externaltools.gnu-tools-for-stm32.9-2020-q2-update.linux64_1.5.0.202011040924/tools/bin/../lib/gcc/arm-none-eabi/9.3.1/../../../../arm-none-eabi/lib/thumb/v7e-m+fp/hard/libm.a
LOAD /opt/st/stm32cubeide_1.6.1/plugins/com.st.stm32cube.ide.mcu.externaltools.gnu-tools-for-stm32.9-2020-q2-update.linux64_1.5.0.202011040924/tools/bin/../lib/gcc/arm-none-eabi/9.3.1/../../../../arm-none-eabi/lib/thumb/v7e-m+fp/hard/libc_nano.a
START GROUP
LOAD /opt/st/stm32cubeide_1.6.1/plugins/com.st.stm32cube.ide.mcu.externaltools.gnu-tools-for-stm32.9-2020-q2-update.linux64_1.5.0.202011040924/tools/bin/../lib/gcc/arm-none-eabi/9.3.1/thumb/v7e-m+fp/hard/libgcc.a
LOAD /opt/st/stm32cubeide_1.6.1/plugins/com.st.stm32cube.ide.mcu.externaltools.gnu-tools-for-stm32.9-2020-q2-update.linux64_1.5.0.202011040924/tools/bin/../lib/gcc/arm-none-eabi/9.3.1/../../../../arm-none-eabi/lib/thumb/v7e-m+fp/hard/libc_nano.a
END GROUP
START GROUP
LOAD /opt/st/stm32cubeide_1.6.1/plugins/com.st.stm32cube.ide.mcu.externaltools.gnu-tools-for-stm32.9-2020-q2-update.linux64_1.5.0.202011040924/tools/bin/../lib/gcc/arm-none-eabi/9.3.1/thumb/v7e-m+fp/hard/libgcc.a
LOAD /opt/st/stm32cubeide_1.6.1/plugins/com.st.stm32cube.ide.mcu.externaltools.gnu-tools-for-stm32.9-2020-q2-update.linux64_1.5.0.202011040924/tools/bin/../lib/gcc/arm-none-eabi/9.3.1/../../../../arm-none-eabi/lib/thumb/v7e-m+fp/hard/libc_nano.a
LOAD /opt/st/stm32cubeide_1.6.1/plugins/com.st.stm32cube.ide.mcu.externaltools.gnu-tools-for-stm32.9-2020-q2-update.linux64_1.5.0.202011040924/tools/bin/../lib/gcc/arm-none-eabi/9.3.1/../../../../arm-none-eabi/lib/thumb/v7e-m+fp/hard/libnosys.a
END GROUP
START GROUP
LOAD /opt/st/stm32cubeide_1.6.1/plugins/com.st.stm32cube.ide.mcu.externaltools.gnu-tools-for-stm32.9-2020-q2-update.linux64_1.5.0.202011040924/tools/bin/../lib/gcc/arm-none-eabi/9.3.1/thumb/v7e-m+fp/hard/libgcc.a
LOAD /opt/st/stm32cubeide_1.6.1/plugins/com.st.stm32cube.ide.mcu.externaltools.gnu-tools-for-stm32.9-2020-q2-update.linux64_1.5.0.202011040924/tools/bin/../lib/gcc/arm-none-eabi/9.3.1/../../../../arm-none-eabi/lib/thumb/v7e-m+fp/hard/libc_nano.a
LOAD /opt/st/stm32cubeide_1.6.1/plugins/com.st.stm32cube.ide.mcu.externaltools.gnu-tools-for-stm32.9-2020-q2-update.linux64_1.5.0.202011040924/tools/bin/../lib/gcc/arm-none-eabi/9.3.1/../../../../arm-none-eabi/lib/thumb/v7e-m+fp/hard/libnosys.a
END GROUP
LOAD /opt/st/stm32cubeide_1.6.1/plugins/com.st.stm32cube.ide.mcu.externaltools.gnu-tools-for-stm32.9-2020-q2-update.linux64_1.5.0.202011040924/tools/bin/../lib/gcc/arm-none-eabi/9.3.1/thumb/v7e-m+fp/hard/crtend.o
LOAD /opt/st/stm32cubeide_1.6.1/plugins/com.st.stm32cube.ide.mcu.externaltools.gnu-tools-for-stm32.9-2020-q2-update.linux64_1.5.0.202011040924/tools/bin/../lib/gcc/arm-none-eabi/9.3.1/thumb/v7e-m+fp/hard/crtn.o
                0x0000000020018000                _estack = (ORIGIN (RAM) + LENGTH (RAM))
                0x0000000000000200                _Min_Heap_Size = 0x200
                0x0000000000000400                _Min_Stack_Size = 0x400

.isr_vector     0x0000000008000000      0x194
                0x0000000008000000                . = ALIGN (0x4)
 *(.isr_vector)
 .isr_vector    0x0000000008000000      0x194 Core/Startup/startup_stm32f401retx.o
                0x0000000008000000                g_pfnVectors
                0x0000000008000194                . = ALIGN (0x4)

.text           0x0000000008000194     0x5114
                0x0000000008000194                . = ALIGN (0x4)
 *(.text)
 .text          0x0000000008000194       0x40 /opt/st/stm32cubeide_1.6.1/plugins/com.st.stm32cube.ide.mcu.externaltools.gnu-tools-for-stm32.9-2020-q2-update.linux64_1.5.0.202011040924/tools/bin/../lib/gcc/arm-none-eabi/9.3.1/thumb/v7e-m+fp/hard/crtbegin.o
 .text          0x00000000080001d4       0x30 /opt/st/stm32cubeide_1.6.1/plugins/com.st.stm32cube.ide.mcu.externaltools.gnu-tools-for-stm32.9-2020-q2-update.linux64_1.5.0.202011040924/tools/bin/../lib/gcc/arm-none-eabi/9.3.1/thumb/v7e-m+fp/hard/libgcc.a(_aeabi_uldivmod.o)
                0x00000000080001d4                __aeabi_uldivmod
 .text          0x0000000008000204      0x2c4 /opt/st/stm32cubeide_1.6.1/plugins/com.st.stm32cube.ide.mcu.externaltools.gnu-tools-for-stm32.9-2020-q2-update.linux64_1.5.0.202011040924/tools/bin/../lib/gcc/arm-none-eabi/9.3.1/thumb/v7e-m+fp/hard/libgcc.a(_udivmoddi4.o)
                0x0000000008000204                __udivmoddi4
 .text          0x00000000080004c8        0x4 /opt/st/stm32cubeide_1.6.1/plugins/com.st.stm32cube.ide.mcu.externaltools.gnu-tools-for-stm32.9-2020-q2-update.linux64_1.5.0.202011040924/tools/bin/../lib/gcc/arm-none-eabi/9.3.1/thumb/v7e-m+fp/hard/libgcc.a(_dvmd_tls.o)
                0x00000000080004c8                __aeabi_ldiv0
                0x00000000080004c8                __aeabi_idiv0
 *(.text*)
 .text._ZN22DualVNH5019MotorShieldC2Ev
                0x00000000080004cc       0x94 Core/Src/DualVNH5019MotorShield/DualVNH5019MotorShield.o
                0x00000000080004cc                DualVNH5019MotorShield::DualVNH5019MotorShield()
                0x00000000080004cc                DualVNH5019MotorShield::DualVNH5019MotorShield()
 .text._ZN22DualVNH5019MotorShield10setM1SpeedEi
                0x0000000008000560       0xd2 Core/Src/DualVNH5019MotorShield/DualVNH5019MotorShield.o
                0x0000000008000560                DualVNH5019MotorShield::setM1Speed(int)
 .text._ZN22DualVNH5019MotorShield10setM2SpeedEi
                0x0000000008000632       0xd2 Core/Src/DualVNH5019MotorShield/DualVNH5019MotorShield.o
                0x0000000008000632                DualVNH5019MotorShield::setM2Speed(int)
 .text._ZN22DualVNH5019MotorShield21getM1CurrentMilliampsEv
                0x0000000008000704       0x3a Core/Src/DualVNH5019MotorShield/DualVNH5019MotorShield.o
                0x0000000008000704                DualVNH5019MotorShield::getM1CurrentMilliamps()
 .text._ZN22DualVNH5019MotorShield21getM2CurrentMilliampsEv
                0x000000000800073e       0x3a Core/Src/DualVNH5019MotorShield/DualVNH5019MotorShield.o
                0x000000000800073e                DualVNH5019MotorShield::getM2CurrentMilliamps()
 .text.startSPI
                0x0000000008000778       0x18 Core/Src/canlib/mcp2515.o
                0x0000000008000778                startSPI
 .text.endSPI   0x0000000008000790       0x18 Core/Src/canlib/mcp2515.o
                0x0000000008000790                endSPI
 .text.SPI_transfer
                0x00000000080007a8       0x2c Core/Src/canlib/mcp2515.o
                0x00000000080007a8                SPI_transfer
 .text.setRegister
                0x00000000080007d4       0x36 Core/Src/canlib/mcp2515.o
                0x00000000080007d4                setRegister
 .text.setRegisters
                0x000000000800080a       0x50 Core/Src/canlib/mcp2515.o
                0x000000000800080a                setRegisters
 .text.modifyRegister
                0x000000000800085a       0x40 Core/Src/canlib/mcp2515.o
                0x000000000800085a                modifyRegister
 .text.readRegister
                0x000000000800089a       0x34 Core/Src/canlib/mcp2515.o
                0x000000000800089a                readRegister
 .text.setMode  0x00000000080008ce       0x72 Core/Src/canlib/mcp2515.o
                0x00000000080008ce                setMode
 .text.setConfigMode
                0x0000000008000940       0x10 Core/Src/canlib/mcp2515.o
                0x0000000008000940                setConfigMode
 .text.prepareId
                0x0000000008000950       0xee Core/Src/canlib/mcp2515.o
                0x0000000008000950                prepareId
 .text.MCP_setFilterMask
                0x0000000008000a3e       0x64 Core/Src/canlib/mcp2515.o
                0x0000000008000a3e                MCP_setFilterMask
 *fill*         0x0000000008000aa2        0x2 
 .text.MCP_setFilter
                0x0000000008000aa4       0x98 Core/Src/canlib/mcp2515.o
                0x0000000008000aa4                MCP_setFilter
 .text.MCP_reset
                0x0000000008000b3c      0x13c Core/Src/canlib/mcp2515.o
                0x0000000008000b3c                MCP_reset
 .text.MCP_setNormalMode
                0x0000000008000c78       0x10 Core/Src/canlib/mcp2515.o
                0x0000000008000c78                MCP_setNormalMode
 .text.MCP_setBitrateClock
                0x0000000008000c88      0x394 Core/Src/canlib/mcp2515.o
                0x0000000008000c88                MCP_setBitrateClock
 .text.main     0x000000000800101c       0x40 Core/Src/main.o
                0x000000000800101c                main
 .text.SystemClock_Config
                0x000000000800105c       0xd8 Core/Src/main.o
                0x000000000800105c                SystemClock_Config
 .text.MX_ADC1_Init
                0x0000000008001134       0xa8 Core/Src/main.o
 .text.MX_SPI2_Init
                0x00000000080011dc       0x6c Core/Src/main.o
 .text.MX_TIM3_Init
                0x0000000008001248       0xb4 Core/Src/main.o
 .text.MX_TIM4_Init
                0x00000000080012fc       0xb4 Core/Src/main.o
 .text.MX_USART2_UART_Init
                0x00000000080013b0       0x54 Core/Src/main.o
 .text.MX_GPIO_Init
                0x0000000008001404      0x1b8 Core/Src/main.o
 .text.get_adc  0x00000000080015bc       0x24 Core/Src/main.o
                0x00000000080015bc                get_adc
 .text.set_pwm_m1
                0x00000000080015e0       0x44 Core/Src/main.o
                0x00000000080015e0                set_pwm_m1
 .text.set_pwm_m2
                0x0000000008001624       0x44 Core/Src/main.o
                0x0000000008001624                set_pwm_m2
 .text.Error_Handler
                0x0000000008001668        0xa Core/Src/main.o
                0x0000000008001668                Error_Handler
 *fill*         0x0000000008001672        0x2 
 .text.set_m1_speed
                0x0000000008001674       0x20 Core/Src/project.o
                0x0000000008001674                set_m1_speed
 .text.set_m2_speed
                0x0000000008001694       0x20 Core/Src/project.o
                0x0000000008001694                set_m2_speed
 .text.get_m1_current
                0x00000000080016b4       0x14 Core/Src/project.o
                0x00000000080016b4                get_m1_current
 .text.get_m2_current
                0x00000000080016c8       0x14 Core/Src/project.o
                0x00000000080016c8                get_m2_current
 .text._ZN5MotorC2Ev
                0x00000000080016dc       0x9c Core/Src/project.o
                0x00000000080016dc                Motor::Motor()
                0x00000000080016dc                Motor::Motor()
 .text.get_motor
                0x0000000008001778       0x6c Core/Src/project.o
                0x0000000008001778                get_motor
 .text._ZN5._118C2Ev
                0x00000000080017e4       0x48 Core/Src/project.o
 .text.encoder1_ISR
                0x000000000800182c       0x40 Core/Src/project.o
                0x000000000800182c                encoder1_ISR
 .text.encoder2_ISR
                0x000000000800186c       0x40 Core/Src/project.o
                0x000000000800186c                encoder2_ISR
 .text.user_init
                0x00000000080018ac       0xb8 Core/Src/project.o
                0x00000000080018ac                user_init
 .text.user_while
                0x0000000008001964       0x10 Core/Src/project.o
                0x0000000008001964                user_while
 .text._Z41__static_initialization_and_destruction_0ii
                0x0000000008001974       0x54 Core/Src/project.o
 .text._GLOBAL__sub_I_motor_shield
                0x00000000080019c8       0x10 Core/Src/project.o
 .text.HAL_MspInit
                0x00000000080019d8       0x50 Core/Src/stm32f4xx_hal_msp.o
                0x00000000080019d8                HAL_MspInit
 .text.HAL_ADC_MspInit
                0x0000000008001a28       0x88 Core/Src/stm32f4xx_hal_msp.o
                0x0000000008001a28                HAL_ADC_MspInit
 .text.HAL_SPI_MspInit
                0x0000000008001ab0       0x90 Core/Src/stm32f4xx_hal_msp.o
                0x0000000008001ab0                HAL_SPI_MspInit
 .text.HAL_TIM_PWM_MspInit
                0x0000000008001b40       0x70 Core/Src/stm32f4xx_hal_msp.o
                0x0000000008001b40                HAL_TIM_PWM_MspInit
 .text.HAL_TIM_MspPostInit
                0x0000000008001bb0       0xc4 Core/Src/stm32f4xx_hal_msp.o
                0x0000000008001bb0                HAL_TIM_MspPostInit
 .text.HAL_UART_MspInit
                0x0000000008001c74       0xa0 Core/Src/stm32f4xx_hal_msp.o
                0x0000000008001c74                HAL_UART_MspInit
 .text.NMI_Handler
                0x0000000008001d14        0x6 Core/Src/stm32f4xx_it.o
                0x0000000008001d14                NMI_Handler
 .text.HardFault_Handler
                0x0000000008001d1a        0x6 Core/Src/stm32f4xx_it.o
                0x0000000008001d1a                HardFault_Handler
 .text.MemManage_Handler
                0x0000000008001d20        0x6 Core/Src/stm32f4xx_it.o
                0x0000000008001d20                MemManage_Handler
 .text.BusFault_Handler
                0x0000000008001d26        0x6 Core/Src/stm32f4xx_it.o
                0x0000000008001d26                BusFault_Handler
 .text.UsageFault_Handler
                0x0000000008001d2c        0x6 Core/Src/stm32f4xx_it.o
                0x0000000008001d2c                UsageFault_Handler
 .text.SVC_Handler
                0x0000000008001d32        0xe Core/Src/stm32f4xx_it.o
                0x0000000008001d32                SVC_Handler
 .text.DebugMon_Handler
                0x0000000008001d40        0xe Core/Src/stm32f4xx_it.o
                0x0000000008001d40                DebugMon_Handler
 .text.PendSV_Handler
                0x0000000008001d4e        0xe Core/Src/stm32f4xx_it.o
                0x0000000008001d4e                PendSV_Handler
 .text.SysTick_Handler
                0x0000000008001d5c        0xc Core/Src/stm32f4xx_it.o
                0x0000000008001d5c                SysTick_Handler
 .text.EXTI1_IRQHandler
                0x0000000008001d68       0x12 Core/Src/stm32f4xx_it.o
                0x0000000008001d68                EXTI1_IRQHandler
 .text.EXTI3_IRQHandler
                0x0000000008001d7a       0x12 Core/Src/stm32f4xx_it.o
                0x0000000008001d7a                EXTI3_IRQHandler
 .text.USART2_IRQHandler
                0x0000000008001d8c       0x14 Core/Src/stm32f4xx_it.o
                0x0000000008001d8c                USART2_IRQHandler
 .text.SystemInit
                0x0000000008001da0       0x24 Core/Src/system_stm32f4xx.o
                0x0000000008001da0                SystemInit
 .text.Reset_Handler
                0x0000000008001dc4       0x50 Core/Startup/startup_stm32f401retx.o
                0x0000000008001dc4                Reset_Handler
 .text.Default_Handler
                0x0000000008001e14        0x2 Core/Startup/startup_stm32f401retx.o
                0x0000000008001e14                RTC_Alarm_IRQHandler
                0x0000000008001e14                EXTI2_IRQHandler
                0x0000000008001e14                SPI4_IRQHandler
                0x0000000008001e14                TIM1_CC_IRQHandler
                0x0000000008001e14                DMA2_Stream5_IRQHandler
                0x0000000008001e14                DMA1_Stream5_IRQHandler
                0x0000000008001e14                PVD_IRQHandler
                0x0000000008001e14                SDIO_IRQHandler
                0x0000000008001e14                TAMP_STAMP_IRQHandler
                0x0000000008001e14                TIM1_UP_TIM10_IRQHandler
                0x0000000008001e14                I2C3_ER_IRQHandler
                0x0000000008001e14                EXTI0_IRQHandler
                0x0000000008001e14                I2C2_EV_IRQHandler
                0x0000000008001e14                DMA1_Stream2_IRQHandler
                0x0000000008001e14                FPU_IRQHandler
                0x0000000008001e14                DMA2_Stream2_IRQHandler
                0x0000000008001e14                SPI1_IRQHandler
                0x0000000008001e14                TIM1_BRK_TIM9_IRQHandler
                0x0000000008001e14                DMA2_Stream3_IRQHandler
                0x0000000008001e14                USART6_IRQHandler
                0x0000000008001e14                DMA2_Stream0_IRQHandler
                0x0000000008001e14                TIM4_IRQHandler
                0x0000000008001e14                I2C1_EV_IRQHandler
                0x0000000008001e14                DMA1_Stream6_IRQHandler
                0x0000000008001e14                DMA1_Stream1_IRQHandler
                0x0000000008001e14                TIM3_IRQHandler
                0x0000000008001e14                RCC_IRQHandler
                0x0000000008001e14                Default_Handler
                0x0000000008001e14                EXTI15_10_IRQHandler
                0x0000000008001e14                ADC_IRQHandler
                0x0000000008001e14                DMA1_Stream7_IRQHandler
                0x0000000008001e14                TIM5_IRQHandler
                0x0000000008001e14                DMA2_Stream7_IRQHandler
                0x0000000008001e14                I2C3_EV_IRQHandler
                0x0000000008001e14                EXTI9_5_IRQHandler
                0x0000000008001e14                RTC_WKUP_IRQHandler
                0x0000000008001e14                SPI2_IRQHandler
                0x0000000008001e14                DMA1_Stream0_IRQHandler
                0x0000000008001e14                EXTI4_IRQHandler
                0x0000000008001e14                WWDG_IRQHandler
                0x0000000008001e14                TIM2_IRQHandler
                0x0000000008001e14                OTG_FS_WKUP_IRQHandler
                0x0000000008001e14                TIM1_TRG_COM_TIM11_IRQHandler
                0x0000000008001e14                I2C2_ER_IRQHandler
                0x0000000008001e14                DMA2_Stream1_IRQHandler
                0x0000000008001e14                FLASH_IRQHandler
                0x0000000008001e14                DMA2_Stream4_IRQHandler
                0x0000000008001e14                USART1_IRQHandler
                0x0000000008001e14                OTG_FS_IRQHandler
                0x0000000008001e14                SPI3_IRQHandler
                0x0000000008001e14                DMA1_Stream4_IRQHandler
                0x0000000008001e14                I2C1_ER_IRQHandler
                0x0000000008001e14                DMA2_Stream6_IRQHandler
                0x0000000008001e14                DMA1_Stream3_IRQHandler
 *fill*         0x0000000008001e16        0x2 
 .text.HAL_Init
                0x0000000008001e18       0x44 Drivers/STM32F4xx_HAL_Driver/Src/stm32f4xx_hal.o
                0x0000000008001e18                HAL_Init
 .text.HAL_InitTick
                0x0000000008001e5c       0x60 Drivers/STM32F4xx_HAL_Driver/Src/stm32f4xx_hal.o
                0x0000000008001e5c                HAL_InitTick
 .text.HAL_IncTick
                0x0000000008001ebc       0x28 Drivers/STM32F4xx_HAL_Driver/Src/stm32f4xx_hal.o
                0x0000000008001ebc                HAL_IncTick
 .text.HAL_GetTick
                0x0000000008001ee4       0x18 Drivers/STM32F4xx_HAL_Driver/Src/stm32f4xx_hal.o
                0x0000000008001ee4                HAL_GetTick
 .text.HAL_Delay
                0x0000000008001efc       0x48 Drivers/STM32F4xx_HAL_Driver/Src/stm32f4xx_hal.o
                0x0000000008001efc                HAL_Delay
 .text.HAL_ADC_Init
                0x0000000008001f44       0x86 Drivers/STM32F4xx_HAL_Driver/Src/stm32f4xx_hal_adc.o
                0x0000000008001f44                HAL_ADC_Init
 *fill*         0x0000000008001fca        0x2 
 .text.HAL_ADC_Start
                0x0000000008001fcc      0x168 Drivers/STM32F4xx_HAL_Driver/Src/stm32f4xx_hal_adc.o
                0x0000000008001fcc                HAL_ADC_Start
 .text.HAL_ADC_PollForConversion
                0x0000000008002134      0x116 Drivers/STM32F4xx_HAL_Driver/Src/stm32f4xx_hal_adc.o
                0x0000000008002134                HAL_ADC_PollForConversion
 .text.HAL_ADC_GetValue
                0x000000000800224a       0x1a Drivers/STM32F4xx_HAL_Driver/Src/stm32f4xx_hal_adc.o
                0x000000000800224a                HAL_ADC_GetValue
 .text.HAL_ADC_ConfigChannel
                0x0000000008002264      0x244 Drivers/STM32F4xx_HAL_Driver/Src/stm32f4xx_hal_adc.o
                0x0000000008002264                HAL_ADC_ConfigChannel
 .text.ADC_Init
                0x00000000080024a8      0x1f8 Drivers/STM32F4xx_HAL_Driver/Src/stm32f4xx_hal_adc.o
 .text.__NVIC_SetPriorityGrouping
                0x00000000080026a0       0x48 Drivers/STM32F4xx_HAL_Driver/Src/stm32f4xx_hal_cortex.o
 .text.__NVIC_GetPriorityGrouping
                0x00000000080026e8       0x1c Drivers/STM32F4xx_HAL_Driver/Src/stm32f4xx_hal_cortex.o
 .text.__NVIC_EnableIRQ
                0x0000000008002704       0x3c Drivers/STM32F4xx_HAL_Driver/Src/stm32f4xx_hal_cortex.o
 .text.__NVIC_SetPriority
                0x0000000008002740       0x54 Drivers/STM32F4xx_HAL_Driver/Src/stm32f4xx_hal_cortex.o
 .text.NVIC_EncodePriority
                0x0000000008002794       0x66 Drivers/STM32F4xx_HAL_Driver/Src/stm32f4xx_hal_cortex.o
 *fill*         0x00000000080027fa        0x2 
 .text.SysTick_Config
                0x00000000080027fc       0x44 Drivers/STM32F4xx_HAL_Driver/Src/stm32f4xx_hal_cortex.o
 .text.HAL_NVIC_SetPriorityGrouping
                0x0000000008002840       0x16 Drivers/STM32F4xx_HAL_Driver/Src/stm32f4xx_hal_cortex.o
                0x0000000008002840                HAL_NVIC_SetPriorityGrouping
 .text.HAL_NVIC_SetPriority
                0x0000000008002856       0x38 Drivers/STM32F4xx_HAL_Driver/Src/stm32f4xx_hal_cortex.o
                0x0000000008002856                HAL_NVIC_SetPriority
 .text.HAL_NVIC_EnableIRQ
                0x000000000800288e       0x1c Drivers/STM32F4xx_HAL_Driver/Src/stm32f4xx_hal_cortex.o
                0x000000000800288e                HAL_NVIC_EnableIRQ
 .text.HAL_SYSTICK_Config
                0x00000000080028aa       0x18 Drivers/STM32F4xx_HAL_Driver/Src/stm32f4xx_hal_cortex.o
                0x00000000080028aa                HAL_SYSTICK_Config
 .text.HAL_DMA_Abort
                0x00000000080028c2       0xe0 Drivers/STM32F4xx_HAL_Driver/Src/stm32f4xx_hal_dma.o
                0x00000000080028c2                HAL_DMA_Abort
 .text.HAL_DMA_Abort_IT
                0x00000000080029a2       0x44 Drivers/STM32F4xx_HAL_Driver/Src/stm32f4xx_hal_dma.o
                0x00000000080029a2                HAL_DMA_Abort_IT
 *fill*         0x00000000080029e6        0x2 
 .text.HAL_GPIO_Init
                0x00000000080029e8      0x308 Drivers/STM32F4xx_HAL_Driver/Src/stm32f4xx_hal_gpio.o
                0x00000000080029e8                HAL_GPIO_Init
 .text.HAL_GPIO_ReadPin
                0x0000000008002cf0       0x30 Drivers/STM32F4xx_HAL_Driver/Src/stm32f4xx_hal_gpio.o
                0x0000000008002cf0                HAL_GPIO_ReadPin
 .text.HAL_GPIO_WritePin
                0x0000000008002d20       0x32 Drivers/STM32F4xx_HAL_Driver/Src/stm32f4xx_hal_gpio.o
                0x0000000008002d20                HAL_GPIO_WritePin
 *fill*         0x0000000008002d52        0x2 
 .text.HAL_GPIO_EXTI_IRQHandler
                0x0000000008002d54       0x30 Drivers/STM32F4xx_HAL_Driver/Src/stm32f4xx_hal_gpio.o
                0x0000000008002d54                HAL_GPIO_EXTI_IRQHandler
 .text.HAL_GPIO_EXTI_Callback
                0x0000000008002d84       0x16 Drivers/STM32F4xx_HAL_Driver/Src/stm32f4xx_hal_gpio.o
                0x0000000008002d84                HAL_GPIO_EXTI_Callback
 *fill*         0x0000000008002d9a        0x2 
 .text.HAL_RCC_OscConfig
                0x0000000008002d9c      0x4f0 Drivers/STM32F4xx_HAL_Driver/Src/stm32f4xx_hal_rcc.o
                0x0000000008002d9c                HAL_RCC_OscConfig
 .text.HAL_RCC_ClockConfig
                0x000000000800328c      0x1cc Drivers/STM32F4xx_HAL_Driver/Src/stm32f4xx_hal_rcc.o
                0x000000000800328c                HAL_RCC_ClockConfig
 .text.HAL_RCC_GetSysClockFreq
                0x0000000008003458      0x1c4 Drivers/STM32F4xx_HAL_Driver/Src/stm32f4xx_hal_rcc.o
                0x0000000008003458                HAL_RCC_GetSysClockFreq
 .text.HAL_RCC_GetHCLKFreq
                0x000000000800361c       0x18 Drivers/STM32F4xx_HAL_Driver/Src/stm32f4xx_hal_rcc.o
                0x000000000800361c                HAL_RCC_GetHCLKFreq
 .text.HAL_RCC_GetPCLK1Freq
                0x0000000008003634       0x28 Drivers/STM32F4xx_HAL_Driver/Src/stm32f4xx_hal_rcc.o
                0x0000000008003634                HAL_RCC_GetPCLK1Freq
 .text.HAL_RCC_GetPCLK2Freq
                0x000000000800365c       0x28 Drivers/STM32F4xx_HAL_Driver/Src/stm32f4xx_hal_rcc.o
                0x000000000800365c                HAL_RCC_GetPCLK2Freq
 .text.HAL_SPI_Init
                0x0000000008003684      0x112 Drivers/STM32F4xx_HAL_Driver/Src/stm32f4xx_hal_spi.o
                0x0000000008003684                HAL_SPI_Init
 .text.HAL_SPI_TransmitReceive
                0x0000000008003796      0x344 Drivers/STM32F4xx_HAL_Driver/Src/stm32f4xx_hal_spi.o
                0x0000000008003796                HAL_SPI_TransmitReceive
 *fill*         0x0000000008003ada        0x2 
 .text.SPI_WaitFlagStateUntilTimeout
                0x0000000008003adc      0x110 Drivers/STM32F4xx_HAL_Driver/Src/stm32f4xx_hal_spi.o
 .text.SPI_EndRxTxTransaction
                0x0000000008003bec       0x84 Drivers/STM32F4xx_HAL_Driver/Src/stm32f4xx_hal_spi.o
 .text.HAL_TIM_PWM_Init
                0x0000000008003c70       0x9e Drivers/STM32F4xx_HAL_Driver/Src/stm32f4xx_hal_tim.o
                0x0000000008003c70                HAL_TIM_PWM_Init
 *fill*         0x0000000008003d0e        0x2 
 .text.HAL_TIM_PWM_Start
                0x0000000008003d10      0x160 Drivers/STM32F4xx_HAL_Driver/Src/stm32f4xx_hal_tim.o
                0x0000000008003d10                HAL_TIM_PWM_Start
 .text.HAL_TIM_PWM_Stop
                0x0000000008003e70       0xc8 Drivers/STM32F4xx_HAL_Driver/Src/stm32f4xx_hal_tim.o
                0x0000000008003e70                HAL_TIM_PWM_Stop
 .text.HAL_TIM_PWM_ConfigChannel
                0x0000000008003f38      0x17c Drivers/STM32F4xx_HAL_Driver/Src/stm32f4xx_hal_tim.o
                0x0000000008003f38                HAL_TIM_PWM_ConfigChannel
 .text.TIM_Base_SetConfig
                0x00000000080040b4      0x100 Drivers/STM32F4xx_HAL_Driver/Src/stm32f4xx_hal_tim.o
                0x00000000080040b4                TIM_Base_SetConfig
 .text.TIM_OC1_SetConfig
                0x00000000080041b4       0xcc Drivers/STM32F4xx_HAL_Driver/Src/stm32f4xx_hal_tim.o
 .text.TIM_OC2_SetConfig
                0x0000000008004280       0xd8 Drivers/STM32F4xx_HAL_Driver/Src/stm32f4xx_hal_tim.o
                0x0000000008004280                TIM_OC2_SetConfig
 .text.TIM_OC3_SetConfig
                0x0000000008004358       0xd4 Drivers/STM32F4xx_HAL_Driver/Src/stm32f4xx_hal_tim.o
 .text.TIM_OC4_SetConfig
                0x000000000800442c       0xa0 Drivers/STM32F4xx_HAL_Driver/Src/stm32f4xx_hal_tim.o
 .text.TIM_CCxChannelCmd
                0x00000000080044cc       0x4a Drivers/STM32F4xx_HAL_Driver/Src/stm32f4xx_hal_tim.o
                0x00000000080044cc                TIM_CCxChannelCmd
 *fill*         0x0000000008004516        0x2 
 .text.HAL_TIMEx_MasterConfigSynchronization
                0x0000000008004518       0xdc Drivers/STM32F4xx_HAL_Driver/Src/stm32f4xx_hal_tim_ex.o
                0x0000000008004518                HAL_TIMEx_MasterConfigSynchronization
 .text.HAL_UART_Init
                0x00000000080045f4       0xb4 Drivers/STM32F4xx_HAL_Driver/Src/stm32f4xx_hal_uart.o
                0x00000000080045f4                HAL_UART_Init
 .text.HAL_UART_Receive_IT
                0x00000000080046a8       0x60 Drivers/STM32F4xx_HAL_Driver/Src/stm32f4xx_hal_uart.o
                0x00000000080046a8                HAL_UART_Receive_IT
 .text.HAL_UART_IRQHandler
                0x0000000008004708      0x360 Drivers/STM32F4xx_HAL_Driver/Src/stm32f4xx_hal_uart.o
                0x0000000008004708                HAL_UART_IRQHandler
 .text.HAL_UART_TxCpltCallback
                0x0000000008004a68       0x14 Drivers/STM32F4xx_HAL_Driver/Src/stm32f4xx_hal_uart.o
                0x0000000008004a68                HAL_UART_TxCpltCallback
 .text.HAL_UART_TxHalfCpltCallback
                0x0000000008004a7c       0x14 Drivers/STM32F4xx_HAL_Driver/Src/stm32f4xx_hal_uart.o
                0x0000000008004a7c                HAL_UART_TxHalfCpltCallback
 .text.HAL_UART_RxCpltCallback
                0x0000000008004a90       0x14 Drivers/STM32F4xx_HAL_Driver/Src/stm32f4xx_hal_uart.o
                0x0000000008004a90                HAL_UART_RxCpltCallback
 .text.HAL_UART_RxHalfCpltCallback
                0x0000000008004aa4       0x14 Drivers/STM32F4xx_HAL_Driver/Src/stm32f4xx_hal_uart.o
                0x0000000008004aa4                HAL_UART_RxHalfCpltCallback
 .text.HAL_UART_ErrorCallback
                0x0000000008004ab8       0x14 Drivers/STM32F4xx_HAL_Driver/Src/stm32f4xx_hal_uart.o
                0x0000000008004ab8                HAL_UART_ErrorCallback
 .text.HAL_UART_AbortCpltCallback
                0x0000000008004acc       0x14 Drivers/STM32F4xx_HAL_Driver/Src/stm32f4xx_hal_uart.o
                0x0000000008004acc                HAL_UART_AbortCpltCallback
 .text.HAL_UART_AbortTransmitCpltCallback
                0x0000000008004ae0       0x14 Drivers/STM32F4xx_HAL_Driver/Src/stm32f4xx_hal_uart.o
                0x0000000008004ae0                HAL_UART_AbortTransmitCpltCallback
 .text.HAL_UART_AbortReceiveCpltCallback
                0x0000000008004af4       0x14 Drivers/STM32F4xx_HAL_Driver/Src/stm32f4xx_hal_uart.o
                0x0000000008004af4                HAL_UART_AbortReceiveCpltCallback
 .text.HAL_UARTEx_RxEventCallback
                0x0000000008004b08       0x18 Drivers/STM32F4xx_HAL_Driver/Src/stm32f4xx_hal_uart.o
                0x0000000008004b08                HAL_UARTEx_RxEventCallback
 .text.UART_InitCallbacksToDefault
                0x0000000008004b20       0x70 Drivers/STM32F4xx_HAL_Driver/Src/stm32f4xx_hal_uart.o
                0x0000000008004b20                UART_InitCallbacksToDefault
 .text.UART_Start_Receive_IT
                0x0000000008004b90       0x74 Drivers/STM32F4xx_HAL_Driver/Src/stm32f4xx_hal_uart.o
                0x0000000008004b90                UART_Start_Receive_IT
 .text.UART_EndRxTransfer
                0x0000000008004c04       0x5a Drivers/STM32F4xx_HAL_Driver/Src/stm32f4xx_hal_uart.o
 .text.UART_DMAAbortOnError
                0x0000000008004c5e       0x2a Drivers/STM32F4xx_HAL_Driver/Src/stm32f4xx_hal_uart.o
 .text.UART_Transmit_IT
                0x0000000008004c88       0xa0 Drivers/STM32F4xx_HAL_Driver/Src/stm32f4xx_hal_uart.o
 .text.UART_EndTransmit_IT
                0x0000000008004d28       0x32 Drivers/STM32F4xx_HAL_Driver/Src/stm32f4xx_hal_uart.o
 .text.UART_Receive_IT
                0x0000000008004d5a      0x132 Drivers/STM32F4xx_HAL_Driver/Src/stm32f4xx_hal_uart.o
 .text.UART_SetConfig
                0x0000000008004e8c      0x390 Drivers/STM32F4xx_HAL_Driver/Src/stm32f4xx_hal_uart.o
 .text.__libc_init_array
                0x000000000800521c       0x48 /opt/st/stm32cubeide_1.6.1/plugins/com.st.stm32cube.ide.mcu.externaltools.gnu-tools-for-stm32.9-2020-q2-update.linux64_1.5.0.202011040924/tools/bin/../lib/gcc/arm-none-eabi/9.3.1/../../../../arm-none-eabi/lib/thumb/v7e-m+fp/hard/libc_nano.a(lib_a-init.o)
                0x000000000800521c                __libc_init_array
 .text.memcpy   0x0000000008005264       0x1c /opt/st/stm32cubeide_1.6.1/plugins/com.st.stm32cube.ide.mcu.externaltools.gnu-tools-for-stm32.9-2020-q2-update.linux64_1.5.0.202011040924/tools/bin/../lib/gcc/arm-none-eabi/9.3.1/../../../../arm-none-eabi/lib/thumb/v7e-m+fp/hard/libc_nano.a(lib_a-memcpy-stub.o)
                0x0000000008005264                memcpy
 .text.memset   0x0000000008005280       0x10 /opt/st/stm32cubeide_1.6.1/plugins/com.st.stm32cube.ide.mcu.externaltools.gnu-tools-for-stm32.9-2020-q2-update.linux64_1.5.0.202011040924/tools/bin/../lib/gcc/arm-none-eabi/9.3.1/../../../../arm-none-eabi/lib/thumb/v7e-m+fp/hard/libc_nano.a(lib_a-memset.o)
                0x0000000008005280                memset
 *(.glue_7)
 .glue_7        0x0000000008005290        0x0 linker stubs
 *(.glue_7t)
 .glue_7t       0x0000000008005290        0x0 linker stubs
 *(.eh_frame)
 .eh_frame      0x0000000008005290        0x0 /opt/st/stm32cubeide_1.6.1/plugins/com.st.stm32cube.ide.mcu.externaltools.gnu-tools-for-stm32.9-2020-q2-update.linux64_1.5.0.202011040924/tools/bin/../lib/gcc/arm-none-eabi/9.3.1/thumb/v7e-m+fp/hard/crtbegin.o
 *(.init)
 .init          0x0000000008005290        0x4 /opt/st/stm32cubeide_1.6.1/plugins/com.st.stm32cube.ide.mcu.externaltools.gnu-tools-for-stm32.9-2020-q2-update.linux64_1.5.0.202011040924/tools/bin/../lib/gcc/arm-none-eabi/9.3.1/thumb/v7e-m+fp/hard/crti.o
                0x0000000008005290                _init
 .init          0x0000000008005294        0x8 /opt/st/stm32cubeide_1.6.1/plugins/com.st.stm32cube.ide.mcu.externaltools.gnu-tools-for-stm32.9-2020-q2-update.linux64_1.5.0.202011040924/tools/bin/../lib/gcc/arm-none-eabi/9.3.1/thumb/v7e-m+fp/hard/crtn.o
 *(.fini)
 .fini          0x000000000800529c        0x4 /opt/st/stm32cubeide_1.6.1/plugins/com.st.stm32cube.ide.mcu.externaltools.gnu-tools-for-stm32.9-2020-q2-update.linux64_1.5.0.202011040924/tools/bin/../lib/gcc/arm-none-eabi/9.3.1/thumb/v7e-m+fp/hard/crti.o
                0x000000000800529c                _fini
 .fini          0x00000000080052a0        0x8 /opt/st/stm32cubeide_1.6.1/plugins/com.st.stm32cube.ide.mcu.externaltools.gnu-tools-for-stm32.9-2020-q2-update.linux64_1.5.0.202011040924/tools/bin/../lib/gcc/arm-none-eabi/9.3.1/thumb/v7e-m+fp/hard/crtn.o
                0x00000000080052a8                . = ALIGN (0x4)
                0x00000000080052a8                _etext = .

.vfp11_veneer   0x00000000080052a8        0x0
 .vfp11_veneer  0x00000000080052a8        0x0 linker stubs

.v4_bx          0x00000000080052a8        0x0
 .v4_bx         0x00000000080052a8        0x0 linker stubs

.iplt           0x00000000080052a8        0x0
 .iplt          0x00000000080052a8        0x0 /opt/st/stm32cubeide_1.6.1/plugins/com.st.stm32cube.ide.mcu.externaltools.gnu-tools-for-stm32.9-2020-q2-update.linux64_1.5.0.202011040924/tools/bin/../lib/gcc/arm-none-eabi/9.3.1/thumb/v7e-m+fp/hard/crtbegin.o

.rodata         0x00000000080052a8      0x108
                0x00000000080052a8                . = ALIGN (0x4)
 *(.rodata)
 .rodata        0x00000000080052a8        0x6 Core/Src/canlib/mcp2515.o
 *fill*         0x00000000080052ae        0x2 
 .rodata        0x00000000080052b0       0xe5 Core/Src/project.o
 *(.rodata*)
 *fill*         0x0000000008005395        0x3 
 .rodata.AHBPrescTable
                0x0000000008005398       0x10 Core/Src/system_stm32f4xx.o
                0x0000000008005398                AHBPrescTable
 .rodata.APBPrescTable
                0x00000000080053a8        0x8 Core/Src/system_stm32f4xx.o
                0x00000000080053a8                APBPrescTable
                0x00000000080053b0                . = ALIGN (0x4)

.ARM.extab      0x00000000080053b0        0x0
                0x00000000080053b0                . = ALIGN (0x4)
 *(.ARM.extab* .gnu.linkonce.armextab.*)
                0x00000000080053b0                . = ALIGN (0x4)

.ARM            0x00000000080053b0        0x8
                0x00000000080053b0                . = ALIGN (0x4)
                0x00000000080053b0                __exidx_start = .
 *(.ARM.exidx*)
 .ARM.exidx     0x00000000080053b0        0x8 /opt/st/stm32cubeide_1.6.1/plugins/com.st.stm32cube.ide.mcu.externaltools.gnu-tools-for-stm32.9-2020-q2-update.linux64_1.5.0.202011040924/tools/bin/../lib/gcc/arm-none-eabi/9.3.1/thumb/v7e-m+fp/hard/libgcc.a(_udivmoddi4.o)
                0x00000000080053b8                __exidx_end = .
                0x00000000080053b8                . = ALIGN (0x4)

.rel.dyn        0x00000000080053b8        0x0
 .rel.iplt      0x00000000080053b8        0x0 /opt/st/stm32cubeide_1.6.1/plugins/com.st.stm32cube.ide.mcu.externaltools.gnu-tools-for-stm32.9-2020-q2-update.linux64_1.5.0.202011040924/tools/bin/../lib/gcc/arm-none-eabi/9.3.1/thumb/v7e-m+fp/hard/crtbegin.o

.preinit_array  0x00000000080053b8        0x0
                0x00000000080053b8                . = ALIGN (0x4)
                0x00000000080053b8                PROVIDE (__preinit_array_start = .)
 *(.preinit_array*)
                0x00000000080053b8                PROVIDE (__preinit_array_end = .)
                0x00000000080053b8                . = ALIGN (0x4)

.init_array     0x00000000080053b8        0x8
                0x00000000080053b8                . = ALIGN (0x4)
                0x00000000080053b8                PROVIDE (__init_array_start = .)
 *(SORT_BY_NAME(.init_array.*))
 *(.init_array*)
 .init_array    0x00000000080053b8        0x4 /opt/st/stm32cubeide_1.6.1/plugins/com.st.stm32cube.ide.mcu.externaltools.gnu-tools-for-stm32.9-2020-q2-update.linux64_1.5.0.202011040924/tools/bin/../lib/gcc/arm-none-eabi/9.3.1/thumb/v7e-m+fp/hard/crtbegin.o
 .init_array    0x00000000080053bc        0x4 Core/Src/project.o
                0x00000000080053c0                PROVIDE (__init_array_end = .)
                0x00000000080053c0                . = ALIGN (0x4)

.fini_array     0x00000000080053c0        0x4
                0x00000000080053c0                . = ALIGN (0x4)
                [!provide]                        PROVIDE (__fini_array_start = .)
 *(SORT_BY_NAME(.fini_array.*))
 *(.fini_array*)
 .fini_array    0x00000000080053c0        0x4 /opt/st/stm32cubeide_1.6.1/plugins/com.st.stm32cube.ide.mcu.externaltools.gnu-tools-for-stm32.9-2020-q2-update.linux64_1.5.0.202011040924/tools/bin/../lib/gcc/arm-none-eabi/9.3.1/thumb/v7e-m+fp/hard/crtbegin.o
                [!provide]                        PROVIDE (__fini_array_end = .)
                0x00000000080053c4                . = ALIGN (0x4)
                0x00000000080053c4                _sidata = LOADADDR (.data)

.data           0x0000000020000000        0xc load address 0x00000000080053c4
                0x0000000020000000                . = ALIGN (0x4)
                0x0000000020000000                _sdata = .
 *(.data)
 *(.data*)
 .data.SystemCoreClock
                0x0000000020000000        0x4 Core/Src/system_stm32f4xx.o
                0x0000000020000000                SystemCoreClock
 .data.uwTickPrio
                0x0000000020000004        0x4 Drivers/STM32F4xx_HAL_Driver/Src/stm32f4xx_hal.o
                0x0000000020000004                uwTickPrio
 .data.uwTickFreq
                0x0000000020000008        0x1 Drivers/STM32F4xx_HAL_Driver/Src/stm32f4xx_hal.o
                0x0000000020000008                uwTickFreq
 *(.RamFunc)
 *(.RamFunc*)
                0x000000002000000c                . = ALIGN (0x4)
 *fill*         0x0000000020000009        0x3 
                0x000000002000000c                _edata = .

.igot.plt       0x000000002000000c        0x0 load address 0x00000000080053d0
 .igot.plt      0x000000002000000c        0x0 /opt/st/stm32cubeide_1.6.1/plugins/com.st.stm32cube.ide.mcu.externaltools.gnu-tools-for-stm32.9-2020-q2-update.linux64_1.5.0.202011040924/tools/bin/../lib/gcc/arm-none-eabi/9.3.1/thumb/v7e-m+fp/hard/crtbegin.o
                0x000000002000000c                . = ALIGN (0x4)

.bss            0x0000000020000010      0x3fc load address 0x00000000080053d0
                0x0000000020000010                _sbss = .
                0x0000000020000010                __bss_start__ = _sbss
 *(.bss)
 .bss           0x0000000020000010       0x1c /opt/st/stm32cubeide_1.6.1/plugins/com.st.stm32cube.ide.mcu.externaltools.gnu-tools-for-stm32.9-2020-q2-update.linux64_1.5.0.202011040924/tools/bin/../lib/gcc/arm-none-eabi/9.3.1/thumb/v7e-m+fp/hard/crtbegin.o
 *(.bss*)
 .bss.motor_shield
                0x000000002000002c       0x84 Core/Src/project.o
                0x000000002000002c                motor_shield
 .bss.uart2_rcv_buff
                0x00000000200000b0       0x20 Core/Src/project.o
                0x00000000200000b0                uart2_rcv_buff
 .bss.motor_1   0x00000000200000d0       0x54 Core/Src/project.o
                0x00000000200000d0                motor_1
 .bss.motor_2   0x0000000020000124       0x54 Core/Src/project.o
                0x0000000020000124                motor_2
 .bss.canMsg1   0x0000000020000178       0x10 Core/Src/project.o
                0x0000000020000178                canMsg1
 .bss.canMsg2   0x0000000020000188       0x10 Core/Src/project.o
                0x0000000020000188                canMsg2
 .bss.parser    0x0000000020000198       0xc9 Core/Src/project.o
 *(COMMON)
 *fill*         0x0000000020000261        0x3 
 COMMON         0x0000000020000264      0x1a4 Core/Src/main.o
                0x0000000020000264                hspi2
                0x00000000200002bc                htim4
                0x0000000020000304                htim3
                0x000000002000034c                hadc1
                0x0000000020000394                huart2
 COMMON         0x0000000020000408        0x4 Drivers/STM32F4xx_HAL_Driver/Src/stm32f4xx_hal.o
                0x0000000020000408                uwTick
                0x000000002000040c                . = ALIGN (0x4)
                0x000000002000040c                _ebss = .
                0x000000002000040c                __bss_end__ = _ebss

._user_heap_stack
                0x000000002000040c      0x604 load address 0x00000000080053d0
                0x0000000020000410                . = ALIGN (0x8)
 *fill*         0x000000002000040c        0x4 
                [!provide]                        PROVIDE (end = .)
                0x0000000020000410                PROVIDE (_end = .)
                0x0000000020000610                . = (. + _Min_Heap_Size)
 *fill*         0x0000000020000410      0x200 
                0x0000000020000a10                . = (. + _Min_Stack_Size)
 *fill*         0x0000000020000610      0x400 
                0x0000000020000a10                . = ALIGN (0x8)

/DISCARD/
 libc.a(*)
 libm.a(*)
 libgcc.a(*)

.ARM.attributes
                0x0000000000000000       0x30
 *(.ARM.attributes)
 .ARM.attributes
                0x0000000000000000       0x1e /opt/st/stm32cubeide_1.6.1/plugins/com.st.stm32cube.ide.mcu.externaltools.gnu-tools-for-stm32.9-2020-q2-update.linux64_1.5.0.202011040924/tools/bin/../lib/gcc/arm-none-eabi/9.3.1/thumb/v7e-m+fp/hard/crti.o
 .ARM.attributes
                0x000000000000001e       0x34 /opt/st/stm32cubeide_1.6.1/plugins/com.st.stm32cube.ide.mcu.externaltools.gnu-tools-for-stm32.9-2020-q2-update.linux64_1.5.0.202011040924/tools/bin/../lib/gcc/arm-none-eabi/9.3.1/thumb/v7e-m+fp/hard/crtbegin.o
 .ARM.attributes
                0x0000000000000052       0x34 Core/Src/DualVNH5019MotorShield/DualVNH5019MotorShield.o
 .ARM.attributes
                0x0000000000000086       0x34 Core/Src/canlib/mcp2515.o
 .ARM.attributes
                0x00000000000000ba       0x34 Core/Src/main.o
 .ARM.attributes
                0x00000000000000ee       0x34 Core/Src/project.o
 .ARM.attributes
                0x0000000000000122       0x34 Core/Src/stm32f4xx_hal_msp.o
 .ARM.attributes
                0x0000000000000156       0x34 Core/Src/stm32f4xx_it.o
 .ARM.attributes
                0x000000000000018a       0x34 Core/Src/system_stm32f4xx.o
 .ARM.attributes
                0x00000000000001be       0x21 Core/Startup/startup_stm32f401retx.o
 .ARM.attributes
                0x00000000000001df       0x34 Drivers/STM32F4xx_HAL_Driver/Src/stm32f4xx_hal.o
 .ARM.attributes
                0x0000000000000213       0x34 Drivers/STM32F4xx_HAL_Driver/Src/stm32f4xx_hal_adc.o
 .ARM.attributes
                0x0000000000000247       0x34 Drivers/STM32F4xx_HAL_Driver/Src/stm32f4xx_hal_cortex.o
 .ARM.attributes
                0x000000000000027b       0x34 Drivers/STM32F4xx_HAL_Driver/Src/stm32f4xx_hal_dma.o
 .ARM.attributes
                0x00000000000002af       0x34 Drivers/STM32F4xx_HAL_Driver/Src/stm32f4xx_hal_gpio.o
 .ARM.attributes
                0x00000000000002e3       0x34 Drivers/STM32F4xx_HAL_Driver/Src/stm32f4xx_hal_rcc.o
 .ARM.attributes
                0x0000000000000317       0x34 Drivers/STM32F4xx_HAL_Driver/Src/stm32f4xx_hal_spi.o
 .ARM.attributes
                0x000000000000034b       0x34 Drivers/STM32F4xx_HAL_Driver/Src/stm32f4xx_hal_tim.o
 .ARM.attributes
                0x000000000000037f       0x34 Drivers/STM32F4xx_HAL_Driver/Src/stm32f4xx_hal_tim_ex.o
 .ARM.attributes
                0x00000000000003b3       0x34 Drivers/STM32F4xx_HAL_Driver/Src/stm32f4xx_hal_uart.o
 .ARM.attributes
                0x00000000000003e7       0x34 /opt/st/stm32cubeide_1.6.1/plugins/com.st.stm32cube.ide.mcu.externaltools.gnu-tools-for-stm32.9-2020-q2-update.linux64_1.5.0.202011040924/tools/bin/../lib/gcc/arm-none-eabi/9.3.1/../../../../arm-none-eabi/lib/thumb/v7e-m+fp/hard/libc_nano.a(lib_a-init.o)
 .ARM.attributes
                0x000000000000041b       0x34 /opt/st/stm32cubeide_1.6.1/plugins/com.st.stm32cube.ide.mcu.externaltools.gnu-tools-for-stm32.9-2020-q2-update.linux64_1.5.0.202011040924/tools/bin/../lib/gcc/arm-none-eabi/9.3.1/../../../../arm-none-eabi/lib/thumb/v7e-m+fp/hard/libc_nano.a(lib_a-memcpy-stub.o)
 .ARM.attributes
                0x000000000000044f       0x34 /opt/st/stm32cubeide_1.6.1/plugins/com.st.stm32cube.ide.mcu.externaltools.gnu-tools-for-stm32.9-2020-q2-update.linux64_1.5.0.202011040924/tools/bin/../lib/gcc/arm-none-eabi/9.3.1/../../../../arm-none-eabi/lib/thumb/v7e-m+fp/hard/libc_nano.a(lib_a-memset.o)
 .ARM.attributes
                0x0000000000000483       0x1e /opt/st/stm32cubeide_1.6.1/plugins/com.st.stm32cube.ide.mcu.externaltools.gnu-tools-for-stm32.9-2020-q2-update.linux64_1.5.0.202011040924/tools/bin/../lib/gcc/arm-none-eabi/9.3.1/thumb/v7e-m+fp/hard/libgcc.a(_aeabi_uldivmod.o)
 .ARM.attributes
                0x00000000000004a1       0x34 /opt/st/stm32cubeide_1.6.1/plugins/com.st.stm32cube.ide.mcu.externaltools.gnu-tools-for-stm32.9-2020-q2-update.linux64_1.5.0.202011040924/tools/bin/../lib/gcc/arm-none-eabi/9.3.1/thumb/v7e-m+fp/hard/libgcc.a(_udivmoddi4.o)
 .ARM.attributes
                0x00000000000004d5       0x1e /opt/st/stm32cubeide_1.6.1/plugins/com.st.stm32cube.ide.mcu.externaltools.gnu-tools-for-stm32.9-2020-q2-update.linux64_1.5.0.202011040924/tools/bin/../lib/gcc/arm-none-eabi/9.3.1/thumb/v7e-m+fp/hard/libgcc.a(_dvmd_tls.o)
 .ARM.attributes
                0x00000000000004f3       0x1e /opt/st/stm32cubeide_1.6.1/plugins/com.st.stm32cube.ide.mcu.externaltools.gnu-tools-for-stm32.9-2020-q2-update.linux64_1.5.0.202011040924/tools/bin/../lib/gcc/arm-none-eabi/9.3.1/thumb/v7e-m+fp/hard/crtn.o
OUTPUT(test2.elf elf32-littlearm)
LOAD linker stubs
LOAD /opt/st/stm32cubeide_1.6.1/plugins/com.st.stm32cube.ide.mcu.externaltools.gnu-tools-for-stm32.9-2020-q2-update.linux64_1.5.0.202011040924/tools/bin/../lib/gcc/arm-none-eabi/9.3.1/../../../../arm-none-eabi/lib/thumb/v7e-m+fp/hard/libc.a
LOAD /opt/st/stm32cubeide_1.6.1/plugins/com.st.stm32cube.ide.mcu.externaltools.gnu-tools-for-stm32.9-2020-q2-update.linux64_1.5.0.202011040924/tools/bin/../lib/gcc/arm-none-eabi/9.3.1/../../../../arm-none-eabi/lib/thumb/v7e-m+fp/hard/libm.a
LOAD /opt/st/stm32cubeide_1.6.1/plugins/com.st.stm32cube.ide.mcu.externaltools.gnu-tools-for-stm32.9-2020-q2-update.linux64_1.5.0.202011040924/tools/bin/../lib/gcc/arm-none-eabi/9.3.1/thumb/v7e-m+fp/hard/libgcc.a

.debug_info     0x0000000000000000    0x14455
 .debug_info    0x0000000000000000      0xd2e Core/Src/DualVNH5019MotorShield/DualVNH5019MotorShield.o
 .debug_info    0x0000000000000d2e     0x234f Core/Src/canlib/mcp2515.o
 .debug_info    0x000000000000307d     0x199c Core/Src/main.o
 .debug_info    0x0000000000004a19     0x1b1c Core/Src/project.o
 .debug_info    0x0000000000006535     0x16d0 Core/Src/stm32f4xx_hal_msp.o
 .debug_info    0x0000000000007c05     0x10c6 Core/Src/stm32f4xx_it.o
 .debug_info    0x0000000000008ccb      0x5d0 Core/Src/system_stm32f4xx.o
 .debug_info    0x000000000000929b       0x22 Core/Startup/startup_stm32f401retx.o
 .debug_info    0x00000000000092bd      0x93d Drivers/STM32F4xx_HAL_Driver/Src/stm32f4xx_hal.o
 .debug_info    0x0000000000009bfa      0xdb4 Drivers/STM32F4xx_HAL_Driver/Src/stm32f4xx_hal_adc.o
 .debug_info    0x000000000000a9ae      0xe41 Drivers/STM32F4xx_HAL_Driver/Src/stm32f4xx_hal_cortex.o
 .debug_info    0x000000000000b7ef      0x9e9 Drivers/STM32F4xx_HAL_Driver/Src/stm32f4xx_hal_dma.o
 .debug_info    0x000000000000c1d8      0x862 Drivers/STM32F4xx_HAL_Driver/Src/stm32f4xx_hal_gpio.o
 .debug_info    0x000000000000ca3a      0x9bd Drivers/STM32F4xx_HAL_Driver/Src/stm32f4xx_hal_rcc.o
 .debug_info    0x000000000000d3f7     0x17b8 Drivers/STM32F4xx_HAL_Driver/Src/stm32f4xx_hal_spi.o
 .debug_info    0x000000000000ebaf     0x2a88 Drivers/STM32F4xx_HAL_Driver/Src/stm32f4xx_hal_tim.o
 .debug_info    0x0000000000011637     0x151a Drivers/STM32F4xx_HAL_Driver/Src/stm32f4xx_hal_tim_ex.o
 .debug_info    0x0000000000012b51     0x1904 Drivers/STM32F4xx_HAL_Driver/Src/stm32f4xx_hal_uart.o

.debug_abbrev   0x0000000000000000     0x2b16
 .debug_abbrev  0x0000000000000000      0x240 Core/Src/DualVNH5019MotorShield/DualVNH5019MotorShield.o
 .debug_abbrev  0x0000000000000240      0x40f Core/Src/canlib/mcp2515.o
 .debug_abbrev  0x000000000000064f      0x2f5 Core/Src/main.o
 .debug_abbrev  0x0000000000000944      0x492 Core/Src/project.o
 .debug_abbrev  0x0000000000000dd6      0x23e Core/Src/stm32f4xx_hal_msp.o
 .debug_abbrev  0x0000000000001014      0x1f3 Core/Src/stm32f4xx_it.o
 .debug_abbrev  0x0000000000001207      0x145 Core/Src/system_stm32f4xx.o
 .debug_abbrev  0x000000000000134c       0x12 Core/Startup/startup_stm32f401retx.o
 .debug_abbrev  0x000000000000135e      0x21e Drivers/STM32F4xx_HAL_Driver/Src/stm32f4xx_hal.o
 .debug_abbrev  0x000000000000157c      0x1ef Drivers/STM32F4xx_HAL_Driver/Src/stm32f4xx_hal_adc.o
 .debug_abbrev  0x000000000000176b      0x33c Drivers/STM32F4xx_HAL_Driver/Src/stm32f4xx_hal_cortex.o
 .debug_abbrev  0x0000000000001aa7      0x219 Drivers/STM32F4xx_HAL_Driver/Src/stm32f4xx_hal_dma.o
 .debug_abbrev  0x0000000000001cc0      0x1f1 Drivers/STM32F4xx_HAL_Driver/Src/stm32f4xx_hal_gpio.o
 .debug_abbrev  0x0000000000001eb1      0x275 Drivers/STM32F4xx_HAL_Driver/Src/stm32f4xx_hal_rcc.o
 .debug_abbrev  0x0000000000002126      0x26e Drivers/STM32F4xx_HAL_Driver/Src/stm32f4xx_hal_spi.o
 .debug_abbrev  0x0000000000002394      0x26f Drivers/STM32F4xx_HAL_Driver/Src/stm32f4xx_hal_tim.o
 .debug_abbrev  0x0000000000002603      0x277 Drivers/STM32F4xx_HAL_Driver/Src/stm32f4xx_hal_tim_ex.o
 .debug_abbrev  0x000000000000287a      0x29c Drivers/STM32F4xx_HAL_Driver/Src/stm32f4xx_hal_uart.o

.debug_aranges  0x0000000000000000     0x11b0
 .debug_aranges
                0x0000000000000000       0x78 Core/Src/DualVNH5019MotorShield/DualVNH5019MotorShield.o
 .debug_aranges
                0x0000000000000078      0x150 Core/Src/canlib/mcp2515.o
 .debug_aranges
                0x00000000000001c8       0x80 Core/Src/main.o
 .debug_aranges
                0x0000000000000248       0xa8 Core/Src/project.o
 .debug_aranges
                0x00000000000002f0       0x68 Core/Src/stm32f4xx_hal_msp.o
 .debug_aranges
                0x0000000000000358       0x78 Core/Src/stm32f4xx_it.o
 .debug_aranges
                0x00000000000003d0       0x28 Core/Src/system_stm32f4xx.o
 .debug_aranges
                0x00000000000003f8       0x28 Core/Startup/startup_stm32f401retx.o
 .debug_aranges
                0x0000000000000420       0xf0 Drivers/STM32F4xx_HAL_Driver/Src/stm32f4xx_hal.o
 .debug_aranges
                0x0000000000000510       0xe8 Drivers/STM32F4xx_HAL_Driver/Src/stm32f4xx_hal_adc.o
 .debug_aranges
                0x00000000000005f8      0x118 Drivers/STM32F4xx_HAL_Driver/Src/stm32f4xx_hal_cortex.o
 .debug_aranges
                0x0000000000000710       0x90 Drivers/STM32F4xx_HAL_Driver/Src/stm32f4xx_hal_dma.o
 .debug_aranges
                0x00000000000007a0       0x58 Drivers/STM32F4xx_HAL_Driver/Src/stm32f4xx_hal_gpio.o
 .debug_aranges
                0x00000000000007f8       0x88 Drivers/STM32F4xx_HAL_Driver/Src/stm32f4xx_hal_rcc.o
 .debug_aranges
                0x0000000000000880      0x1d0 Drivers/STM32F4xx_HAL_Driver/Src/stm32f4xx_hal_spi.o
 .debug_aranges
                0x0000000000000a50      0x3d0 Drivers/STM32F4xx_HAL_Driver/Src/stm32f4xx_hal_tim.o
 .debug_aranges
                0x0000000000000e20      0x168 Drivers/STM32F4xx_HAL_Driver/Src/stm32f4xx_hal_tim_ex.o
 .debug_aranges
                0x0000000000000f88      0x228 Drivers/STM32F4xx_HAL_Driver/Src/stm32f4xx_hal_uart.o

.debug_ranges   0x0000000000000000     0x10e0
 .debug_ranges  0x0000000000000000       0x68 Core/Src/DualVNH5019MotorShield/DualVNH5019MotorShield.o
 .debug_ranges  0x0000000000000068      0x158 Core/Src/canlib/mcp2515.o
 .debug_ranges  0x00000000000001c0       0x70 Core/Src/main.o
 .debug_ranges  0x0000000000000230       0x98 Core/Src/project.o
 .debug_ranges  0x00000000000002c8       0x58 Core/Src/stm32f4xx_hal_msp.o
 .debug_ranges  0x0000000000000320       0x68 Core/Src/stm32f4xx_it.o
 .debug_ranges  0x0000000000000388       0x18 Core/Src/system_stm32f4xx.o
 .debug_ranges  0x00000000000003a0       0x20 Core/Startup/startup_stm32f401retx.o
 .debug_ranges  0x00000000000003c0       0xe0 Drivers/STM32F4xx_HAL_Driver/Src/stm32f4xx_hal.o
 .debug_ranges  0x00000000000004a0       0xd8 Drivers/STM32F4xx_HAL_Driver/Src/stm32f4xx_hal_adc.o
 .debug_ranges  0x0000000000000578      0x108 Drivers/STM32F4xx_HAL_Driver/Src/stm32f4xx_hal_cortex.o
 .debug_ranges  0x0000000000000680       0x80 Drivers/STM32F4xx_HAL_Driver/Src/stm32f4xx_hal_dma.o
 .debug_ranges  0x0000000000000700       0x48 Drivers/STM32F4xx_HAL_Driver/Src/stm32f4xx_hal_gpio.o
 .debug_ranges  0x0000000000000748       0x78 Drivers/STM32F4xx_HAL_Driver/Src/stm32f4xx_hal_rcc.o
 .debug_ranges  0x00000000000007c0      0x1c0 Drivers/STM32F4xx_HAL_Driver/Src/stm32f4xx_hal_spi.o
 .debug_ranges  0x0000000000000980      0x3c0 Drivers/STM32F4xx_HAL_Driver/Src/stm32f4xx_hal_tim.o
 .debug_ranges  0x0000000000000d40      0x158 Drivers/STM32F4xx_HAL_Driver/Src/stm32f4xx_hal_tim_ex.o
 .debug_ranges  0x0000000000000e98      0x248 Drivers/STM32F4xx_HAL_Driver/Src/stm32f4xx_hal_uart.o

.debug_macro    0x0000000000000000    0x1a8be
 .debug_macro   0x0000000000000000      0x21d Core/Src/DualVNH5019MotorShield/DualVNH5019MotorShield.o
 .debug_macro   0x000000000000021d      0xb80 Core/Src/DualVNH5019MotorShield/DualVNH5019MotorShield.o
 .debug_macro   0x0000000000000d9d       0x10 Core/Src/DualVNH5019MotorShield/DualVNH5019MotorShield.o
 .debug_macro   0x0000000000000dad      0x2a7 Core/Src/DualVNH5019MotorShield/DualVNH5019MotorShield.o
 .debug_macro   0x0000000000001054       0x2e Core/Src/DualVNH5019MotorShield/DualVNH5019MotorShield.o
 .debug_macro   0x0000000000001082       0x28 Core/Src/DualVNH5019MotorShield/DualVNH5019MotorShield.o
 .debug_macro   0x00000000000010aa       0x1c Core/Src/DualVNH5019MotorShield/DualVNH5019MotorShield.o
 .debug_macro   0x00000000000010c6       0x22 Core/Src/DualVNH5019MotorShield/DualVNH5019MotorShield.o
 .debug_macro   0x00000000000010e8       0x8e Core/Src/DualVNH5019MotorShield/DualVNH5019MotorShield.o
 .debug_macro   0x0000000000001176       0x51 Core/Src/DualVNH5019MotorShield/DualVNH5019MotorShield.o
 .debug_macro   0x00000000000011c7      0x103 Core/Src/DualVNH5019MotorShield/DualVNH5019MotorShield.o
 .debug_macro   0x00000000000012ca       0x6a Core/Src/DualVNH5019MotorShield/DualVNH5019MotorShield.o
 .debug_macro   0x0000000000001334      0x1df Core/Src/DualVNH5019MotorShield/DualVNH5019MotorShield.o
 .debug_macro   0x0000000000001513       0x1c Core/Src/DualVNH5019MotorShield/DualVNH5019MotorShield.o
 .debug_macro   0x000000000000152f       0x22 Core/Src/DualVNH5019MotorShield/DualVNH5019MotorShield.o
 .debug_macro   0x0000000000001551       0xdf Core/Src/DualVNH5019MotorShield/DualVNH5019MotorShield.o
 .debug_macro   0x0000000000001630     0x102d Core/Src/DualVNH5019MotorShield/DualVNH5019MotorShield.o
 .debug_macro   0x000000000000265d      0x11f Core/Src/DualVNH5019MotorShield/DualVNH5019MotorShield.o
 .debug_macro   0x000000000000277c     0xb850 Core/Src/DualVNH5019MotorShield/DualVNH5019MotorShield.o
 .debug_macro   0x000000000000dfcc       0x43 Core/Src/DualVNH5019MotorShield/DualVNH5019MotorShield.o
 .debug_macro   0x000000000000e00f     0x3659 Core/Src/DualVNH5019MotorShield/DualVNH5019MotorShield.o
 .debug_macro   0x0000000000011668      0x17b Core/Src/DualVNH5019MotorShield/DualVNH5019MotorShield.o
 .debug_macro   0x00000000000117e3       0x5c Core/Src/DualVNH5019MotorShield/DualVNH5019MotorShield.o
 .debug_macro   0x000000000001183f      0x416 Core/Src/DualVNH5019MotorShield/DualVNH5019MotorShield.o
 .debug_macro   0x0000000000011c55      0x9fe Core/Src/DualVNH5019MotorShield/DualVNH5019MotorShield.o
 .debug_macro   0x0000000000012653      0x117 Core/Src/DualVNH5019MotorShield/DualVNH5019MotorShield.o
 .debug_macro   0x000000000001276a       0xf8 Core/Src/DualVNH5019MotorShield/DualVNH5019MotorShield.o
 .debug_macro   0x0000000000012862       0x82 Core/Src/DualVNH5019MotorShield/DualVNH5019MotorShield.o
 .debug_macro   0x00000000000128e4      0x15f Core/Src/DualVNH5019MotorShield/DualVNH5019MotorShield.o
 .debug_macro   0x0000000000012a43      0x287 Core/Src/DualVNH5019MotorShield/DualVNH5019MotorShield.o
 .debug_macro   0x0000000000012cca       0x5f Core/Src/DualVNH5019MotorShield/DualVNH5019MotorShield.o
 .debug_macro   0x0000000000012d29      0x236 Core/Src/DualVNH5019MotorShield/DualVNH5019MotorShield.o
 .debug_macro   0x0000000000012f5f      0x9e1 Core/Src/DualVNH5019MotorShield/DualVNH5019MotorShield.o
 .debug_macro   0x0000000000013940      0x38b Core/Src/DualVNH5019MotorShield/DualVNH5019MotorShield.o
 .debug_macro   0x0000000000013ccb      0x176 Core/Src/DualVNH5019MotorShield/DualVNH5019MotorShield.o
 .debug_macro   0x0000000000013e41       0xf9 Core/Src/DualVNH5019MotorShield/DualVNH5019MotorShield.o
 .debug_macro   0x0000000000013f3a      0x132 Core/Src/DualVNH5019MotorShield/DualVNH5019MotorShield.o
 .debug_macro   0x000000000001406c      0x264 Core/Src/DualVNH5019MotorShield/DualVNH5019MotorShield.o
 .debug_macro   0x00000000000142d0       0x2e Core/Src/DualVNH5019MotorShield/DualVNH5019MotorShield.o
 .debug_macro   0x00000000000142fe      0x11a Core/Src/DualVNH5019MotorShield/DualVNH5019MotorShield.o
 .debug_macro   0x0000000000014418       0x85 Core/Src/DualVNH5019MotorShield/DualVNH5019MotorShield.o
 .debug_macro   0x000000000001449d       0x89 Core/Src/DualVNH5019MotorShield/DualVNH5019MotorShield.o
 .debug_macro   0x0000000000014526      0x225 Core/Src/DualVNH5019MotorShield/DualVNH5019MotorShield.o
 .debug_macro   0x000000000001474b      0x8d1 Core/Src/DualVNH5019MotorShield/DualVNH5019MotorShield.o
 .debug_macro   0x000000000001501c       0x47 Core/Src/DualVNH5019MotorShield/DualVNH5019MotorShield.o
 .debug_macro   0x0000000000015063      0x29c Core/Src/DualVNH5019MotorShield/DualVNH5019MotorShield.o
 .debug_macro   0x00000000000152ff      0x126 Core/Src/DualVNH5019MotorShield/DualVNH5019MotorShield.o
 .debug_macro   0x0000000000015425      0x100 Core/Src/DualVNH5019MotorShield/DualVNH5019MotorShield.o
 .debug_macro   0x0000000000015525      0x305 Core/Src/canlib/mcp2515.o
 .debug_macro   0x000000000001582a      0xaa8 Core/Src/canlib/mcp2515.o
 .debug_macro   0x00000000000162d2       0x40 Core/Src/canlib/mcp2515.o
 .debug_macro   0x0000000000016312      0x2ec Core/Src/canlib/mcp2515.o
 .debug_macro   0x00000000000165fe     0x102d Core/Src/canlib/mcp2515.o
 .debug_macro   0x000000000001762b      0x174 Core/Src/canlib/mcp2515.o
 .debug_macro   0x000000000001779f       0x52 Core/Src/canlib/mcp2515.o
 .debug_macro   0x00000000000177f1       0x18 Core/Src/canlib/mcp2515.o
 .debug_macro   0x0000000000017809       0x3c Core/Src/canlib/mcp2515.o
 .debug_macro   0x0000000000017845       0x34 Core/Src/canlib/mcp2515.o
 .debug_macro   0x0000000000017879       0x16 Core/Src/canlib/mcp2515.o
 .debug_macro   0x000000000001788f       0x43 Core/Src/canlib/mcp2515.o
 .debug_macro   0x00000000000178d2       0x34 Core/Src/canlib/mcp2515.o
 .debug_macro   0x0000000000017906       0x10 Core/Src/canlib/mcp2515.o
 .debug_macro   0x0000000000017916       0x58 Core/Src/canlib/mcp2515.o
 .debug_macro   0x000000000001796e       0x71 Core/Src/canlib/mcp2515.o
 .debug_macro   0x00000000000179df       0x1c Core/Src/canlib/mcp2515.o
 .debug_macro   0x00000000000179fb      0x12a Core/Src/canlib/mcp2515.o
 .debug_macro   0x0000000000017b25      0x333 Core/Src/canlib/mcp2515.o
 .debug_macro   0x0000000000017e58       0x10 Core/Src/canlib/mcp2515.o
 .debug_macro   0x0000000000017e68       0x35 Core/Src/canlib/mcp2515.o
 .debug_macro   0x0000000000017e9d       0x20 Core/Src/canlib/mcp2515.o
 .debug_macro   0x0000000000017ebd      0x244 Core/Src/main.o
 .debug_macro   0x0000000000018101       0x10 Core/Src/main.o
 .debug_macro   0x0000000000018111       0x10 Core/Src/main.o
 .debug_macro   0x0000000000018121      0x3dc Core/Src/project.o
 .debug_macro   0x00000000000184fd       0x10 Core/Src/project.o
 .debug_macro   0x000000000001850d       0x34 Core/Src/project.o
 .debug_macro   0x0000000000018541       0x16 Core/Src/project.o
 .debug_macro   0x0000000000018557       0x35 Core/Src/project.o
 .debug_macro   0x000000000001858c      0x356 Core/Src/project.o
 .debug_macro   0x00000000000188e2       0x10 Core/Src/project.o
 .debug_macro   0x00000000000188f2       0x43 Core/Src/project.o
 .debug_macro   0x0000000000018935       0x16 Core/Src/project.o
 .debug_macro   0x000000000001894b       0x10 Core/Src/project.o
 .debug_macro   0x000000000001895b       0x1c Core/Src/project.o
 .debug_macro   0x0000000000018977       0x52 Core/Src/project.o
 .debug_macro   0x00000000000189c9       0x22 Core/Src/project.o
 .debug_macro   0x00000000000189eb       0x10 Core/Src/project.o
 .debug_macro   0x00000000000189fb       0x40 Core/Src/project.o
 .debug_macro   0x0000000000018a3b       0xd5 Core/Src/project.o
 .debug_macro   0x0000000000018b10       0x1c Core/Src/project.o
 .debug_macro   0x0000000000018b2c       0x3d Core/Src/project.o
 .debug_macro   0x0000000000018b69       0x16 Core/Src/project.o
 .debug_macro   0x0000000000018b7f      0x137 Core/Src/project.o
 .debug_macro   0x0000000000018cb6       0x16 Core/Src/project.o
 .debug_macro   0x0000000000018ccc      0x20f Core/Src/stm32f4xx_hal_msp.o
 .debug_macro   0x0000000000018edb      0x31f Core/Src/stm32f4xx_it.o
 .debug_macro   0x00000000000191fa       0x22 Core/Src/stm32f4xx_it.o
 .debug_macro   0x000000000001921c      0x200 Core/Src/system_stm32f4xx.o
 .debug_macro   0x000000000001941c      0x260 Drivers/STM32F4xx_HAL_Driver/Src/stm32f4xx_hal.o
 .debug_macro   0x000000000001967c      0x201 Drivers/STM32F4xx_HAL_Driver/Src/stm32f4xx_hal_adc.o
 .debug_macro   0x000000000001987d      0x200 Drivers/STM32F4xx_HAL_Driver/Src/stm32f4xx_hal_cortex.o
 .debug_macro   0x0000000000019a7d      0x206 Drivers/STM32F4xx_HAL_Driver/Src/stm32f4xx_hal_dma.o
 .debug_macro   0x0000000000019c83      0x206 Drivers/STM32F4xx_HAL_Driver/Src/stm32f4xx_hal_gpio.o
 .debug_macro   0x0000000000019e89      0x224 Drivers/STM32F4xx_HAL_Driver/Src/stm32f4xx_hal_rcc.o
 .debug_macro   0x000000000001a0ad      0x20f Drivers/STM32F4xx_HAL_Driver/Src/stm32f4xx_hal_spi.o
 .debug_macro   0x000000000001a2bc      0x201 Drivers/STM32F4xx_HAL_Driver/Src/stm32f4xx_hal_tim.o
 .debug_macro   0x000000000001a4bd      0x200 Drivers/STM32F4xx_HAL_Driver/Src/stm32f4xx_hal_tim_ex.o
 .debug_macro   0x000000000001a6bd      0x201 Drivers/STM32F4xx_HAL_Driver/Src/stm32f4xx_hal_uart.o

.debug_line     0x0000000000000000    0x12467
 .debug_line    0x0000000000000000      0x90a Core/Src/DualVNH5019MotorShield/DualVNH5019MotorShield.o
 .debug_line    0x000000000000090a     0x1162 Core/Src/canlib/mcp2515.o
 .debug_line    0x0000000000001a6c      0xa8a Core/Src/main.o
 .debug_line    0x00000000000024f6      0xde1 Core/Src/project.o
 .debug_line    0x00000000000032d7      0x88d Core/Src/stm32f4xx_hal_msp.o
 .debug_line    0x0000000000003b64      0x9fc Core/Src/stm32f4xx_it.o
 .debug_line    0x0000000000004560      0x782 Core/Src/system_stm32f4xx.o
 .debug_line    0x0000000000004ce2       0x88 Core/Startup/startup_stm32f401retx.o
 .debug_line    0x0000000000004d6a      0x9e8 Drivers/STM32F4xx_HAL_Driver/Src/stm32f4xx_hal.o
 .debug_line    0x0000000000005752     0x11a6 Drivers/STM32F4xx_HAL_Driver/Src/stm32f4xx_hal_adc.o
 .debug_line    0x00000000000068f8      0xc97 Drivers/STM32F4xx_HAL_Driver/Src/stm32f4xx_hal_cortex.o
 .debug_line    0x000000000000758f      0xf51 Drivers/STM32F4xx_HAL_Driver/Src/stm32f4xx_hal_dma.o
 .debug_line    0x00000000000084e0      0xb24 Drivers/STM32F4xx_HAL_Driver/Src/stm32f4xx_hal_gpio.o
 .debug_line    0x0000000000009004      0xd64 Drivers/STM32F4xx_HAL_Driver/Src/stm32f4xx_hal_rcc.o
 .debug_line    0x0000000000009d68     0x1c70 Drivers/STM32F4xx_HAL_Driver/Src/stm32f4xx_hal_spi.o
 .debug_line    0x000000000000b9d8     0x33ee Drivers/STM32F4xx_HAL_Driver/Src/stm32f4xx_hal_tim.o
 .debug_line    0x000000000000edc6     0x1950 Drivers/STM32F4xx_HAL_Driver/Src/stm32f4xx_hal_tim_ex.o
 .debug_line    0x0000000000010716     0x1d51 Drivers/STM32F4xx_HAL_Driver/Src/stm32f4xx_hal_uart.o

.debug_str      0x0000000000000000    0x9d945
 .debug_str     0x0000000000000000    0x93243 Core/Src/DualVNH5019MotorShield/DualVNH5019MotorShield.o
                                      0x93622 (size before relaxing)
 .debug_str     0x0000000000093243     0x5145 Core/Src/canlib/mcp2515.o
                                      0x97b89 (size before relaxing)
 .debug_str     0x0000000000098388      0xc0d Core/Src/main.o
                                      0x93cce (size before relaxing)
 .debug_str     0x0000000000098f95     0x1436 Core/Src/project.o
                                      0x97da9 (size before relaxing)
 .debug_str     0x000000000009a3cb       0xf0 Core/Src/stm32f4xx_hal_msp.o
                                      0x93905 (size before relaxing)
 .debug_str     0x000000000009a4bb      0x137 Core/Src/stm32f4xx_it.o
                                      0x961cd (size before relaxing)
 .debug_str     0x000000000009a5f2       0xaf Core/Src/system_stm32f4xx.o
                                      0x92669 (size before relaxing)
 .debug_str     0x000000000009a6a1       0x36 Core/Startup/startup_stm32f401retx.o
                                         0x6f (size before relaxing)
 .debug_str     0x000000000009a6d7      0x57e Drivers/STM32F4xx_HAL_Driver/Src/stm32f4xx_hal.o
                                      0x92fe9 (size before relaxing)
 .debug_str     0x000000000009ac55      0x29d Drivers/STM32F4xx_HAL_Driver/Src/stm32f4xx_hal_adc.o
                                      0x92c03 (size before relaxing)
 .debug_str     0x000000000009aef2      0x389 Drivers/STM32F4xx_HAL_Driver/Src/stm32f4xx_hal_cortex.o
                                      0x92dc6 (size before relaxing)
 .debug_str     0x000000000009b27b      0x315 Drivers/STM32F4xx_HAL_Driver/Src/stm32f4xx_hal_dma.o
                                      0x92a81 (size before relaxing)
 .debug_str     0x000000000009b590      0x151 Drivers/STM32F4xx_HAL_Driver/Src/stm32f4xx_hal_gpio.o
                                      0x92810 (size before relaxing)
 .debug_str     0x000000000009b6e1      0x24e Drivers/STM32F4xx_HAL_Driver/Src/stm32f4xx_hal_rcc.o
                                      0x92a6b (size before relaxing)
 .debug_str     0x000000000009b92f      0x56e Drivers/STM32F4xx_HAL_Driver/Src/stm32f4xx_hal_spi.o
                                      0x92efb (size before relaxing)
 .debug_str     0x000000000009be9d      0xdbe Drivers/STM32F4xx_HAL_Driver/Src/stm32f4xx_hal_tim.o
                                      0x9397f (size before relaxing)
 .debug_str     0x000000000009cc5b      0x4ee Drivers/STM32F4xx_HAL_Driver/Src/stm32f4xx_hal_tim_ex.o
                                      0x93130 (size before relaxing)
 .debug_str     0x000000000009d149      0x7fc Drivers/STM32F4xx_HAL_Driver/Src/stm32f4xx_hal_uart.o
                                      0x932c6 (size before relaxing)

.comment        0x0000000000000000       0x53
 .comment       0x0000000000000000       0x53 Core/Src/DualVNH5019MotorShield/DualVNH5019MotorShield.o
                                         0x54 (size before relaxing)
 .comment       0x0000000000000053       0x54 Core/Src/canlib/mcp2515.o
 .comment       0x0000000000000053       0x54 Core/Src/main.o
 .comment       0x0000000000000053       0x54 Core/Src/project.o
 .comment       0x0000000000000053       0x54 Core/Src/stm32f4xx_hal_msp.o
 .comment       0x0000000000000053       0x54 Core/Src/stm32f4xx_it.o
 .comment       0x0000000000000053       0x54 Core/Src/system_stm32f4xx.o
 .comment       0x0000000000000053       0x54 Drivers/STM32F4xx_HAL_Driver/Src/stm32f4xx_hal.o
 .comment       0x0000000000000053       0x54 Drivers/STM32F4xx_HAL_Driver/Src/stm32f4xx_hal_adc.o
 .comment       0x0000000000000053       0x54 Drivers/STM32F4xx_HAL_Driver/Src/stm32f4xx_hal_cortex.o
 .comment       0x0000000000000053       0x54 Drivers/STM32F4xx_HAL_Driver/Src/stm32f4xx_hal_dma.o
 .comment       0x0000000000000053       0x54 Drivers/STM32F4xx_HAL_Driver/Src/stm32f4xx_hal_gpio.o
 .comment       0x0000000000000053       0x54 Drivers/STM32F4xx_HAL_Driver/Src/stm32f4xx_hal_rcc.o
 .comment       0x0000000000000053       0x54 Drivers/STM32F4xx_HAL_Driver/Src/stm32f4xx_hal_spi.o
 .comment       0x0000000000000053       0x54 Drivers/STM32F4xx_HAL_Driver/Src/stm32f4xx_hal_tim.o
 .comment       0x0000000000000053       0x54 Drivers/STM32F4xx_HAL_Driver/Src/stm32f4xx_hal_tim_ex.o
 .comment       0x0000000000000053       0x54 Drivers/STM32F4xx_HAL_Driver/Src/stm32f4xx_hal_uart.o

.debug_frame    0x0000000000000000     0x4ad0
 .debug_frame   0x0000000000000000      0x1c8 Core/Src/DualVNH5019MotorShield/DualVNH5019MotorShield.o
 .debug_frame   0x00000000000001c8      0x524 Core/Src/canlib/mcp2515.o
 .debug_frame   0x00000000000006ec      0x1c0 Core/Src/main.o
 .debug_frame   0x00000000000008ac      0x288 Core/Src/project.o
 .debug_frame   0x0000000000000b34      0x180 Core/Src/stm32f4xx_hal_msp.o
 .debug_frame   0x0000000000000cb4      0x158 Core/Src/stm32f4xx_it.o
 .debug_frame   0x0000000000000e0c       0x58 Core/Src/system_stm32f4xx.o
 .debug_frame   0x0000000000000e64      0x374 Drivers/STM32F4xx_HAL_Driver/Src/stm32f4xx_hal.o
 .debug_frame   0x00000000000011d8      0x3fc Drivers/STM32F4xx_HAL_Driver/Src/stm32f4xx_hal_adc.o
 .debug_frame   0x00000000000015d4      0x498 Drivers/STM32F4xx_HAL_Driver/Src/stm32f4xx_hal_cortex.o
 .debug_frame   0x0000000000001a6c      0x250 Drivers/STM32F4xx_HAL_Driver/Src/stm32f4xx_hal_dma.o
 .debug_frame   0x0000000000001cbc      0x14c Drivers/STM32F4xx_HAL_Driver/Src/stm32f4xx_hal_gpio.o
 .debug_frame   0x0000000000001e08      0x1f0 Drivers/STM32F4xx_HAL_Driver/Src/stm32f4xx_hal_rcc.o
 .debug_frame   0x0000000000001ff8      0x824 Drivers/STM32F4xx_HAL_Driver/Src/stm32f4xx_hal_spi.o
 .debug_frame   0x000000000000281c     0x11bc Drivers/STM32F4xx_HAL_Driver/Src/stm32f4xx_hal_tim.o
 .debug_frame   0x00000000000039d8      0x638 Drivers/STM32F4xx_HAL_Driver/Src/stm32f4xx_hal_tim_ex.o
 .debug_frame   0x0000000000004010      0x9ec Drivers/STM32F4xx_HAL_Driver/Src/stm32f4xx_hal_uart.o
 .debug_frame   0x00000000000049fc       0x2c /opt/st/stm32cubeide_1.6.1/plugins/com.st.stm32cube.ide.mcu.externaltools.gnu-tools-for-stm32.9-2020-q2-update.linux64_1.5.0.202011040924/tools/bin/../lib/gcc/arm-none-eabi/9.3.1/../../../../arm-none-eabi/lib/thumb/v7e-m+fp/hard/libc_nano.a(lib_a-init.o)
 .debug_frame   0x0000000000004a28       0x28 /opt/st/stm32cubeide_1.6.1/plugins/com.st.stm32cube.ide.mcu.externaltools.gnu-tools-for-stm32.9-2020-q2-update.linux64_1.5.0.202011040924/tools/bin/../lib/gcc/arm-none-eabi/9.3.1/../../../../arm-none-eabi/lib/thumb/v7e-m+fp/hard/libc_nano.a(lib_a-memcpy-stub.o)
 .debug_frame   0x0000000000004a50       0x20 /opt/st/stm32cubeide_1.6.1/plugins/com.st.stm32cube.ide.mcu.externaltools.gnu-tools-for-stm32.9-2020-q2-update.linux64_1.5.0.202011040924/tools/bin/../lib/gcc/arm-none-eabi/9.3.1/../../../../arm-none-eabi/lib/thumb/v7e-m+fp/hard/libc_nano.a(lib_a-memset.o)
 .debug_frame   0x0000000000004a70       0x2c /opt/st/stm32cubeide_1.6.1/plugins/com.st.stm32cube.ide.mcu.externaltools.gnu-tools-for-stm32.9-2020-q2-update.linux64_1.5.0.202011040924/tools/bin/../lib/gcc/arm-none-eabi/9.3.1/thumb/v7e-m+fp/hard/libgcc.a(_aeabi_uldivmod.o)
 .debug_frame   0x0000000000004a9c       0x34 /opt/st/stm32cubeide_1.6.1/plugins/com.st.stm32cube.ide.mcu.externaltools.gnu-tools-for-stm32.9-2020-q2-update.linux64_1.5.0.202011040924/tools/bin/../lib/gcc/arm-none-eabi/9.3.1/thumb/v7e-m+fp/hard/libgcc.a(_udivmoddi4.o)
