mcp2515.c:25:6:startSPI	8	static
mcp2515.c:33:6:endSPI	8	static
mcp2515.c:41:9:SPI_transfer	32	static
mcp2515.c:47:6:setRegister	16	static
mcp2515.c:56:6:setRegisters	24	static
mcp2515.c:69:6:loadTx	24	static
mcp2515.c:81:6:modifyRegister	16	static
mcp2515.c:94:9:readRegister	24	static
mcp2515.c:105:6:readRegisters	32	static
mcp2515.c:118:6:readRx	32	static
mcp2515.c:129:11:setMode	32	static
mcp2515.c:150:11:setConfigMode	8	static
mcp2515.c:155:6:prepareId	32	static
mcp2515.c:175:9:getStatus	16	static
mcp2515.c:184:11:MCP_setFilterMask	24	static
mcp2515.c:207:11:MCP_setFilter	24	static
mcp2515.c:235:11:MCP_reset	48	static
mcp2515.c:286:11:MCP_setListenOnlyMode	8	static
mcp2515.c:291:11:MCP_setSleepMode	8	static
mcp2515.c:296:11:MCP_setLoopbackMode	8	static
mcp2515.c:301:11:MCP_setNormalMode	8	static
mcp2515.c:306:11:MCP_setBitrateClock	24	static
mcp2515.c:594:11:MCP_setBitrate	16	static
mcp2515.c:600:6:MCP_RequestToSend	16	static
mcp2515.c:607:11:MCP_sendMessageTo	48	static
mcp2515.c:650:11:MCP_sendMessage	24	static
mcp2515.c:667:11:MCP_readMessageFrom	40	static
mcp2515.c:717:11:MCP_readMessage	24	static
mcp2515.c:733:9:MCP_checkReceive	16	static
mcp2515.c:743:9:MCP_getErrorFlags	8	static
mcp2515.c:748:9:MCP_checkError	16	static
mcp2515.c:760:6:MCP_clearRXnOVRFlags	8	static
mcp2515.c:765:9:MCP_getInterrupts	8	static
mcp2515.c:770:6:MCP_clearInterrupts	8	static
mcp2515.c:775:9:MCP_getInterruptMask	8	static
mcp2515.c:780:6:MCP_clearTXInterrupts	8	static
mcp2515.c:785:6:MCP_clearRXnOVR	16	static
mcp2515.c:796:6:MCP_clearMERR	8	static
mcp2515.c:803:6:MCP_clearERRIF	8	static
