Archive member included to satisfy reference by file (symbol)

/tmp/arduino-core-cache/core_aab683ffe2ca5cf4e880d4ca41cf57de.a(startup_stm32yyxx.S.o)
                              (Reset_Handler)
/tmp/arduino-core-cache/core_aab683ffe2ca5cf4e880d4ca41cf57de.a(wiring_analog.c.o)
                              /tmp/arduino-sketch-CA9699AD043E48DB31BFBAD62DC34280/libraries/dual-vnh5019-motor-shield/DualVNH5019MotorShield.cpp.o (analogRead)
/tmp/arduino-core-cache/core_aab683ffe2ca5cf4e880d4ca41cf57de.a(wiring_digital.c.o)
                              /tmp/arduino-sketch-CA9699AD043E48DB31BFBAD62DC34280/libraries/dual-vnh5019-motor-shield/DualVNH5019MotorShield.cpp.o (pinMode)
/tmp/arduino-core-cache/core_aab683ffe2ca5cf4e880d4ca41cf57de.a(wiring_time.c.o)
                              /tmp/arduino-sketch-CA9699AD043E48DB31BFBAD62DC34280/sketch/foil-actuator.ino.cpp.o (delay)
/tmp/arduino-core-cache/core_aab683ffe2ca5cf4e880d4ca41cf57de.a(HardwareSerial.cpp.o)
                              /tmp/arduino-sketch-CA9699AD043E48DB31BFBAD62DC34280/sketch/foil-actuator.ino.cpp.o (HardwareSerial::begin(unsigned long, unsigned char))
/tmp/arduino-core-cache/core_aab683ffe2ca5cf4e880d4ca41cf57de.a(HardwareTimer.cpp.o)
                              /tmp/arduino-sketch-CA9699AD043E48DB31BFBAD62DC34280/libraries/SrcWrapper/stm32/analog.cpp.o (HardwareTimer::resume())
/tmp/arduino-core-cache/core_aab683ffe2ca5cf4e880d4ca41cf57de.a(Print.cpp.o)
                              /tmp/arduino-core-cache/core_aab683ffe2ca5cf4e880d4ca41cf57de.a(HardwareSerial.cpp.o) (Print::write(unsigned char const*, unsigned int))
/tmp/arduino-core-cache/core_aab683ffe2ca5cf4e880d4ca41cf57de.a(Stream.cpp.o)
                              /tmp/arduino-core-cache/core_aab683ffe2ca5cf4e880d4ca41cf57de.a(HardwareSerial.cpp.o) (Stream::readBytes(char*, unsigned int))
/tmp/arduino-core-cache/core_aab683ffe2ca5cf4e880d4ca41cf57de.a(WInterrupts.cpp.o)
                              /tmp/arduino-sketch-CA9699AD043E48DB31BFBAD62DC34280/sketch/foil-actuator.ino.cpp.o (attachInterrupt(unsigned long, void (*)(), unsigned long))
/tmp/arduino-core-cache/core_aab683ffe2ca5cf4e880d4ca41cf57de.a(WString.cpp.o)
                              /tmp/arduino-core-cache/core_aab683ffe2ca5cf4e880d4ca41cf57de.a(Stream.cpp.o) (String::String(char const*))
/tmp/arduino-core-cache/core_aab683ffe2ca5cf4e880d4ca41cf57de.a(abi.cpp.o)
                              /tmp/arduino-core-cache/core_aab683ffe2ca5cf4e880d4ca41cf57de.a(Print.cpp.o) (__cxa_pure_virtual)
/tmp/arduino-core-cache/core_aab683ffe2ca5cf4e880d4ca41cf57de.a(main.cpp.o)
                              /home/john/.arduino15/packages/STM32/tools/xpack-arm-none-eabi-gcc/9.2.1-1.1/bin/../lib/gcc/arm-none-eabi/9.2.1/../../../../arm-none-eabi/lib/thumb/v7e-m+fp/hard/crt0.o (main)
/tmp/arduino-core-cache/core_aab683ffe2ca5cf4e880d4ca41cf57de.a(new.cpp.o)
                              /tmp/arduino-sketch-CA9699AD043E48DB31BFBAD62DC34280/libraries/SrcWrapper/stm32/analog.cpp.o (operator new(unsigned int))
/tmp/arduino-core-cache/core_aab683ffe2ca5cf4e880d4ca41cf57de.a(dtostrf.c.o)
                              /tmp/arduino-core-cache/core_aab683ffe2ca5cf4e880d4ca41cf57de.a(WString.cpp.o) (dtostrf)
/tmp/arduino-core-cache/core_aab683ffe2ca5cf4e880d4ca41cf57de.a(board.c.o)
                              /tmp/arduino-core-cache/core_aab683ffe2ca5cf4e880d4ca41cf57de.a(main.cpp.o) (init)
/tmp/arduino-core-cache/core_aab683ffe2ca5cf4e880d4ca41cf57de.a(hooks.c.o)
                              /tmp/arduino-core-cache/core_aab683ffe2ca5cf4e880d4ca41cf57de.a(wiring_time.c.o) (yield)
/tmp/arduino-core-cache/core_aab683ffe2ca5cf4e880d4ca41cf57de.a(itoa.c.o)
                              /tmp/arduino-core-cache/core_aab683ffe2ca5cf4e880d4ca41cf57de.a(WString.cpp.o) (ltoa)
/tmp/arduino-core-cache/core_aab683ffe2ca5cf4e880d4ca41cf57de.a(pins_arduino.c.o)
                              /tmp/arduino-core-cache/core_aab683ffe2ca5cf4e880d4ca41cf57de.a(wiring_analog.c.o) (analogInputToPinName)
/tmp/arduino-core-cache/core_aab683ffe2ca5cf4e880d4ca41cf57de.a(WSerial.cpp.o)
                              /tmp/arduino-core-cache/core_aab683ffe2ca5cf4e880d4ca41cf57de.a(main.cpp.o) (serialEventRun())
/home/john/.arduino15/packages/STM32/tools/xpack-arm-none-eabi-gcc/9.2.1-1.1/bin/../lib/gcc/arm-none-eabi/9.2.1/../../../../arm-none-eabi/lib/thumb/v7e-m+fp/hard/libc_nano.a(lib_a-atof.o)
                              /tmp/arduino-core-cache/core_aab683ffe2ca5cf4e880d4ca41cf57de.a(WString.cpp.o) (atof)
/home/john/.arduino15/packages/STM32/tools/xpack-arm-none-eabi-gcc/9.2.1-1.1/bin/../lib/gcc/arm-none-eabi/9.2.1/../../../../arm-none-eabi/lib/thumb/v7e-m+fp/hard/libc_nano.a(lib_a-atol.o)
                              /tmp/arduino-core-cache/core_aab683ffe2ca5cf4e880d4ca41cf57de.a(WString.cpp.o) (atol)
[...]
Memory Configuration

Name             Origin             Length             Attributes
*default*        0x0000000000000000 0xffffffffffffffff
RAM              0x0000000020000000 0x0000000000018000 xrw
FLASH            0x0000000008000000 0x0000000000080000 xr

Linker script and memory map

LOAD /home/john/.arduino15/packages/STM32/tools/CMSIS/5.5.1/CMSIS/DSP/Lib/GCC//libarm_cortexM4lf_math.a
START GROUP
LOAD /tmp/arduino-sketch-CA9699AD043E48DB31BFBAD62DC34280/sketch/SrcWrapper.cpp.o
LOAD /tmp/arduino-sketch-CA9699AD043E48DB31BFBAD62DC34280/sketch/foil-actuator.ino.cpp.o
LOAD /tmp/arduino-sketch-CA9699AD043E48DB31BFBAD62DC34280/sketch/routines.cpp.o
LOAD /tmp/arduino-sketch-CA9699AD043E48DB31BFBAD62DC34280/libraries/dual-vnh5019-motor-shield/DualVNH5019MotorShield.cpp.o
LOAD /tmp/arduino-sketch-CA9699AD043E48DB31BFBAD62DC34280/libraries/SrcWrapper/syscalls.c.o
LOAD /tmp/arduino-sketch-CA9699AD043E48DB31BFBAD62DC34280/libraries/SrcWrapper/HAL/stm32yyxx_hal.c.o
LOAD /tmp/arduino-sketch-CA9699AD043E48DB31BFBAD62DC34280/libraries/SrcWrapper/HAL/stm32yyxx_hal_adc.c.o
LOAD /tmp/arduino-sketch-CA9699AD043E48DB31BFBAD62DC34280/libraries/SrcWrapper/HAL/stm32yyxx_hal_adc_ex.c.o
LOAD /tmp/arduino-sketch-CA9699AD043E48DB31BFBAD62DC34280/libraries/SrcWrapper/HAL/stm32yyxx_hal_can.c.o
LOAD /tmp/arduino-sketch-CA9699AD043E48DB31BFBAD62DC34280/libraries/SrcWrapper/HAL/stm32yyxx_hal_cec.c.o
LOAD /tmp/arduino-sketch-CA9699AD043E48DB31BFBAD62DC34280/libraries/SrcWrapper/HAL/stm32yyxx_hal_comp.c.o
LOAD /tmp/arduino-sketch-CA9699AD043E48DB31BFBAD62DC34280/libraries/SrcWrapper/HAL/stm32yyxx_hal_comp_ex.c.o
LOAD /tmp/arduino-sketch-CA9699AD043E48DB31BFBAD62DC34280/libraries/SrcWrapper/HAL/stm32yyxx_hal_cordic.c.o
LOAD /tmp/arduino-sketch-CA9699AD043E48DB31BFBAD62DC34280/libraries/SrcWrapper/HAL/stm32yyxx_hal_cortex.c.o
LOAD /tmp/arduino-sketch-CA9699AD043E48DB31BFBAD62DC34280/libraries/SrcWrapper/HAL/stm32yyxx_hal_crc.c.o
LOAD /tmp/arduino-sketch-CA9699AD043E48DB31BFBAD62DC34280/libraries/SrcWrapper/HAL/stm32yyxx_hal_crc_ex.c.o
LOAD /tmp/arduino-sketch-CA9699AD043E48DB31BFBAD62DC34280/libraries/SrcWrapper/HAL/stm32yyxx_hal_cryp.c.o
LOAD /tmp/arduino-sketch-CA9699AD043E48DB31BFBAD62DC34280/libraries/SrcWrapper/HAL/stm32yyxx_hal_cryp_ex.c.o
LOAD /tmp/arduino-sketch-CA9699AD043E48DB31BFBAD62DC34280/libraries/SrcWrapper/HAL/stm32yyxx_hal_dac.c.o
LOAD /tmp/arduino-sketch-CA9699AD043E48DB31BFBAD62DC34280/libraries/SrcWrapper/HAL/stm32yyxx_hal_dac_ex.c.o
LOAD /tmp/arduino-sketch-CA9699AD043E48DB31BFBAD62DC34280/libraries/SrcWrapper/HAL/stm32yyxx_hal_dcmi.c.o
LOAD /tmp/arduino-sketch-CA9699AD043E48DB31BFBAD62DC34280/libraries/SrcWrapper/HAL/stm32yyxx_hal_dcmi_ex.c.o
LOAD /tmp/arduino-sketch-CA9699AD043E48DB31BFBAD62DC34280/libraries/SrcWrapper/HAL/stm32yyxx_hal_dfsdm.c.o
LOAD /tmp/arduino-sketch-CA9699AD043E48DB31BFBAD62DC34280/libraries/SrcWrapper/HAL/stm32yyxx_hal_dfsdm_ex.c.o
LOAD /tmp/arduino-sketch-CA9699AD043E48DB31BFBAD62DC34280/libraries/SrcWrapper/HAL/stm32yyxx_hal_dma.c.o
LOAD /tmp/arduino-sketch-CA9699AD043E48DB31BFBAD62DC34280/libraries/SrcWrapper/HAL/stm32yyxx_hal_dma2d.c.o
LOAD /tmp/arduino-sketch-CA9699AD043E48DB31BFBAD62DC34280/libraries/SrcWrapper/HAL/stm32yyxx_hal_dma_ex.c.o
LOAD /tmp/arduino-sketch-CA9699AD043E48DB31BFBAD62DC34280/libraries/SrcWrapper/HAL/stm32yyxx_hal_dsi.c.o
LOAD /tmp/arduino-sketch-CA9699AD043E48DB31BFBAD62DC34280/libraries/SrcWrapper/HAL/stm32yyxx_hal_dts.c.o
LOAD /tmp/arduino-sketch-CA9699AD043E48DB31BFBAD62DC34280/libraries/SrcWrapper/HAL/stm32yyxx_hal_eth.c.o
LOAD /tmp/arduino-sketch-CA9699AD043E48DB31BFBAD62DC34280/libraries/SrcWrapper/HAL/stm32yyxx_hal_eth_ex.c.o
LOAD /tmp/arduino-sketch-CA9699AD043E48DB31BFBAD62DC34280/libraries/SrcWrapper/HAL/stm32yyxx_hal_exti.c.o
LOAD /tmp/arduino-sketch-CA9699AD043E48DB31BFBAD62DC34280/libraries/SrcWrapper/HAL/stm32yyxx_hal_fdcan.c.o
LOAD /tmp/arduino-sketch-CA9699AD043E48DB31BFBAD62DC34280/libraries/SrcWrapper/HAL/stm32yyxx_hal_firewall.c.o
LOAD /tmp/arduino-sketch-CA9699AD043E48DB31BFBAD62DC34280/libraries/SrcWrapper/HAL/stm32yyxx_hal_flash.c.o
LOAD /tmp/arduino-sketch-CA9699AD043E48DB31BFBAD62DC34280/libraries/SrcWrapper/HAL/stm32yyxx_hal_flash_ex.c.o
LOAD /tmp/arduino-sketch-CA9699AD043E48DB31BFBAD62DC34280/libraries/SrcWrapper/HAL/stm32yyxx_hal_flash_ramfunc.c.o
LOAD /tmp/arduino-sketch-CA9699AD043E48DB31BFBAD62DC34280/libraries/SrcWrapper/HAL/stm32yyxx_hal_fmac.c.o
LOAD /tmp/arduino-sketch-CA9699AD043E48DB31BFBAD62DC34280/libraries/SrcWrapper/HAL/stm32yyxx_hal_fmpi2c.c.o
LOAD /tmp/arduino-sketch-CA9699AD043E48DB31BFBAD62DC34280/libraries/SrcWrapper/HAL/stm32yyxx_hal_fmpi2c_ex.c.o
LOAD /tmp/arduino-sketch-CA9699AD043E48DB31BFBAD62DC34280/libraries/SrcWrapper/HAL/stm32yyxx_hal_gfxmmu.c.o
LOAD /tmp/arduino-sketch-CA9699AD043E48DB31BFBAD62DC34280/libraries/SrcWrapper/HAL/stm32yyxx_hal_gpio.c.o
LOAD /tmp/arduino-sketch-CA9699AD043E48DB31BFBAD62DC34280/libraries/SrcWrapper/HAL/stm32yyxx_hal_gpio_ex.c.o
LOAD /tmp/arduino-sketch-CA9699AD043E48DB31BFBAD62DC34280/libraries/SrcWrapper/HAL/stm32yyxx_hal_hash.c.o
LOAD /tmp/arduino-sketch-CA9699AD043E48DB31BFBAD62DC34280/libraries/SrcWrapper/HAL/stm32yyxx_hal_hash_ex.c.o
LOAD /tmp/arduino-sketch-CA9699AD043E48DB31BFBAD62DC34280/libraries/SrcWrapper/HAL/stm32yyxx_hal_hcd.c.o
LOAD /tmp/arduino-sketch-CA9699AD043E48DB31BFBAD62DC34280/libraries/SrcWrapper/HAL/stm32yyxx_hal_hrtim.c.o
LOAD /tmp/arduino-sketch-CA9699AD043E48DB31BFBAD62DC34280/libraries/SrcWrapper/HAL/stm32yyxx_hal_hsem.c.o
LOAD /tmp/arduino-sketch-CA9699AD043E48DB31BFBAD62DC34280/libraries/SrcWrapper/HAL/stm32yyxx_hal_i2c.c.o
LOAD /tmp/arduino-sketch-CA9699AD043E48DB31BFBAD62DC34280/libraries/SrcWrapper/HAL/stm32yyxx_hal_i2c_ex.c.o
LOAD /tmp/arduino-sketch-CA9699AD043E48DB31BFBAD62DC34280/libraries/SrcWrapper/HAL/stm32yyxx_hal_i2s.c.o
LOAD /tmp/arduino-sketch-CA9699AD043E48DB31BFBAD62DC34280/libraries/SrcWrapper/HAL/stm32yyxx_hal_i2s_ex.c.o
LOAD /tmp/arduino-sketch-CA9699AD043E48DB31BFBAD62DC34280/libraries/SrcWrapper/HAL/stm32yyxx_hal_ipcc.c.o
LOAD /tmp/arduino-sketch-CA9699AD043E48DB31BFBAD62DC34280/libraries/SrcWrapper/HAL/stm32yyxx_hal_irda.c.o
LOAD /tmp/arduino-sketch-CA9699AD043E48DB31BFBAD62DC34280/libraries/SrcWrapper/HAL/stm32yyxx_hal_iwdg.c.o
LOAD /tmp/arduino-sketch-CA9699AD043E48DB31BFBAD62DC34280/libraries/SrcWrapper/HAL/stm32yyxx_hal_jpeg.c.o
LOAD /tmp/arduino-sketch-CA9699AD043E48DB31BFBAD62DC34280/libraries/SrcWrapper/HAL/stm32yyxx_hal_lcd.c.o
LOAD /tmp/arduino-sketch-CA9699AD043E48DB31BFBAD62DC34280/libraries/SrcWrapper/HAL/stm32yyxx_hal_lptim.c.o
LOAD /tmp/arduino-sketch-CA9699AD043E48DB31BFBAD62DC34280/libraries/SrcWrapper/HAL/stm32yyxx_hal_ltdc.c.o
LOAD /tmp/arduino-sketch-CA9699AD043E48DB31BFBAD62DC34280/libraries/SrcWrapper/HAL/stm32yyxx_hal_ltdc_ex.c.o
LOAD /tmp/arduino-sketch-CA9699AD043E48DB31BFBAD62DC34280/libraries/SrcWrapper/HAL/stm32yyxx_hal_mdios.c.o
LOAD /tmp/arduino-sketch-CA9699AD043E48DB31BFBAD62DC34280/libraries/SrcWrapper/HAL/stm32yyxx_hal_mdma.c.o
LOAD /tmp/arduino-sketch-CA9699AD043E48DB31BFBAD62DC34280/libraries/SrcWrapper/HAL/stm32yyxx_hal_mmc.c.o
LOAD /tmp/arduino-sketch-CA9699AD043E48DB31BFBAD62DC34280/libraries/SrcWrapper/HAL/stm32yyxx_hal_mmc_ex.c.o
LOAD /tmp/arduino-sketch-CA9699AD043E48DB31BFBAD62DC34280/libraries/SrcWrapper/HAL/stm32yyxx_hal_nand.c.o
LOAD /tmp/arduino-sketch-CA9699AD043E48DB31BFBAD62DC34280/libraries/SrcWrapper/HAL/stm32yyxx_hal_nor.c.o
LOAD /tmp/arduino-sketch-CA9699AD043E48DB31BFBAD62DC34280/libraries/SrcWrapper/HAL/stm32yyxx_hal_opamp.c.o
LOAD /tmp/arduino-sketch-CA9699AD043E48DB31BFBAD62DC34280/libraries/SrcWrapper/HAL/stm32yyxx_hal_opamp_ex.c.o
LOAD /tmp/arduino-sketch-CA9699AD043E48DB31BFBAD62DC34280/libraries/SrcWrapper/HAL/stm32yyxx_hal_ospi.c.o
LOAD /tmp/arduino-sketch-CA9699AD043E48DB31BFBAD62DC34280/libraries/SrcWrapper/HAL/stm32yyxx_hal_otfdec.c.o
LOAD /tmp/arduino-sketch-CA9699AD043E48DB31BFBAD62DC34280/libraries/SrcWrapper/HAL/stm32yyxx_hal_pccard.c.o
LOAD /tmp/arduino-sketch-CA9699AD043E48DB31BFBAD62DC34280/libraries/SrcWrapper/HAL/stm32yyxx_hal_pcd.c.o
LOAD /tmp/arduino-sketch-CA9699AD043E48DB31BFBAD62DC34280/libraries/SrcWrapper/HAL/stm32yyxx_hal_pcd_ex.c.o
LOAD /tmp/arduino-sketch-CA9699AD043E48DB31BFBAD62DC34280/libraries/SrcWrapper/HAL/stm32yyxx_hal_pka.c.o
LOAD /tmp/arduino-sketch-CA9699AD043E48DB31BFBAD62DC34280/libraries/SrcWrapper/HAL/stm32yyxx_hal_pssi.c.o
LOAD /tmp/arduino-sketch-CA9699AD043E48DB31BFBAD62DC34280/libraries/SrcWrapper/HAL/stm32yyxx_hal_pwr.c.o
LOAD /tmp/arduino-sketch-CA9699AD043E48DB31BFBAD62DC34280/libraries/SrcWrapper/HAL/stm32yyxx_hal_pwr_ex.c.o
LOAD /tmp/arduino-sketch-CA9699AD043E48DB31BFBAD62DC34280/libraries/SrcWrapper/HAL/stm32yyxx_hal_qspi.c.o
LOAD /tmp/arduino-sketch-CA9699AD043E48DB31BFBAD62DC34280/libraries/SrcWrapper/HAL/stm32yyxx_hal_ramecc.c.o
LOAD /tmp/arduino-sketch-CA9699AD043E48DB31BFBAD62DC34280/libraries/SrcWrapper/HAL/stm32yyxx_hal_rcc.c.o
LOAD /tmp/arduino-sketch-CA9699AD043E48DB31BFBAD62DC34280/libraries/SrcWrapper/HAL/stm32yyxx_hal_rcc_ex.c.o
LOAD /tmp/arduino-sketch-CA9699AD043E48DB31BFBAD62DC34280/libraries/SrcWrapper/HAL/stm32yyxx_hal_rng.c.o
LOAD /tmp/arduino-sketch-CA9699AD043E48DB31BFBAD62DC34280/libraries/SrcWrapper/HAL/stm32yyxx_hal_rng_ex.c.o
LOAD /tmp/arduino-sketch-CA9699AD043E48DB31BFBAD62DC34280/libraries/SrcWrapper/HAL/stm32yyxx_hal_rtc.c.o
LOAD /tmp/arduino-sketch-CA9699AD043E48DB31BFBAD62DC34280/libraries/SrcWrapper/HAL/stm32yyxx_hal_rtc_ex.c.o
LOAD /tmp/arduino-sketch-CA9699AD043E48DB31BFBAD62DC34280/libraries/SrcWrapper/HAL/stm32yyxx_hal_sai.c.o
LOAD /tmp/arduino-sketch-CA9699AD043E48DB31BFBAD62DC34280/libraries/SrcWrapper/HAL/stm32yyxx_hal_sai_ex.c.o
LOAD /tmp/arduino-sketch-CA9699AD043E48DB31BFBAD62DC34280/libraries/SrcWrapper/HAL/stm32yyxx_hal_sd.c.o
LOAD /tmp/arduino-sketch-CA9699AD043E48DB31BFBAD62DC34280/libraries/SrcWrapper/HAL/stm32yyxx_hal_sd_ex.c.o
LOAD /tmp/arduino-sketch-CA9699AD043E48DB31BFBAD62DC34280/libraries/SrcWrapper/HAL/stm32yyxx_hal_sdadc.c.o
LOAD /tmp/arduino-sketch-CA9699AD043E48DB31BFBAD62DC34280/libraries/SrcWrapper/HAL/stm32yyxx_hal_sdram.c.o
LOAD /tmp/arduino-sketch-CA9699AD043E48DB31BFBAD62DC34280/libraries/SrcWrapper/HAL/stm32yyxx_hal_smartcard.c.o
LOAD /tmp/arduino-sketch-CA9699AD043E48DB31BFBAD62DC34280/libraries/SrcWrapper/HAL/stm32yyxx_hal_smartcard_ex.c.o
LOAD /tmp/arduino-sketch-CA9699AD043E48DB31BFBAD62DC34280/libraries/SrcWrapper/HAL/stm32yyxx_hal_smbus.c.o
LOAD /tmp/arduino-sketch-CA9699AD043E48DB31BFBAD62DC34280/libraries/SrcWrapper/HAL/stm32yyxx_hal_spdifrx.c.o
LOAD /tmp/arduino-sketch-CA9699AD043E48DB31BFBAD62DC34280/libraries/SrcWrapper/HAL/stm32yyxx_hal_spi.c.o
LOAD /tmp/arduino-sketch-CA9699AD043E48DB31BFBAD62DC34280/libraries/SrcWrapper/HAL/stm32yyxx_hal_spi_ex.c.o
LOAD /tmp/arduino-sketch-CA9699AD043E48DB31BFBAD62DC34280/libraries/SrcWrapper/HAL/stm32yyxx_hal_sram.c.o
LOAD /tmp/arduino-sketch-CA9699AD043E48DB31BFBAD62DC34280/libraries/SrcWrapper/HAL/stm32yyxx_hal_swpmi.c.o
LOAD /tmp/arduino-sketch-CA9699AD043E48DB31BFBAD62DC34280/libraries/SrcWrapper/HAL/stm32yyxx_hal_tim.c.o
LOAD /tmp/arduino-sketch-CA9699AD043E48DB31BFBAD62DC34280/libraries/SrcWrapper/HAL/stm32yyxx_hal_tim_ex.c.o
LOAD /tmp/arduino-sketch-CA9699AD043E48DB31BFBAD62DC34280/libraries/SrcWrapper/HAL/stm32yyxx_hal_tsc.c.o
LOAD /tmp/arduino-sketch-CA9699AD043E48DB31BFBAD62DC34280/libraries/SrcWrapper/HAL/stm32yyxx_hal_uart.c.o
LOAD /tmp/arduino-sketch-CA9699AD043E48DB31BFBAD62DC34280/libraries/SrcWrapper/HAL/stm32yyxx_hal_uart_ex.c.o
LOAD /tmp/arduino-sketch-CA9699AD043E48DB31BFBAD62DC34280/libraries/SrcWrapper/HAL/stm32yyxx_hal_usart.c.o
LOAD /tmp/arduino-sketch-CA9699AD043E48DB31BFBAD62DC34280/libraries/SrcWrapper/HAL/stm32yyxx_hal_usart_ex.c.o
LOAD /tmp/arduino-sketch-CA9699AD043E48DB31BFBAD62DC34280/libraries/SrcWrapper/HAL/stm32yyxx_hal_wwdg.c.o
LOAD /tmp/arduino-sketch-CA9699AD043E48DB31BFBAD62DC34280/libraries/SrcWrapper/LL/stm32yyxx_ll_adc.c.o
LOAD /tmp/arduino-sketch-CA9699AD043E48DB31BFBAD62DC34280/libraries/SrcWrapper/LL/stm32yyxx_ll_bdma.c.o
LOAD /tmp/arduino-sketch-CA9699AD043E48DB31BFBAD62DC34280/libraries/SrcWrapper/LL/stm32yyxx_ll_comp.c.o
LOAD /tmp/arduino-sketch-CA9699AD043E48DB31BFBAD62DC34280/libraries/SrcWrapper/LL/stm32yyxx_ll_cordic.c.o
LOAD /tmp/arduino-sketch-CA9699AD043E48DB31BFBAD62DC34280/libraries/SrcWrapper/LL/stm32yyxx_ll_crc.c.o
LOAD /tmp/arduino-sketch-CA9699AD043E48DB31BFBAD62DC34280/libraries/SrcWrapper/LL/stm32yyxx_ll_crs.c.o
LOAD /tmp/arduino-sketch-CA9699AD043E48DB31BFBAD62DC34280/libraries/SrcWrapper/LL/stm32yyxx_ll_dac.c.o
LOAD /tmp/arduino-sketch-CA9699AD043E48DB31BFBAD62DC34280/libraries/SrcWrapper/LL/stm32yyxx_ll_delayblock.c.o
LOAD /tmp/arduino-sketch-CA9699AD043E48DB31BFBAD62DC34280/libraries/SrcWrapper/LL/stm32yyxx_ll_dma.c.o
LOAD /tmp/arduino-sketch-CA9699AD043E48DB31BFBAD62DC34280/libraries/SrcWrapper/LL/stm32yyxx_ll_dma2d.c.o
LOAD /tmp/arduino-sketch-CA9699AD043E48DB31BFBAD62DC34280/libraries/SrcWrapper/LL/stm32yyxx_ll_exti.c.o
LOAD /tmp/arduino-sketch-CA9699AD043E48DB31BFBAD62DC34280/libraries/SrcWrapper/LL/stm32yyxx_ll_fmac.c.o
LOAD /tmp/arduino-sketch-CA9699AD043E48DB31BFBAD62DC34280/libraries/SrcWrapper/LL/stm32yyxx_ll_fmc.c.o
LOAD /tmp/arduino-sketch-CA9699AD043E48DB31BFBAD62DC34280/libraries/SrcWrapper/LL/stm32yyxx_ll_fsmc.c.o
LOAD /tmp/arduino-sketch-CA9699AD043E48DB31BFBAD62DC34280/libraries/SrcWrapper/LL/stm32yyxx_ll_gpio.c.o
LOAD /tmp/arduino-sketch-CA9699AD043E48DB31BFBAD62DC34280/libraries/SrcWrapper/LL/stm32yyxx_ll_hrtim.c.o
LOAD /tmp/arduino-sketch-CA9699AD043E48DB31BFBAD62DC34280/libraries/SrcWrapper/LL/stm32yyxx_ll_i2c.c.o
LOAD /tmp/arduino-sketch-CA9699AD043E48DB31BFBAD62DC34280/libraries/SrcWrapper/LL/stm32yyxx_ll_lptim.c.o
LOAD /tmp/arduino-sketch-CA9699AD043E48DB31BFBAD62DC34280/libraries/SrcWrapper/LL/stm32yyxx_ll_lpuart.c.o
LOAD /tmp/arduino-sketch-CA9699AD043E48DB31BFBAD62DC34280/libraries/SrcWrapper/LL/stm32yyxx_ll_mdma.c.o
LOAD /tmp/arduino-sketch-CA9699AD043E48DB31BFBAD62DC34280/libraries/SrcWrapper/LL/stm32yyxx_ll_opamp.c.o
LOAD /tmp/arduino-sketch-CA9699AD043E48DB31BFBAD62DC34280/libraries/SrcWrapper/LL/stm32yyxx_ll_pka.c.o
LOAD /tmp/arduino-sketch-CA9699AD043E48DB31BFBAD62DC34280/libraries/SrcWrapper/LL/stm32yyxx_ll_pwr.c.o
LOAD /tmp/arduino-sketch-CA9699AD043E48DB31BFBAD62DC34280/libraries/SrcWrapper/LL/stm32yyxx_ll_rcc.c.o
LOAD /tmp/arduino-sketch-CA9699AD043E48DB31BFBAD62DC34280/libraries/SrcWrapper/LL/stm32yyxx_ll_rng.c.o
LOAD /tmp/arduino-sketch-CA9699AD043E48DB31BFBAD62DC34280/libraries/SrcWrapper/LL/stm32yyxx_ll_rtc.c.o
LOAD /tmp/arduino-sketch-CA9699AD043E48DB31BFBAD62DC34280/libraries/SrcWrapper/LL/stm32yyxx_ll_sdmmc.c.o
LOAD /tmp/arduino-sketch-CA9699AD043E48DB31BFBAD62DC34280/libraries/SrcWrapper/LL/stm32yyxx_ll_spi.c.o
LOAD /tmp/arduino-sketch-CA9699AD043E48DB31BFBAD62DC34280/libraries/SrcWrapper/LL/stm32yyxx_ll_swpmi.c.o
LOAD /tmp/arduino-sketch-CA9699AD043E48DB31BFBAD62DC34280/libraries/SrcWrapper/LL/stm32yyxx_ll_tim.c.o
LOAD /tmp/arduino-sketch-CA9699AD043E48DB31BFBAD62DC34280/libraries/SrcWrapper/LL/stm32yyxx_ll_ucpd.c.o
LOAD /tmp/arduino-sketch-CA9699AD043E48DB31BFBAD62DC34280/libraries/SrcWrapper/LL/stm32yyxx_ll_usart.c.o
LOAD /tmp/arduino-sketch-CA9699AD043E48DB31BFBAD62DC34280/libraries/SrcWrapper/LL/stm32yyxx_ll_usb.c.o
LOAD /tmp/arduino-sketch-CA9699AD043E48DB31BFBAD62DC34280/libraries/SrcWrapper/LL/stm32yyxx_ll_utils.c.o
LOAD /tmp/arduino-sketch-CA9699AD043E48DB31BFBAD62DC34280/libraries/SrcWrapper/stm32/PortNames.c.o
LOAD /tmp/arduino-sketch-CA9699AD043E48DB31BFBAD62DC34280/libraries/SrcWrapper/stm32/bootloader.c.o
LOAD /tmp/arduino-sketch-CA9699AD043E48DB31BFBAD62DC34280/libraries/SrcWrapper/stm32/clock.c.o
LOAD /tmp/arduino-sketch-CA9699AD043E48DB31BFBAD62DC34280/libraries/SrcWrapper/stm32/core_callback.c.o
LOAD /tmp/arduino-sketch-CA9699AD043E48DB31BFBAD62DC34280/libraries/SrcWrapper/stm32/dwt.c.o
LOAD /tmp/arduino-sketch-CA9699AD043E48DB31BFBAD62DC34280/libraries/SrcWrapper/stm32/hw_config.c.o
LOAD /tmp/arduino-sketch-CA9699AD043E48DB31BFBAD62DC34280/libraries/SrcWrapper/stm32/lock_resource.c.o
LOAD /tmp/arduino-sketch-CA9699AD043E48DB31BFBAD62DC34280/libraries/SrcWrapper/stm32/low_power.c.o
LOAD /tmp/arduino-sketch-CA9699AD043E48DB31BFBAD62DC34280/libraries/SrcWrapper/stm32/pinmap.c.o
LOAD /tmp/arduino-sketch-CA9699AD043E48DB31BFBAD62DC34280/libraries/SrcWrapper/stm32/rtc.c.o
LOAD /tmp/arduino-sketch-CA9699AD043E48DB31BFBAD62DC34280/libraries/SrcWrapper/stm32/stm32_def.c.o
LOAD /tmp/arduino-sketch-CA9699AD043E48DB31BFBAD62DC34280/libraries/SrcWrapper/stm32/stm32_eeprom.c.o
LOAD /tmp/arduino-sketch-CA9699AD043E48DB31BFBAD62DC34280/libraries/SrcWrapper/stm32/system_stm32yyxx.c.o
LOAD /tmp/arduino-sketch-CA9699AD043E48DB31BFBAD62DC34280/libraries/SrcWrapper/stm32/timer.c.o
LOAD /tmp/arduino-sketch-CA9699AD043E48DB31BFBAD62DC34280/libraries/SrcWrapper/stm32/uart.c.o
LOAD /tmp/arduino-sketch-CA9699AD043E48DB31BFBAD62DC34280/libraries/SrcWrapper/stm32/analog.cpp.o
LOAD /tmp/arduino-sketch-CA9699AD043E48DB31BFBAD62DC34280/libraries/SrcWrapper/stm32/interrupt.cpp.o
LOAD /tmp/arduino-sketch-CA9699AD043E48DB31BFBAD62DC34280/core/PeripheralPins.c.o
LOAD /tmp/arduino-sketch-CA9699AD043E48DB31BFBAD62DC34280/core/variant.cpp.o
LOAD /tmp/arduino-core-cache/core_aab683ffe2ca5cf4e880d4ca41cf57de.a
LOAD /home/john/.arduino15/packages/STM32/tools/xpack-arm-none-eabi-gcc/9.2.1-1.1/bin/../lib/gcc/arm-none-eabi/9.2.1/../../../../arm-none-eabi/lib/thumb/v7e-m+fp/hard/libc_nano.a
END GROUP
LOAD /home/john/.arduino15/packages/STM32/tools/xpack-arm-none-eabi-gcc/9.2.1-1.1/bin/../lib/gcc/arm-none-eabi/9.2.1/../../../../arm-none-eabi/lib/thumb/v7e-m+fp/hard/libm.a
LOAD /home/john/.arduino15/packages/STM32/tools/xpack-arm-none-eabi-gcc/9.2.1-1.1/bin/../lib/gcc/arm-none-eabi/9.2.1/thumb/v7e-m+fp/hard/libgcc.a
LOAD /home/john/.arduino15/packages/STM32/tools/xpack-arm-none-eabi-gcc/9.2.1-1.1/bin/../lib/gcc/arm-none-eabi/9.2.1/../../../../arm-none-eabi/lib/thumb/v7e-m+fp/hard/libstdc++_nano.a
START GROUP
LOAD /home/john/.arduino15/packages/STM32/tools/xpack-arm-none-eabi-gcc/9.2.1-1.1/bin/../lib/gcc/arm-none-eabi/9.2.1/thumb/v7e-m+fp/hard/libgcc.a
LOAD /home/john/.arduino15/packages/STM32/tools/xpack-arm-none-eabi-gcc/9.2.1-1.1/bin/../lib/gcc/arm-none-eabi/9.2.1/../../../../arm-none-eabi/lib/thumb/v7e-m+fp/hard/libc_nano.a
END GROUP
START GROUP
LOAD /home/john/.arduino15/packages/STM32/tools/xpack-arm-none-eabi-gcc/9.2.1-1.1/bin/../lib/gcc/arm-none-eabi/9.2.1/thumb/v7e-m+fp/hard/libgcc.a
LOAD /home/john/.arduino15/packages/STM32/tools/xpack-arm-none-eabi-gcc/9.2.1-1.1/bin/../lib/gcc/arm-none-eabi/9.2.1/../../../../arm-none-eabi/lib/thumb/v7e-m+fp/hard/libc_nano.a
END GROUP
LOAD /home/john/.arduino15/packages/STM32/tools/xpack-arm-none-eabi-gcc/9.2.1-1.1/bin/../lib/gcc/arm-none-eabi/9.2.1/thumb/v7e-m+fp/hard/crtend.o
LOAD /home/john/.arduino15/packages/STM32/tools/xpack-arm-none-eabi-gcc/9.2.1-1.1/bin/../lib/gcc/arm-none-eabi/9.2.1/thumb/v7e-m+fp/hard/crtn.o
                0x0000000020018000                _estack = (ORIGIN (RAM) + LENGTH (RAM))
                0x0000000000000200                _Min_Heap_Size = 0x200
                0x0000000000000400                _Min_Stack_Size = 0x400

.isr_vector     0x0000000008000000      0x194
                0x0000000008000000                . = ALIGN (0x4)
 *(.isr_vector)
 .isr_vector    0x0000000008000000      0x194 /tmp/arduino-core-cache/core_aab683ffe2ca5cf4e880d4ca41cf57de.a(startup_stm32yyxx.S.o)
                0x0000000008000000                g_pfnVectors
                0x0000000008000194                . = ALIGN (0x4)

.text           0x0000000008000194     0x467c
                0x0000000008000194                . = ALIGN (0x4)
 *(.text)
 .text          0x0000000008000194       0x10 /home/john/.arduino15/packages/STM32/tools/xpack-arm-none-eabi-gcc/9.2.1-1.1/bin/../lib/gcc/arm-none-eabi/9.2.1/../../../../arm-none-eabi/lib/thumb/v7e-m+fp/hard/libc_nano.a(lib_a-strlen.o)
                0x0000000008000194                strlen
 .text          0x00000000080001a4      0x378 /home/john/.arduino15/packages/STM32/tools/xpack-arm-none-eabi-gcc/9.2.1-1.1/bin/../lib/gcc/arm-none-eabi/9.2.1/thumb/v7e-m+fp/hard/libgcc.a(_arm_addsubdf3.o)
                0x00000000080001a4                __aeabi_drsub
                0x00000000080001ac                __aeabi_dsub
                0x00000000080001ac                __subdf3
                0x00000000080001b0                __adddf3
                0x00000000080001b0                __aeabi_dadd
                0x0000000008000428                __aeabi_ui2d
                0x0000000008000428                __floatunsidf
                0x0000000008000448                __floatsidf
                0x0000000008000448                __aeabi_i2d
                0x000000000800046c                __extendsfdf2
                0x000000000800046c                __aeabi_f2d
                0x00000000080004b0                __aeabi_ul2d
                0x00000000080004b0                __floatundidf
                0x00000000080004c0                __floatdidf
                0x00000000080004c0                __aeabi_l2d
 .text          0x000000000800051c      0x424 /home/john/.arduino15/packages/STM32/tools/xpack-arm-none-eabi-gcc/9.2.1-1.1/bin/../lib/gcc/arm-none-eabi/9.2.1/thumb/v7e-m+fp/hard/libgcc.a(_arm_muldivdf3.o)
                0x000000000800051c                __aeabi_dmul
                0x000000000800051c                __muldf3
                0x0000000008000770                __aeabi_ddiv
                0x0000000008000770                __divdf3
 .text          0x0000000008000940      0x110 /home/john/.arduino15/packages/STM32/tools/xpack-arm-none-eabi-gcc/9.2.1-1.1/bin/../lib/gcc/arm-none-eabi/9.2.1/thumb/v7e-m+fp/hard/libgcc.a(_arm_cmpdf2.o)
                0x0000000008000940                __gtdf2
                0x0000000008000940                __gedf2
                0x0000000008000948                __ltdf2
                0x0000000008000948                __ledf2
                0x0000000008000950                __cmpdf2
                0x0000000008000950                __eqdf2
                0x0000000008000950                __nedf2
                0x00000000080009cc                __aeabi_cdrcmple
                0x00000000080009dc                __aeabi_cdcmple
                0x00000000080009dc                __aeabi_cdcmpeq
                0x00000000080009ec                __aeabi_dcmpeq
                0x0000000008000a00                __aeabi_dcmplt
                0x0000000008000a14                __aeabi_dcmple
                0x0000000008000a28                __aeabi_dcmpge
                0x0000000008000a3c                __aeabi_dcmpgt
 .text          0x0000000008000a50       0x2c /home/john/.arduino15/packages/STM32/tools/xpack-arm-none-eabi-gcc/9.2.1-1.1/bin/../lib/gcc/arm-none-eabi/9.2.1/thumb/v7e-m+fp/hard/libgcc.a(_arm_unorddf2.o)
                0x0000000008000a50                __aeabi_dcmpun
                0x0000000008000a50                __unorddf2
 .text          0x0000000008000a7c       0x50 /home/john/.arduino15/packages/STM32/tools/xpack-arm-none-eabi-gcc/9.2.1-1.1/bin/../lib/gcc/arm-none-eabi/9.2.1/thumb/v7e-m+fp/hard/libgcc.a(_arm_fixdfsi.o)
                0x0000000008000a7c                __fixdfsi
                0x0000000008000a7c                __aeabi_d2iz
 .text          0x0000000008000acc       0x40 /home/john/.arduino15/packages/STM32/tools/xpack-arm-none-eabi-gcc/9.2.1-1.1/bin/../lib/gcc/arm-none-eabi/9.2.1/thumb/v7e-m+fp/hard/libgcc.a(_arm_fixunsdfsi.o)
                0x0000000008000acc                __fixunsdfsi
                0x0000000008000acc                __aeabi_d2uiz
 .text          0x0000000008000b0c       0x30 /home/john/.arduino15/packages/STM32/tools/xpack-arm-none-eabi-gcc/9.2.1-1.1/bin/../lib/gcc/arm-none-eabi/9.2.1/thumb/v7e-m+fp/hard/libgcc.a(_aeabi_uldivmod.o)
                0x0000000008000b0c                __aeabi_uldivmod
 .text          0x0000000008000b3c        0x4 /home/john/.arduino15/packages/STM32/tools/xpack-arm-none-eabi-gcc/9.2.1-1.1/bin/../lib/gcc/arm-none-eabi/9.2.1/thumb/v7e-m+fp/hard/libgcc.a(_dvmd_tls.o)
                0x0000000008000b3c                __aeabi_ldiv0
                0x0000000008000b3c                __aeabi_idiv0
 *(.text*)
 .text.__do_global_dtors_aux
                0x0000000008000b40       0x24 /home/john/.arduino15/packages/STM32/tools/xpack-arm-none-eabi-gcc/9.2.1-1.1/bin/../lib/gcc/arm-none-eabi/9.2.1/thumb/v7e-m+fp/hard/crtbegin.o
 .text.frame_dummy
                0x0000000008000b64       0x1c /home/john/.arduino15/packages/STM32/tools/xpack-arm-none-eabi-gcc/9.2.1-1.1/bin/../lib/gcc/arm-none-eabi/9.2.1/thumb/v7e-m+fp/hard/crtbegin.o
 .text._Z11encoder_ISRv
                0x0000000008000b80       0x1c /tmp/arduino-sketch-CA9699AD043E48DB31BFBAD62DC34280/sketch/foil-actuator.ino.cpp.o
                0x0000000008000b80                encoder_ISR()
 .text.HAL_SYSTICK_Callback
                0x0000000008000b9c       0x84 /tmp/arduino-sketch-CA9699AD043E48DB31BFBAD62DC34280/sketch/foil-actuator.ino.cpp.o
                0x0000000008000b9c                HAL_SYSTICK_Callback
 .text.setup    0x0000000008000c20       0x48 /tmp/arduino-sketch-CA9699AD043E48DB31BFBAD62DC34280/sketch/foil-actuator.ino.cpp.o
                0x0000000008000c20                setup
 .text.loop     0x0000000008000c68       0x2c /tmp/arduino-sketch-CA9699AD043E48DB31BFBAD62DC34280/sketch/foil-actuator.ino.cpp.o
                0x0000000008000c68                loop
 .text.startup._GLOBAL__sub_I_motor_shield
                0x0000000008000c94       0x20 /tmp/arduino-sketch-CA9699AD043E48DB31BFBAD62DC34280/sketch/foil-actuator.ino.cpp.o
 .text._ZN22DualVNH5019MotorShieldC2Ev
                0x0000000008000cb4       0x2a /tmp/arduino-sketch-CA9699AD043E48DB31BFBAD62DC34280/libraries/dual-vnh5019-motor-shield/DualVNH5019MotorShield.cpp.o
                0x0000000008000cb4                DualVNH5019MotorShield::DualVNH5019MotorShield()
                0x0000000008000cb4                DualVNH5019MotorShield::DualVNH5019MotorShield()
 .text._ZN22DualVNH5019MotorShield4initEv
                0x0000000008000cde       0x58 /tmp/arduino-sketch-CA9699AD043E48DB31BFBAD62DC34280/libraries/dual-vnh5019-motor-shield/DualVNH5019MotorShield.cpp.o
                0x0000000008000cde                DualVNH5019MotorShield::init()
 .text._ZN22DualVNH5019MotorShield10setM1SpeedEi
                0x0000000008000d36       0x56 /tmp/arduino-sketch-CA9699AD043E48DB31BFBAD62DC34280/libraries/dual-vnh5019-motor-shield/DualVNH5019MotorShield.cpp.o
                0x0000000008000d36                DualVNH5019MotorShield::setM1Speed(int)
 .text._sbrk    0x0000000008000d8c       0x3c /tmp/arduino-sketch-CA9699AD043E48DB31BFBAD62DC34280/libraries/SrcWrapper/syscalls.c.o
                0x0000000008000d8c                _sbrk
 .text._exit    0x0000000008000dc8        0x2 /tmp/arduino-sketch-CA9699AD043E48DB31BFBAD62DC34280/libraries/SrcWrapper/syscalls.c.o
                0x0000000008000dc8                _exit
 *fill*         0x0000000008000dca        0x2 
 .text._kill    0x0000000008000dcc       0x10 /tmp/arduino-sketch-CA9699AD043E48DB31BFBAD62DC34280/libraries/SrcWrapper/syscalls.c.o
                0x0000000008000dcc                _kill
 .text._getpid  0x0000000008000ddc        0x4 /tmp/arduino-sketch-CA9699AD043E48DB31BFBAD62DC34280/libraries/SrcWrapper/syscalls.c.o
                0x0000000008000ddc                _getpid
 .text.HAL_MspInit
                0x0000000008000de0        0x2 /tmp/arduino-sketch-CA9699AD043E48DB31BFBAD62DC34280/libraries/SrcWrapper/HAL/stm32yyxx_hal.c.o
                0x0000000008000de0                HAL_MspInit
 *fill*         0x0000000008000de2        0x2 
 .text.HAL_InitTick
                0x0000000008000de4       0x48 /tmp/arduino-sketch-CA9699AD043E48DB31BFBAD62DC34280/libraries/SrcWrapper/HAL/stm32yyxx_hal.c.o
                0x0000000008000de4                HAL_InitTick
 .text.HAL_Init
                0x0000000008000e2c       0x34 /tmp/arduino-sketch-CA9699AD043E48DB31BFBAD62DC34280/libraries/SrcWrapper/HAL/stm32yyxx_hal.c.o
                0x0000000008000e2c                HAL_Init
 .text.HAL_IncTick
                0x0000000008000e60       0x18 /tmp/arduino-sketch-CA9699AD043E48DB31BFBAD62DC34280/libraries/SrcWrapper/HAL/stm32yyxx_hal.c.o
                0x0000000008000e60                HAL_IncTick
 .text.HAL_GetTick
                0x0000000008000e78        0xc /tmp/arduino-sketch-CA9699AD043E48DB31BFBAD62DC34280/libraries/SrcWrapper/HAL/stm32yyxx_hal.c.o
                0x0000000008000e78                HAL_GetTick
 .text.HAL_NVIC_SetPriorityGrouping
                0x0000000008000e84       0x24 /tmp/arduino-sketch-CA9699AD043E48DB31BFBAD62DC34280/libraries/SrcWrapper/HAL/stm32yyxx_hal_cortex.c.o
                0x0000000008000e84                HAL_NVIC_SetPriorityGrouping
 .text.HAL_NVIC_SetPriority
                0x0000000008000ea8       0x64 /tmp/arduino-sketch-CA9699AD043E48DB31BFBAD62DC34280/libraries/SrcWrapper/HAL/stm32yyxx_hal_cortex.c.o
                0x0000000008000ea8                HAL_NVIC_SetPriority
 .text.HAL_NVIC_EnableIRQ
                0x0000000008000f0c       0x1c /tmp/arduino-sketch-CA9699AD043E48DB31BFBAD62DC34280/libraries/SrcWrapper/HAL/stm32yyxx_hal_cortex.c.o
                0x0000000008000f0c                HAL_NVIC_EnableIRQ
 .text.HAL_NVIC_DisableIRQ
                0x0000000008000f28       0x28 /tmp/arduino-sketch-CA9699AD043E48DB31BFBAD62DC34280/libraries/SrcWrapper/HAL/stm32yyxx_hal_cortex.c.o
                0x0000000008000f28                HAL_NVIC_DisableIRQ
 .text.HAL_SYSTICK_Config
                0x0000000008000f50       0x2c /tmp/arduino-sketch-CA9699AD043E48DB31BFBAD62DC34280/libraries/SrcWrapper/HAL/stm32yyxx_hal_cortex.c.o
                0x0000000008000f50                HAL_SYSTICK_Config
 .text.HAL_NVIC_ClearPendingIRQ
                0x0000000008000f7c       0x20 /tmp/arduino-sketch-CA9699AD043E48DB31BFBAD62DC34280/libraries/SrcWrapper/HAL/stm32yyxx_hal_cortex.c.o
                0x0000000008000f7c                HAL_NVIC_ClearPendingIRQ
 .text.HAL_SYSTICK_IRQHandler
                0x0000000008000f9c        0x8 /tmp/arduino-sketch-CA9699AD043E48DB31BFBAD62DC34280/libraries/SrcWrapper/HAL/stm32yyxx_hal_cortex.c.o
                0x0000000008000f9c                HAL_SYSTICK_IRQHandler
 .text.HAL_DMA_Abort_IT
                0x0000000008000fa4       0x24 /tmp/arduino-sketch-CA9699AD043E48DB31BFBAD62DC34280/libraries/SrcWrapper/HAL/stm32yyxx_hal_dma.c.o
                0x0000000008000fa4                HAL_DMA_Abort_IT
 .text.HAL_GPIO_Init
                0x0000000008000fc8      0x198 /tmp/arduino-sketch-CA9699AD043E48DB31BFBAD62DC34280/libraries/SrcWrapper/HAL/stm32yyxx_hal_gpio.c.o
                0x0000000008000fc8                HAL_GPIO_Init
 .text.HAL_GPIO_EXTI_IRQHandler
                0x0000000008001160       0x18 /tmp/arduino-sketch-CA9699AD043E48DB31BFBAD62DC34280/libraries/SrcWrapper/HAL/stm32yyxx_hal_gpio.c.o
                0x0000000008001160                HAL_GPIO_EXTI_IRQHandler
 .text.HAL_RCC_OscConfig
                0x0000000008001178      0x350 /tmp/arduino-sketch-CA9699AD043E48DB31BFBAD62DC34280/libraries/SrcWrapper/HAL/stm32yyxx_hal_rcc.c.o
                0x0000000008001178                HAL_RCC_OscConfig
 .text.HAL_RCC_GetSysClockFreq
                0x00000000080014c8       0x5c /tmp/arduino-sketch-CA9699AD043E48DB31BFBAD62DC34280/libraries/SrcWrapper/HAL/stm32yyxx_hal_rcc.c.o
                0x00000000080014c8                HAL_RCC_GetSysClockFreq
 .text.HAL_RCC_ClockConfig
                0x0000000008001524      0x138 /tmp/arduino-sketch-CA9699AD043E48DB31BFBAD62DC34280/libraries/SrcWrapper/HAL/stm32yyxx_hal_rcc.c.o
                0x0000000008001524                HAL_RCC_ClockConfig
 .text.HAL_RCC_GetHCLKFreq
                0x000000000800165c        0xc /tmp/arduino-sketch-CA9699AD043E48DB31BFBAD62DC34280/libraries/SrcWrapper/HAL/stm32yyxx_hal_rcc.c.o
                0x000000000800165c                HAL_RCC_GetHCLKFreq
 .text.HAL_RCC_GetPCLK1Freq
                0x0000000008001668       0x20 /tmp/arduino-sketch-CA9699AD043E48DB31BFBAD62DC34280/libraries/SrcWrapper/HAL/stm32yyxx_hal_rcc.c.o
                0x0000000008001668                HAL_RCC_GetPCLK1Freq
 .text.HAL_RCC_GetPCLK2Freq
                0x0000000008001688       0x20 /tmp/arduino-sketch-CA9699AD043E48DB31BFBAD62DC34280/libraries/SrcWrapper/HAL/stm32yyxx_hal_rcc.c.o
                0x0000000008001688                HAL_RCC_GetPCLK2Freq
 .text.HAL_RCC_GetClockConfig
                0x00000000080016a8       0x3c /tmp/arduino-sketch-CA9699AD043E48DB31BFBAD62DC34280/libraries/SrcWrapper/HAL/stm32yyxx_hal_rcc.c.o
                0x00000000080016a8                HAL_RCC_GetClockConfig
 .text.HAL_RCCEx_GetPeriphCLKConfig
                0x00000000080016e4       0x3c /tmp/arduino-sketch-CA9699AD043E48DB31BFBAD62DC34280/libraries/SrcWrapper/HAL/stm32yyxx_hal_rcc_ex.c.o
                0x00000000080016e4                HAL_RCCEx_GetPeriphCLKConfig
 .text.HAL_RTC_AlarmIRQHandler
                0x0000000008001720       0x54 /tmp/arduino-sketch-CA9699AD043E48DB31BFBAD62DC34280/libraries/SrcWrapper/HAL/stm32yyxx_hal_rtc.c.o
                0x0000000008001720                HAL_RTC_AlarmIRQHandler
 .text.HAL_RTCEx_AlarmBEventCallback
                0x0000000008001774        0x2 /tmp/arduino-sketch-CA9699AD043E48DB31BFBAD62DC34280/libraries/SrcWrapper/HAL/stm32yyxx_hal_rtc_ex.c.o
                0x0000000008001774                HAL_RTCEx_AlarmBEventCallback
 *fill*         0x0000000008001776        0x2 
 .text.TIM_OC1_SetConfig
                0x0000000008001778       0x50 /tmp/arduino-sketch-CA9699AD043E48DB31BFBAD62DC34280/libraries/SrcWrapper/HAL/stm32yyxx_hal_tim.c.o
 .text.TIM_OC3_SetConfig
                0x00000000080017c8       0x54 /tmp/arduino-sketch-CA9699AD043E48DB31BFBAD62DC34280/libraries/SrcWrapper/HAL/stm32yyxx_hal_tim.c.o
 .text.TIM_OC4_SetConfig
                0x000000000800181c       0x44 /tmp/arduino-sketch-CA9699AD043E48DB31BFBAD62DC34280/libraries/SrcWrapper/HAL/stm32yyxx_hal_tim.c.o
 .text.HAL_TIM_Base_Start
                0x0000000008001860       0x24 /tmp/arduino-sketch-CA9699AD043E48DB31BFBAD62DC34280/libraries/SrcWrapper/HAL/stm32yyxx_hal_tim.c.o
                0x0000000008001860                HAL_TIM_Base_Start
 .text.HAL_TIM_PWM_PulseFinishedCallback
                0x0000000008001884        0x2 /tmp/arduino-sketch-CA9699AD043E48DB31BFBAD62DC34280/libraries/SrcWrapper/HAL/stm32yyxx_hal_tim.c.o
                0x0000000008001884                HAL_TIM_PWM_PulseFinishedCallback
 .text.HAL_TIM_TriggerCallback
                0x0000000008001886        0x2 /tmp/arduino-sketch-CA9699AD043E48DB31BFBAD62DC34280/libraries/SrcWrapper/HAL/stm32yyxx_hal_tim.c.o
                0x0000000008001886                HAL_TIM_TriggerCallback
 .text.HAL_TIM_IRQHandler
                0x0000000008001888      0x144 /tmp/arduino-sketch-CA9699AD043E48DB31BFBAD62DC34280/libraries/SrcWrapper/HAL/stm32yyxx_hal_tim.c.o
                0x0000000008001888                HAL_TIM_IRQHandler
 .text.TIM_Base_SetConfig
                0x00000000080019cc       0x9c /tmp/arduino-sketch-CA9699AD043E48DB31BFBAD62DC34280/libraries/SrcWrapper/HAL/stm32yyxx_hal_tim.c.o
                0x00000000080019cc                TIM_Base_SetConfig
 .text.HAL_TIM_Base_Init
                0x0000000008001a68       0x34 /tmp/arduino-sketch-CA9699AD043E48DB31BFBAD62DC34280/libraries/SrcWrapper/HAL/stm32yyxx_hal_tim.c.o
                0x0000000008001a68                HAL_TIM_Base_Init
 .text.TIM_OC2_SetConfig
                0x0000000008001a9c       0x58 /tmp/arduino-sketch-CA9699AD043E48DB31BFBAD62DC34280/libraries/SrcWrapper/HAL/stm32yyxx_hal_tim.c.o
                0x0000000008001a9c                TIM_OC2_SetConfig
 .text.HAL_TIM_OC_ConfigChannel
                0x0000000008001af4       0x58 /tmp/arduino-sketch-CA9699AD043E48DB31BFBAD62DC34280/libraries/SrcWrapper/HAL/stm32yyxx_hal_tim.c.o
                0x0000000008001af4                HAL_TIM_OC_ConfigChannel
 .text.HAL_TIM_PWM_ConfigChannel
                0x0000000008001b4c       0xc0 /tmp/arduino-sketch-CA9699AD043E48DB31BFBAD62DC34280/libraries/SrcWrapper/HAL/stm32yyxx_hal_tim.c.o
                0x0000000008001b4c                HAL_TIM_PWM_ConfigChannel
 .text.TIM_TI1_SetConfig
                0x0000000008001c0c       0x64 /tmp/arduino-sketch-CA9699AD043E48DB31BFBAD62DC34280/libraries/SrcWrapper/HAL/stm32yyxx_hal_tim.c.o
                0x0000000008001c0c                TIM_TI1_SetConfig
 .text.HAL_TIM_IC_ConfigChannel
                0x0000000008001c70      0x114 /tmp/arduino-sketch-CA9699AD043E48DB31BFBAD62DC34280/libraries/SrcWrapper/HAL/stm32yyxx_hal_tim.c.o
                0x0000000008001c70                HAL_TIM_IC_ConfigChannel
 .text.TIM_CCxChannelCmd
                0x0000000008001d84       0x1c /tmp/arduino-sketch-CA9699AD043E48DB31BFBAD62DC34280/libraries/SrcWrapper/HAL/stm32yyxx_hal_tim.c.o
                0x0000000008001d84                TIM_CCxChannelCmd
 .text.HAL_TIM_OC_Start
                0x0000000008001da0       0x38 /tmp/arduino-sketch-CA9699AD043E48DB31BFBAD62DC34280/libraries/SrcWrapper/HAL/stm32yyxx_hal_tim.c.o
                0x0000000008001da0                HAL_TIM_OC_Start
 .text.HAL_TIM_PWM_Start
                0x0000000008001dd8        0x4 /tmp/arduino-sketch-CA9699AD043E48DB31BFBAD62DC34280/libraries/SrcWrapper/HAL/stm32yyxx_hal_tim.c.o
                0x0000000008001dd8                HAL_TIM_PWM_Start
 .text.HAL_TIM_IC_Start
                0x0000000008001ddc       0x24 /tmp/arduino-sketch-CA9699AD043E48DB31BFBAD62DC34280/libraries/SrcWrapper/HAL/stm32yyxx_hal_tim.c.o
                0x0000000008001ddc                HAL_TIM_IC_Start
 .text.TIM_CCxNChannelCmd
                0x0000000008001e00       0x1c /tmp/arduino-sketch-CA9699AD043E48DB31BFBAD62DC34280/libraries/SrcWrapper/HAL/stm32yyxx_hal_tim_ex.c.o
 .text.HAL_TIMEx_OCN_Start
                0x0000000008001e1c       0x2c /tmp/arduino-sketch-CA9699AD043E48DB31BFBAD62DC34280/libraries/SrcWrapper/HAL/stm32yyxx_hal_tim_ex.c.o
                0x0000000008001e1c                HAL_TIMEx_OCN_Start
 .text.HAL_TIMEx_PWMN_Start
                0x0000000008001e48        0x4 /tmp/arduino-sketch-CA9699AD043E48DB31BFBAD62DC34280/libraries/SrcWrapper/HAL/stm32yyxx_hal_tim_ex.c.o
                0x0000000008001e48                HAL_TIMEx_PWMN_Start
 .text.HAL_TIMEx_CommutCallback
                0x0000000008001e4c        0x2 /tmp/arduino-sketch-CA9699AD043E48DB31BFBAD62DC34280/libraries/SrcWrapper/HAL/stm32yyxx_hal_tim_ex.c.o
                0x0000000008001e4c                HAL_TIMEx_CommutCallback
 .text.HAL_TIMEx_BreakCallback
                0x0000000008001e4e        0x2 /tmp/arduino-sketch-CA9699AD043E48DB31BFBAD62DC34280/libraries/SrcWrapper/HAL/stm32yyxx_hal_tim_ex.c.o
                0x0000000008001e4e                HAL_TIMEx_BreakCallback
 .text.UART_EndRxTransfer
                0x0000000008001e50       0x1a /tmp/arduino-sketch-CA9699AD043E48DB31BFBAD62DC34280/libraries/SrcWrapper/HAL/stm32yyxx_hal_uart.c.o
 *fill*         0x0000000008001e6a        0x2 
 .text.UART_SetConfig
                0x0000000008001e6c       0xdc /tmp/arduino-sketch-CA9699AD043E48DB31BFBAD62DC34280/libraries/SrcWrapper/HAL/stm32yyxx_hal_uart.c.o
 .text.HAL_UART_MspInit
                0x0000000008001f48        0x2 /tmp/arduino-sketch-CA9699AD043E48DB31BFBAD62DC34280/libraries/SrcWrapper/HAL/stm32yyxx_hal_uart.c.o
                0x0000000008001f48                HAL_UART_MspInit
 .text.HAL_UART_Init
                0x0000000008001f4a       0x5c /tmp/arduino-sketch-CA9699AD043E48DB31BFBAD62DC34280/libraries/SrcWrapper/HAL/stm32yyxx_hal_uart.c.o
                0x0000000008001f4a                HAL_UART_Init
 .text.HAL_HalfDuplex_Init
                0x0000000008001fa6       0x64 /tmp/arduino-sketch-CA9699AD043E48DB31BFBAD62DC34280/libraries/SrcWrapper/HAL/stm32yyxx_hal_uart.c.o
                0x0000000008001fa6                HAL_HalfDuplex_Init
 .text.HAL_UART_Transmit_IT
                0x000000000800200a       0x3e /tmp/arduino-sketch-CA9699AD043E48DB31BFBAD62DC34280/libraries/SrcWrapper/HAL/stm32yyxx_hal_uart.c.o
                0x000000000800200a                HAL_UART_Transmit_IT
 .text.HAL_UART_Receive_IT
                0x0000000008002048       0x4e /tmp/arduino-sketch-CA9699AD043E48DB31BFBAD62DC34280/libraries/SrcWrapper/HAL/stm32yyxx_hal_uart.c.o
                0x0000000008002048                HAL_UART_Receive_IT
 .text.UART_Receive_IT
                0x0000000008002096       0x76 /tmp/arduino-sketch-CA9699AD043E48DB31BFBAD62DC34280/libraries/SrcWrapper/HAL/stm32yyxx_hal_uart.c.o
 .text.HAL_UART_IRQHandler
                0x000000000800210c      0x148 /tmp/arduino-sketch-CA9699AD043E48DB31BFBAD62DC34280/libraries/SrcWrapper/HAL/stm32yyxx_hal_uart.c.o
                0x000000000800210c                HAL_UART_IRQHandler
 .text.UART_DMAAbortOnError
                0x0000000008002254       0x10 /tmp/arduino-sketch-CA9699AD043E48DB31BFBAD62DC34280/libraries/SrcWrapper/HAL/stm32yyxx_hal_uart.c.o
 .text.HAL_HalfDuplex_EnableTransmitter
                0x0000000008002264       0x30 /tmp/arduino-sketch-CA9699AD043E48DB31BFBAD62DC34280/libraries/SrcWrapper/HAL/stm32yyxx_hal_uart.c.o
                0x0000000008002264                HAL_HalfDuplex_EnableTransmitter
 .text.HAL_HalfDuplex_EnableReceiver
                0x0000000008002294       0x30 /tmp/arduino-sketch-CA9699AD043E48DB31BFBAD62DC34280/libraries/SrcWrapper/HAL/stm32yyxx_hal_uart.c.o
                0x0000000008002294                HAL_HalfDuplex_EnableReceiver
 .text.HAL_UART_GetState
                0x00000000080022c4        0xc /tmp/arduino-sketch-CA9699AD043E48DB31BFBAD62DC34280/libraries/SrcWrapper/HAL/stm32yyxx_hal_uart.c.o
                0x00000000080022c4                HAL_UART_GetState
 .text.set_GPIO_Port_Clock
                0x00000000080022d0       0xd0 /tmp/arduino-sketch-CA9699AD043E48DB31BFBAD62DC34280/libraries/SrcWrapper/stm32/PortNames.c.o
                0x00000000080022d0                set_GPIO_Port_Clock
 .text.getCurrentMillis
                0x00000000080023a0        0x4 /tmp/arduino-sketch-CA9699AD043E48DB31BFBAD62DC34280/libraries/SrcWrapper/stm32/clock.c.o
                0x00000000080023a0                getCurrentMillis
 .text.noOsSystickHandler
                0x00000000080023a4        0x2 /tmp/arduino-sketch-CA9699AD043E48DB31BFBAD62DC34280/libraries/SrcWrapper/stm32/clock.c.o
                0x00000000080023a4                noOsSystickHandler
                0x00000000080023a4                osSystickHandler
 .text.SysTick_Handler
                0x00000000080023a6       0x10 /tmp/arduino-sketch-CA9699AD043E48DB31BFBAD62DC34280/libraries/SrcWrapper/stm32/clock.c.o
                0x00000000080023a6                SysTick_Handler
 *fill*         0x00000000080023b6        0x2 
 .text.dwt_init
                0x00000000080023b8       0x38 /tmp/arduino-sketch-CA9699AD043E48DB31BFBAD62DC34280/libraries/SrcWrapper/stm32/dwt.c.o
                0x00000000080023b8                dwt_init
 .text.hw_config_init
                0x00000000080023f0       0x12 /tmp/arduino-sketch-CA9699AD043E48DB31BFBAD62DC34280/libraries/SrcWrapper/stm32/hw_config.c.o
                0x00000000080023f0                hw_config_init
 .text.LL_GPIO_SetPinOutputType
                0x0000000008002402       0x24 /tmp/arduino-sketch-CA9699AD043E48DB31BFBAD62DC34280/libraries/SrcWrapper/stm32/pinmap.c.o
 .text.LL_GPIO_SetPinPull
                0x0000000008002426       0x2a /tmp/arduino-sketch-CA9699AD043E48DB31BFBAD62DC34280/libraries/SrcWrapper/stm32/pinmap.c.o
 .text.pin_in_pinmap
                0x0000000008002450       0x1e /tmp/arduino-sketch-CA9699AD043E48DB31BFBAD62DC34280/libraries/SrcWrapper/stm32/pinmap.c.o
                0x0000000008002450                pin_in_pinmap
 *fill*         0x000000000800246e        0x2 
 .text.pin_function
                0x0000000008002470      0x130 /tmp/arduino-sketch-CA9699AD043E48DB31BFBAD62DC34280/libraries/SrcWrapper/stm32/pinmap.c.o
                0x0000000008002470                pin_function
 .text.pinmap_pinout
                0x00000000080025a0       0x28 /tmp/arduino-sketch-CA9699AD043E48DB31BFBAD62DC34280/libraries/SrcWrapper/stm32/pinmap.c.o
                0x00000000080025a0                pinmap_pinout
 .text.pinmap_find_peripheral
                0x00000000080025c8       0x18 /tmp/arduino-sketch-CA9699AD043E48DB31BFBAD62DC34280/libraries/SrcWrapper/stm32/pinmap.c.o
                0x00000000080025c8                pinmap_find_peripheral
 .text.pinmap_peripheral
                0x00000000080025e0        0xc /tmp/arduino-sketch-CA9699AD043E48DB31BFBAD62DC34280/libraries/SrcWrapper/stm32/pinmap.c.o
                0x00000000080025e0                pinmap_peripheral
 .text.pinmap_find_pin
                0x00000000080025ec       0x18 /tmp/arduino-sketch-CA9699AD043E48DB31BFBAD62DC34280/libraries/SrcWrapper/stm32/pinmap.c.o
                0x00000000080025ec                pinmap_find_pin
 .text.pinmap_pin
                0x0000000008002604        0xc /tmp/arduino-sketch-CA9699AD043E48DB31BFBAD62DC34280/libraries/SrcWrapper/stm32/pinmap.c.o
                0x0000000008002604                pinmap_pin
 .text.pinmap_find_function
                0x0000000008002610       0x18 /tmp/arduino-sketch-CA9699AD043E48DB31BFBAD62DC34280/libraries/SrcWrapper/stm32/pinmap.c.o
                0x0000000008002610                pinmap_find_function
 .text.pinmap_function
                0x0000000008002628        0xa /tmp/arduino-sketch-CA9699AD043E48DB31BFBAD62DC34280/libraries/SrcWrapper/stm32/pinmap.c.o
                0x0000000008002628                pinmap_function
 .text.pinmap_merge_peripheral
                0x0000000008002632       0x12 /tmp/arduino-sketch-CA9699AD043E48DB31BFBAD62DC34280/libraries/SrcWrapper/stm32/pinmap.c.o
                0x0000000008002632                pinmap_merge_peripheral
 .text.HAL_RTC_AlarmAEventCallback
                0x0000000008002644       0x18 /tmp/arduino-sketch-CA9699AD043E48DB31BFBAD62DC34280/libraries/SrcWrapper/stm32/rtc.c.o
                0x0000000008002644                HAL_RTC_AlarmAEventCallback
 .text.RTC_Alarm_IRQHandler
                0x000000000800265c        0xc /tmp/arduino-sketch-CA9699AD043E48DB31BFBAD62DC34280/libraries/SrcWrapper/stm32/rtc.c.o
                0x000000000800265c                RTC_Alarm_IRQHandler
 .text._Error_Handler
                0x0000000008002668        0x2 /tmp/arduino-sketch-CA9699AD043E48DB31BFBAD62DC34280/libraries/SrcWrapper/stm32/stm32_def.c.o
                0x0000000008002668                _Error_Handler
 *fill*         0x000000000800266a        0x2 
 .text.SystemInit
                0x000000000800266c       0x4c /tmp/arduino-sketch-CA9699AD043E48DB31BFBAD62DC34280/libraries/SrcWrapper/stm32/system_stm32yyxx.c.o
                0x000000000800266c                SystemInit
 .text.get_timer_obj
                0x00000000080026b8        0x4 /tmp/arduino-sketch-CA9699AD043E48DB31BFBAD62DC34280/libraries/SrcWrapper/stm32/timer.c.o
                0x00000000080026b8                get_timer_obj
 .text.enableTimerClock
                0x00000000080026bc      0x120 /tmp/arduino-sketch-CA9699AD043E48DB31BFBAD62DC34280/libraries/SrcWrapper/stm32/timer.c.o
                0x00000000080026bc                enableTimerClock
 .text.disableTimerClock
                0x00000000080027dc       0xac /tmp/arduino-sketch-CA9699AD043E48DB31BFBAD62DC34280/libraries/SrcWrapper/stm32/timer.c.o
                0x00000000080027dc                disableTimerClock
 .text.getTimerUpIrq
                0x0000000008002888       0x7c /tmp/arduino-sketch-CA9699AD043E48DB31BFBAD62DC34280/libraries/SrcWrapper/stm32/timer.c.o
                0x0000000008002888                getTimerUpIrq
 .text.getTimerCCIrq
                0x0000000008002904       0x80 /tmp/arduino-sketch-CA9699AD043E48DB31BFBAD62DC34280/libraries/SrcWrapper/stm32/timer.c.o
                0x0000000008002904                getTimerCCIrq
 .text.HAL_TIM_Base_MspInit
                0x0000000008002984       0x50 /tmp/arduino-sketch-CA9699AD043E48DB31BFBAD62DC34280/libraries/SrcWrapper/stm32/timer.c.o
                0x0000000008002984                HAL_TIM_Base_MspInit
 .text.getTimerClkSrc
                0x00000000080029d4       0x60 /tmp/arduino-sketch-CA9699AD043E48DB31BFBAD62DC34280/libraries/SrcWrapper/stm32/timer.c.o
                0x00000000080029d4                getTimerClkSrc
 .text.uart_init.part.0
                0x0000000008002a34      0x15c /tmp/arduino-sketch-CA9699AD043E48DB31BFBAD62DC34280/libraries/SrcWrapper/stm32/uart.c.o
 .text.uart_init
                0x0000000008002b90        0x8 /tmp/arduino-sketch-CA9699AD043E48DB31BFBAD62DC34280/libraries/SrcWrapper/stm32/uart.c.o
                0x0000000008002b90                uart_init
 .text.serial_rx_active
                0x0000000008002b98       0x24 /tmp/arduino-sketch-CA9699AD043E48DB31BFBAD62DC34280/libraries/SrcWrapper/stm32/uart.c.o
                0x0000000008002b98                serial_rx_active
 .text.serial_tx_active
                0x0000000008002bbc       0x24 /tmp/arduino-sketch-CA9699AD043E48DB31BFBAD62DC34280/libraries/SrcWrapper/stm32/uart.c.o
                0x0000000008002bbc                serial_tx_active
 .text.uart_getc
                0x0000000008002be0       0x38 /tmp/arduino-sketch-CA9699AD043E48DB31BFBAD62DC34280/libraries/SrcWrapper/stm32/uart.c.o
                0x0000000008002be0                uart_getc
 .text.uart_attach_rx_callback
                0x0000000008002c18       0x4c /tmp/arduino-sketch-CA9699AD043E48DB31BFBAD62DC34280/libraries/SrcWrapper/stm32/uart.c.o
                0x0000000008002c18                uart_attach_rx_callback
 .text.uart_attach_tx_callback
                0x0000000008002c64       0x48 /tmp/arduino-sketch-CA9699AD043E48DB31BFBAD62DC34280/libraries/SrcWrapper/stm32/uart.c.o
                0x0000000008002c64                uart_attach_tx_callback
 .text.uart_enable_tx
                0x0000000008002cac       0x20 /tmp/arduino-sketch-CA9699AD043E48DB31BFBAD62DC34280/libraries/SrcWrapper/stm32/uart.c.o
                0x0000000008002cac                uart_enable_tx
 .text.uart_enable_rx
                0x0000000008002ccc       0x20 /tmp/arduino-sketch-CA9699AD043E48DB31BFBAD62DC34280/libraries/SrcWrapper/stm32/uart.c.o
                0x0000000008002ccc                uart_enable_rx
 .text.HAL_UART_RxCpltCallback
                0x0000000008002cec        0x6 /tmp/arduino-sketch-CA9699AD043E48DB31BFBAD62DC34280/libraries/SrcWrapper/stm32/uart.c.o
                0x0000000008002cec                HAL_UART_RxCpltCallback
 .text.HAL_UART_TxCpltCallback
                0x0000000008002cf2       0x26 /tmp/arduino-sketch-CA9699AD043E48DB31BFBAD62DC34280/libraries/SrcWrapper/stm32/uart.c.o
                0x0000000008002cf2                HAL_UART_TxCpltCallback
 .text.HAL_UART_ErrorCallback
                0x0000000008002d18       0x7a /tmp/arduino-sketch-CA9699AD043E48DB31BFBAD62DC34280/libraries/SrcWrapper/stm32/uart.c.o
                0x0000000008002d18                HAL_UART_ErrorCallback
 *fill*         0x0000000008002d92        0x2 
 .text.USART1_IRQHandler
                0x0000000008002d94       0x18 /tmp/arduino-sketch-CA9699AD043E48DB31BFBAD62DC34280/libraries/SrcWrapper/stm32/uart.c.o
                0x0000000008002d94                USART1_IRQHandler
 .text.USART2_IRQHandler
                0x0000000008002dac       0x18 /tmp/arduino-sketch-CA9699AD043E48DB31BFBAD62DC34280/libraries/SrcWrapper/stm32/uart.c.o
                0x0000000008002dac                USART2_IRQHandler
 .text.USART6_IRQHandler
                0x0000000008002dc4       0x18 /tmp/arduino-sketch-CA9699AD043E48DB31BFBAD62DC34280/libraries/SrcWrapper/stm32/uart.c.o
                0x0000000008002dc4                USART6_IRQHandler
 .text.get_pwm_channel
                0x0000000008002ddc       0x20 /tmp/arduino-sketch-CA9699AD043E48DB31BFBAD62DC34280/libraries/SrcWrapper/stm32/analog.cpp.o
                0x0000000008002ddc                get_pwm_channel
 .text.pwm_start
                0x0000000008002dfc       0xa4 /tmp/arduino-sketch-CA9699AD043E48DB31BFBAD62DC34280/libraries/SrcWrapper/stm32/analog.cpp.o
                0x0000000008002dfc                pwm_start
 .text.pwm_stop
                0x0000000008002ea0       0x60 /tmp/arduino-sketch-CA9699AD043E48DB31BFBAD62DC34280/libraries/SrcWrapper/stm32/analog.cpp.o
                0x0000000008002ea0                pwm_stop
 .text._ZNSt17_Function_handlerIFvvEPS0_E9_M_invokeERKSt9_Any_data
                0x0000000008002f00        0x4 /tmp/arduino-sketch-CA9699AD043E48DB31BFBAD62DC34280/libraries/SrcWrapper/stm32/interrupt.cpp.o
                0x0000000008002f00                std::_Function_handler<void (), void (*)()>::_M_invoke(std::_Any_data const&)
 .text._ZNSt14_Function_base13_Base_managerIPFvvEE10_M_managerERSt9_Any_dataRKS4_St18_Manager_operation
                0x0000000008002f04       0x16 /tmp/arduino-sketch-CA9699AD043E48DB31BFBAD62DC34280/libraries/SrcWrapper/stm32/interrupt.cpp.o
                0x0000000008002f04                std::_Function_base::_Base_manager<void (*)()>::_M_manager(std::_Any_data&, std::_Any_data const&, std::_Manager_operation)
 .text._ZNSt14_Function_baseD2Ev
                0x0000000008002f1a       0x12 /tmp/arduino-sketch-CA9699AD043E48DB31BFBAD62DC34280/libraries/SrcWrapper/stm32/interrupt.cpp.o
                0x0000000008002f1a                std::_Function_base::~_Function_base()
                0x0000000008002f1a                std::_Function_base::~_Function_base()
 .text.HAL_GPIO_EXTI_Callback
                0x0000000008002f2c       0x2c /tmp/arduino-sketch-CA9699AD043E48DB31BFBAD62DC34280/libraries/SrcWrapper/stm32/interrupt.cpp.o
                0x0000000008002f2c                HAL_GPIO_EXTI_Callback
 .text.EXTI0_IRQHandler
                0x0000000008002f58        0x6 /tmp/arduino-sketch-CA9699AD043E48DB31BFBAD62DC34280/libraries/SrcWrapper/stm32/interrupt.cpp.o
                0x0000000008002f58                EXTI0_IRQHandler
 .text.EXTI1_IRQHandler
                0x0000000008002f5e        0x6 /tmp/arduino-sketch-CA9699AD043E48DB31BFBAD62DC34280/libraries/SrcWrapper/stm32/interrupt.cpp.o
                0x0000000008002f5e                EXTI1_IRQHandler
 .text.EXTI2_IRQHandler
                0x0000000008002f64        0x6 /tmp/arduino-sketch-CA9699AD043E48DB31BFBAD62DC34280/libraries/SrcWrapper/stm32/interrupt.cpp.o
                0x0000000008002f64                EXTI2_IRQHandler
 .text.EXTI3_IRQHandler
                0x0000000008002f6a        0x6 /tmp/arduino-sketch-CA9699AD043E48DB31BFBAD62DC34280/libraries/SrcWrapper/stm32/interrupt.cpp.o
                0x0000000008002f6a                EXTI3_IRQHandler
 .text.EXTI4_IRQHandler
                0x0000000008002f70        0x6 /tmp/arduino-sketch-CA9699AD043E48DB31BFBAD62DC34280/libraries/SrcWrapper/stm32/interrupt.cpp.o
                0x0000000008002f70                EXTI4_IRQHandler
 .text.EXTI9_5_IRQHandler
                0x0000000008002f76       0x16 /tmp/arduino-sketch-CA9699AD043E48DB31BFBAD62DC34280/libraries/SrcWrapper/stm32/interrupt.cpp.o
                0x0000000008002f76                EXTI9_5_IRQHandler
 .text.EXTI15_10_IRQHandler
                0x0000000008002f8c       0x18 /tmp/arduino-sketch-CA9699AD043E48DB31BFBAD62DC34280/libraries/SrcWrapper/stm32/interrupt.cpp.o
                0x0000000008002f8c                EXTI15_10_IRQHandler
 .text._ZNSt8functionIFvvEEC2ERKS1_
                0x0000000008002fa4       0x1e /tmp/arduino-sketch-CA9699AD043E48DB31BFBAD62DC34280/libraries/SrcWrapper/stm32/interrupt.cpp.o
                0x0000000008002fa4                std::function<void ()>::function(std::function<void ()> const&)
                0x0000000008002fa4                std::function<void ()>::function(std::function<void ()> const&)
 *fill*         0x0000000008002fc2        0x2 
 .text._Z22stm32_interrupt_enableP12GPIO_TypeDeftSt8functionIFvvEEm
                0x0000000008002fc4       0xa8 /tmp/arduino-sketch-CA9699AD043E48DB31BFBAD62DC34280/libraries/SrcWrapper/stm32/interrupt.cpp.o
                0x0000000008002fc4                stm32_interrupt_enable(GPIO_TypeDef*, unsigned short, std::function<void ()>, unsigned long)
 .text.startup._GLOBAL__sub_I__Z22stm32_interrupt_enableP12GPIO_TypeDeftSt8functionIFvvEEm
                0x000000000800306c       0x88 /tmp/arduino-sketch-CA9699AD043E48DB31BFBAD62DC34280/libraries/SrcWrapper/stm32/interrupt.cpp.o
 .text.exit._GLOBAL__sub_D__Z22stm32_interrupt_enableP12GPIO_TypeDeftSt8functionIFvvEEm
                0x00000000080030f4       0x1c /tmp/arduino-sketch-CA9699AD043E48DB31BFBAD62DC34280/libraries/SrcWrapper/stm32/interrupt.cpp.o
 .text.SystemClock_Config
                0x0000000008003110       0xb8 /tmp/arduino-sketch-CA9699AD043E48DB31BFBAD62DC34280/core/variant.cpp.o
                0x0000000008003110                SystemClock_Config
 .text.Reset_Handler
                0x00000000080031c8       0x50 /tmp/arduino-core-cache/core_aab683ffe2ca5cf4e880d4ca41cf57de.a(startup_stm32yyxx.S.o)
                0x00000000080031c8                Reset_Handler
 .text.Default_Handler
                0x0000000008003218        0x2 /tmp/arduino-core-cache/core_aab683ffe2ca5cf4e880d4ca41cf57de.a(startup_stm32yyxx.S.o)
                0x0000000008003218                DebugMon_Handler
                0x0000000008003218                SPI4_IRQHandler
                0x0000000008003218                DMA2_Stream5_IRQHandler
                0x0000000008003218                HardFault_Handler
                0x0000000008003218                DMA1_Stream5_IRQHandler
                0x0000000008003218                PVD_IRQHandler
                0x0000000008003218                SDIO_IRQHandler
                0x0000000008003218                TAMP_STAMP_IRQHandler
                0x0000000008003218                PendSV_Handler
                0x0000000008003218                NMI_Handler
                0x0000000008003218                I2C3_ER_IRQHandler
                0x0000000008003218                I2C2_EV_IRQHandler
                0x0000000008003218                DMA1_Stream2_IRQHandler
                0x0000000008003218                FPU_IRQHandler
                0x0000000008003218                UsageFault_Handler
                0x0000000008003218                DMA2_Stream2_IRQHandler
                0x0000000008003218                SPI1_IRQHandler
                0x0000000008003218                DMA2_Stream3_IRQHandler
                0x0000000008003218                DMA2_Stream0_IRQHandler
                0x0000000008003218                I2C1_EV_IRQHandler
                0x0000000008003218                DMA1_Stream6_IRQHandler
                0x0000000008003218                DMA1_Stream1_IRQHandler
                0x0000000008003218                RCC_IRQHandler
                0x0000000008003218                Default_Handler
                0x0000000008003218                ADC_IRQHandler
                0x0000000008003218                DMA1_Stream7_IRQHandler
                0x0000000008003218                DMA2_Stream7_IRQHandler
                0x0000000008003218                I2C3_EV_IRQHandler
                0x0000000008003218                RTC_WKUP_IRQHandler
                0x0000000008003218                SPI2_IRQHandler
                0x0000000008003218                MemManage_Handler
                0x0000000008003218                DMA1_Stream0_IRQHandler
                0x0000000008003218                SVC_Handler
                0x0000000008003218                WWDG_IRQHandler
                0x0000000008003218                OTG_FS_WKUP_IRQHandler
                0x0000000008003218                I2C2_ER_IRQHandler
                0x0000000008003218                DMA2_Stream1_IRQHandler
                0x0000000008003218                FLASH_IRQHandler
                0x0000000008003218                DMA2_Stream4_IRQHandler
                0x0000000008003218                BusFault_Handler
                0x0000000008003218                OTG_FS_IRQHandler
                0x0000000008003218                SPI3_IRQHandler
                0x0000000008003218                DMA1_Stream4_IRQHandler
                0x0000000008003218                I2C1_ER_IRQHandler
                0x0000000008003218                DMA2_Stream6_IRQHandler
                0x0000000008003218                DMA1_Stream3_IRQHandler
 .text.mapResolution
                0x000000000800321a       0x26 /tmp/arduino-core-cache/core_aab683ffe2ca5cf4e880d4ca41cf57de.a(wiring_analog.c.o)
 .text.analogWrite
                0x0000000008003240       0xc8 /tmp/arduino-core-cache/core_aab683ffe2ca5cf4e880d4ca41cf57de.a(wiring_analog.c.o)
                0x0000000008003240                analogWrite
 .text.pinMode  0x0000000008003308       0xb4 /tmp/arduino-core-cache/core_aab683ffe2ca5cf4e880d4ca41cf57de.a(wiring_digital.c.o)
                0x0000000008003308                pinMode
 .text.digitalWrite
                0x00000000080033bc       0x5c /tmp/arduino-core-cache/core_aab683ffe2ca5cf4e880d4ca41cf57de.a(wiring_digital.c.o)
                0x00000000080033bc                digitalWrite
 .text.digitalRead
                0x0000000008003418       0x60 /tmp/arduino-core-cache/core_aab683ffe2ca5cf4e880d4ca41cf57de.a(wiring_digital.c.o)
                0x0000000008003418                digitalRead
 .text.millis   0x0000000008003478        0x4 /tmp/arduino-core-cache/core_aab683ffe2ca5cf4e880d4ca41cf57de.a(wiring_time.c.o)
                0x0000000008003478                millis
 .text.delay    0x000000000800347c       0x1c /tmp/arduino-core-cache/core_aab683ffe2ca5cf4e880d4ca41cf57de.a(wiring_time.c.o)
                0x000000000800347c                delay
 .text._ZN14HardwareSerial16_tx_complete_irqEP8serial_s
                0x0000000008003498       0x24 /tmp/arduino-core-cache/core_aab683ffe2ca5cf4e880d4ca41cf57de.a(HardwareSerial.cpp.o)
                0x0000000008003498                HardwareSerial::_tx_complete_irq(serial_s*)
 .text._ZN14HardwareSerial9availableEv
                0x00000000080034bc       0x10 /tmp/arduino-core-cache/core_aab683ffe2ca5cf4e880d4ca41cf57de.a(HardwareSerial.cpp.o)
                0x00000000080034bc                HardwareSerial::available()
 .text._ZN14HardwareSerial4peekEv
                0x00000000080034cc       0x1a /tmp/arduino-core-cache/core_aab683ffe2ca5cf4e880d4ca41cf57de.a(HardwareSerial.cpp.o)
                0x00000000080034cc                HardwareSerial::peek()
 .text._ZN14HardwareSerial16_rx_complete_irqEP8serial_s
                0x00000000080034e6       0x38 /tmp/arduino-core-cache/core_aab683ffe2ca5cf4e880d4ca41cf57de.a(HardwareSerial.cpp.o)
                0x00000000080034e6                HardwareSerial::_rx_complete_irq(serial_s*)
 *fill*         0x000000000800351e        0x2 
 .text._ZN14HardwareSerial5writeEh
                0x0000000008003520       0x60 /tmp/arduino-core-cache/core_aab683ffe2ca5cf4e880d4ca41cf57de.a(HardwareSerial.cpp.o)
                0x0000000008003520                HardwareSerial::write(unsigned char)
 .text._ZN14HardwareSerial5flushEv
                0x0000000008003580       0x14 /tmp/arduino-core-cache/core_aab683ffe2ca5cf4e880d4ca41cf57de.a(HardwareSerial.cpp.o)
                0x0000000008003580                HardwareSerial::flush()
 .text._ZN14HardwareSerial4initE7PinNameS0_
                0x0000000008003594       0x2c /tmp/arduino-core-cache/core_aab683ffe2ca5cf4e880d4ca41cf57de.a(HardwareSerial.cpp.o)
                0x0000000008003594                HardwareSerial::init(PinName, PinName)
 .text._ZN14HardwareSerialC2EPv16HalfDuplexMode_t
                0x00000000080035c0       0x7c /tmp/arduino-core-cache/core_aab683ffe2ca5cf4e880d4ca41cf57de.a(HardwareSerial.cpp.o)
                0x00000000080035c0                HardwareSerial::HardwareSerial(void*, HalfDuplexMode_t)
                0x00000000080035c0                HardwareSerial::HardwareSerial(void*, HalfDuplexMode_t)
 .text._ZN14HardwareSerial18enableHalfDuplexRxEv
                0x000000000800363c       0x2c /tmp/arduino-core-cache/core_aab683ffe2ca5cf4e880d4ca41cf57de.a(HardwareSerial.cpp.o)
                0x000000000800363c                HardwareSerial::enableHalfDuplexRx()
 .text._ZN14HardwareSerial5beginEmh
                0x0000000008003668       0xa0 /tmp/arduino-core-cache/core_aab683ffe2ca5cf4e880d4ca41cf57de.a(HardwareSerial.cpp.o)
                0x0000000008003668                HardwareSerial::begin(unsigned long, unsigned char)
 .text._ZN14HardwareSerial4readEv
                0x0000000008003708       0x2e /tmp/arduino-core-cache/core_aab683ffe2ca5cf4e880d4ca41cf57de.a(HardwareSerial.cpp.o)
                0x0000000008003708                HardwareSerial::read()
 *fill*         0x0000000008003736        0x2 
 .text.startup._GLOBAL__sub_I_Serial2
                0x0000000008003738       0x14 /tmp/arduino-core-cache/core_aab683ffe2ca5cf4e880d4ca41cf57de.a(HardwareSerial.cpp.o)
 .text._ZNSt8functionIFvvEEaSEDn.isra.0
                0x000000000800374c       0x18 /tmp/arduino-core-cache/core_aab683ffe2ca5cf4e880d4ca41cf57de.a(HardwareTimer.cpp.o)
 .text._ZN13HardwareTimer10getChannelEm
                0x0000000008003764       0x10 /tmp/arduino-core-cache/core_aab683ffe2ca5cf4e880d4ca41cf57de.a(HardwareTimer.cpp.o)
                0x0000000008003764                HardwareTimer::getChannel(unsigned long)
 .text._ZN13HardwareTimer12getLLChannelEm
                0x0000000008003774       0x28 /tmp/arduino-core-cache/core_aab683ffe2ca5cf4e880d4ca41cf57de.a(HardwareTimer.cpp.o)
                0x0000000008003774                HardwareTimer::getLLChannel(unsigned long)
 .text._ZN13HardwareTimer13resumeChannelEm
                0x000000000800379c      0x11c /tmp/arduino-core-cache/core_aab683ffe2ca5cf4e880d4ca41cf57de.a(HardwareTimer.cpp.o)
                0x000000000800379c                HardwareTimer::resumeChannel(unsigned long)
 .text._ZN13HardwareTimer6resumeEv
                0x00000000080038b8       0x42 /tmp/arduino-core-cache/core_aab683ffe2ca5cf4e880d4ca41cf57de.a(HardwareTimer.cpp.o)
                0x00000000080038b8                HardwareTimer::resume()
 *fill*         0x00000000080038fa        0x2 
 .text._ZN13HardwareTimer7setModeEm12TimerModes_t7PinName
                0x00000000080038fc      0x154 /tmp/arduino-core-cache/core_aab683ffe2ca5cf4e880d4ca41cf57de.a(HardwareTimer.cpp.o)
                0x00000000080038fc                HardwareTimer::setMode(unsigned long, TimerModes_t, PinName)
 .text._ZN13HardwareTimer7getModeEm
                0x0000000008003a50       0x10 /tmp/arduino-core-cache/core_aab683ffe2ca5cf4e880d4ca41cf57de.a(HardwareTimer.cpp.o)
                0x0000000008003a50                HardwareTimer::getMode(unsigned long)
 .text._Z15get_timer_indexP11TIM_TypeDef
                0x0000000008003a60       0x6c /tmp/arduino-core-cache/core_aab683ffe2ca5cf4e880d4ca41cf57de.a(HardwareTimer.cpp.o)
                0x0000000008003a60                get_timer_index(TIM_TypeDef*)
 .text._ZN13HardwareTimerD2Ev
                0x0000000008003acc       0x40 /tmp/arduino-core-cache/core_aab683ffe2ca5cf4e880d4ca41cf57de.a(HardwareTimer.cpp.o)
                0x0000000008003acc                HardwareTimer::~HardwareTimer()
                0x0000000008003acc                HardwareTimer::~HardwareTimer()
 .text._ZN13HardwareTimerC2EP11TIM_TypeDef
                0x0000000008003b0c       0xac /tmp/arduino-core-cache/core_aab683ffe2ca5cf4e880d4ca41cf57de.a(HardwareTimer.cpp.o)
                0x0000000008003b0c                HardwareTimer::HardwareTimer(TIM_TypeDef*)
                0x0000000008003b0c                HardwareTimer::HardwareTimer(TIM_TypeDef*)
 .text._ZN13HardwareTimer15getTimerClkFreqEv
                0x0000000008003bb8       0x9c /tmp/arduino-core-cache/core_aab683ffe2ca5cf4e880d4ca41cf57de.a(HardwareTimer.cpp.o)
                0x0000000008003bb8                HardwareTimer::getTimerClkFreq()
 .text._ZN13HardwareTimer11setOverflowEm13TimerFormat_t
                0x0000000008003c54       0x44 /tmp/arduino-core-cache/core_aab683ffe2ca5cf4e880d4ca41cf57de.a(HardwareTimer.cpp.o)
                0x0000000008003c54                HardwareTimer::setOverflow(unsigned long, TimerFormat_t)
 .text._ZN13HardwareTimer17setCaptureCompareEmm20TimerCompareFormat_t
                0x0000000008003c98       0xc0 /tmp/arduino-core-cache/core_aab683ffe2ca5cf4e880d4ca41cf57de.a(HardwareTimer.cpp.o)
                0x0000000008003c98                HardwareTimer::setCaptureCompare(unsigned long, unsigned long, TimerCompareFormat_t)
 .text.TIM1_UP_TIM10_IRQHandler
                0x0000000008003d58       0x24 /tmp/arduino-core-cache/core_aab683ffe2ca5cf4e880d4ca41cf57de.a(HardwareTimer.cpp.o)
                0x0000000008003d58                TIM1_UP_TIM10_IRQHandler
 .text.TIM1_CC_IRQHandler
                0x0000000008003d7c       0x14 /tmp/arduino-core-cache/core_aab683ffe2ca5cf4e880d4ca41cf57de.a(HardwareTimer.cpp.o)
                0x0000000008003d7c                TIM1_CC_IRQHandler
 .text.TIM2_IRQHandler
                0x0000000008003d90       0x14 /tmp/arduino-core-cache/core_aab683ffe2ca5cf4e880d4ca41cf57de.a(HardwareTimer.cpp.o)
                0x0000000008003d90                TIM2_IRQHandler
 .text.TIM3_IRQHandler
                0x0000000008003da4       0x14 /tmp/arduino-core-cache/core_aab683ffe2ca5cf4e880d4ca41cf57de.a(HardwareTimer.cpp.o)
                0x0000000008003da4                TIM3_IRQHandler
 .text.TIM4_IRQHandler
                0x0000000008003db8       0x14 /tmp/arduino-core-cache/core_aab683ffe2ca5cf4e880d4ca41cf57de.a(HardwareTimer.cpp.o)
                0x0000000008003db8                TIM4_IRQHandler
 .text.TIM5_IRQHandler
                0x0000000008003dcc       0x14 /tmp/arduino-core-cache/core_aab683ffe2ca5cf4e880d4ca41cf57de.a(HardwareTimer.cpp.o)
                0x0000000008003dcc                TIM5_IRQHandler
 .text.TIM1_BRK_TIM9_IRQHandler
                0x0000000008003de0       0x14 /tmp/arduino-core-cache/core_aab683ffe2ca5cf4e880d4ca41cf57de.a(HardwareTimer.cpp.o)
                0x0000000008003de0                TIM1_BRK_TIM9_IRQHandler
 .text.TIM1_TRG_COM_TIM11_IRQHandler
                0x0000000008003df4       0x14 /tmp/arduino-core-cache/core_aab683ffe2ca5cf4e880d4ca41cf57de.a(HardwareTimer.cpp.o)
                0x0000000008003df4                TIM1_TRG_COM_TIM11_IRQHandler
 .text._ZNKSt8functionIFvvEEclEv
                0x0000000008003e08       0x12 /tmp/arduino-core-cache/core_aab683ffe2ca5cf4e880d4ca41cf57de.a(HardwareTimer.cpp.o)
                0x0000000008003e08                std::function<void ()>::operator()() const
 *fill*         0x0000000008003e1a        0x2 
 .text._ZN13HardwareTimer14updateCallbackEP17TIM_HandleTypeDef
                0x0000000008003e1c       0x28 /tmp/arduino-core-cache/core_aab683ffe2ca5cf4e880d4ca41cf57de.a(HardwareTimer.cpp.o)
                0x0000000008003e1c                HardwareTimer::updateCallback(TIM_HandleTypeDef*)
 .text.HAL_TIM_PeriodElapsedCallback
                0x0000000008003e44        0x4 /tmp/arduino-core-cache/core_aab683ffe2ca5cf4e880d4ca41cf57de.a(HardwareTimer.cpp.o)
                0x0000000008003e44                HAL_TIM_PeriodElapsedCallback
 .text._ZN13HardwareTimer22captureCompareCallbackEP17TIM_HandleTypeDef
                0x0000000008003e48       0x50 /tmp/arduino-core-cache/core_aab683ffe2ca5cf4e880d4ca41cf57de.a(HardwareTimer.cpp.o)
                0x0000000008003e48                HardwareTimer::captureCompareCallback(TIM_HandleTypeDef*)
 .text.HAL_TIM_OC_DelayElapsedCallback
                0x0000000008003e98        0x4 /tmp/arduino-core-cache/core_aab683ffe2ca5cf4e880d4ca41cf57de.a(HardwareTimer.cpp.o)
                0x0000000008003e98                HAL_TIM_OC_DelayElapsedCallback
 .text.HAL_TIM_IC_CaptureCallback
                0x0000000008003e9c        0x4 /tmp/arduino-core-cache/core_aab683ffe2ca5cf4e880d4ca41cf57de.a(HardwareTimer.cpp.o)
                0x0000000008003e9c                HAL_TIM_IC_CaptureCallback
 .text._ZN5Print5writeEPKhj
                0x0000000008003ea0       0x22 /tmp/arduino-core-cache/core_aab683ffe2ca5cf4e880d4ca41cf57de.a(Print.cpp.o)
                0x0000000008003ea0                Print::write(unsigned char const*, unsigned int)
 .text._ZN5Print5writeEPKc
                0x0000000008003ec2       0x24 /tmp/arduino-core-cache/core_aab683ffe2ca5cf4e880d4ca41cf57de.a(Print.cpp.o)
                0x0000000008003ec2                Print::write(char const*)
 .text._ZN5Print5printEc
                0x0000000008003ee6        0x6 /tmp/arduino-core-cache/core_aab683ffe2ca5cf4e880d4ca41cf57de.a(Print.cpp.o)
                0x0000000008003ee6                Print::print(char)
 .text._ZN5Print7printlnEv
                0x0000000008003eec       0x10 /tmp/arduino-core-cache/core_aab683ffe2ca5cf4e880d4ca41cf57de.a(Print.cpp.o)
                0x0000000008003eec                Print::println()
 .text._ZN5Print11printNumberEmh
                0x0000000008003efc       0x3c /tmp/arduino-core-cache/core_aab683ffe2ca5cf4e880d4ca41cf57de.a(Print.cpp.o)
                0x0000000008003efc                Print::printNumber(unsigned long, unsigned char)
 .text._ZN5Print5printEli
                0x0000000008003f38       0x42 /tmp/arduino-core-cache/core_aab683ffe2ca5cf4e880d4ca41cf57de.a(Print.cpp.o)
                0x0000000008003f38                Print::print(long, int)
 *fill*         0x0000000008003f7a        0x2 
 .text._ZN5Print10printFloatEdh
                0x0000000008003f7c      0x170 /tmp/arduino-core-cache/core_aab683ffe2ca5cf4e880d4ca41cf57de.a(Print.cpp.o)
                0x0000000008003f7c                Print::printFloat(double, unsigned char)
 .text._ZN5Print7printlnEdi
                0x00000000080040ec       0x16 /tmp/arduino-core-cache/core_aab683ffe2ca5cf4e880d4ca41cf57de.a(Print.cpp.o)
                0x00000000080040ec                Print::println(double, int)
 .text._ZN6Stream9timedReadEv
                0x0000000008004102       0x2a /tmp/arduino-core-cache/core_aab683ffe2ca5cf4e880d4ca41cf57de.a(Stream.cpp.o)
                0x0000000008004102                Stream::timedRead()
 .text._ZN6Stream9readBytesEPcj
                0x000000000800412c       0x22 /tmp/arduino-core-cache/core_aab683ffe2ca5cf4e880d4ca41cf57de.a(Stream.cpp.o)
                0x000000000800412c                Stream::readBytes(char*, unsigned int)
 .text._ZN6Stream14readBytesUntilEcPcj
                0x000000000800414e       0x30 /tmp/arduino-core-cache/core_aab683ffe2ca5cf4e880d4ca41cf57de.a(Stream.cpp.o)
                0x000000000800414e                Stream::readBytesUntil(char, char*, unsigned int)
 *fill*         0x000000000800417e        0x2 
 .text._Z15attachInterruptmSt8functionIFvvEEm
                0x0000000008004180       0x7c /tmp/arduino-core-cache/core_aab683ffe2ca5cf4e880d4ca41cf57de.a(WInterrupts.cpp.o)
                0x0000000008004180                attachInterrupt(unsigned long, std::function<void ()>, unsigned long)
 .text._Z15attachInterruptmPFvvEm
                0x00000000080041fc       0x44 /tmp/arduino-core-cache/core_aab683ffe2ca5cf4e880d4ca41cf57de.a(WInterrupts.cpp.o)
                0x00000000080041fc                attachInterrupt(unsigned long, void (*)(), unsigned long)
 .text.startup._Z7premainv
                0x0000000008004240       0x10 /tmp/arduino-core-cache/core_aab683ffe2ca5cf4e880d4ca41cf57de.a(main.cpp.o)
                0x0000000008004240                premain()
 .text.startup.main
                0x0000000008004250       0x14 /tmp/arduino-core-cache/core_aab683ffe2ca5cf4e880d4ca41cf57de.a(main.cpp.o)
                0x0000000008004250                main
 .text._Znwj    0x0000000008004264        0x4 /tmp/arduino-core-cache/core_aab683ffe2ca5cf4e880d4ca41cf57de.a(new.cpp.o)
                0x0000000008004264                operator new(unsigned int)
 .text._ZdlPvj  0x0000000008004268        0x4 /tmp/arduino-core-cache/core_aab683ffe2ca5cf4e880d4ca41cf57de.a(new.cpp.o)
                0x0000000008004268                operator delete(void*, unsigned int)
 .text.init     0x000000000800426c        0x4 /tmp/arduino-core-cache/core_aab683ffe2ca5cf4e880d4ca41cf57de.a(board.c.o)
                0x000000000800426c                init
 .text.__empty  0x0000000008004270        0x2 /tmp/arduino-core-cache/core_aab683ffe2ca5cf4e880d4ca41cf57de.a(hooks.c.o)
                0x0000000008004270                yield
 *fill*         0x0000000008004272        0x2 
 .text._Z14serialEventRunv
                0x0000000008004274       0x1c /tmp/arduino-core-cache/core_aab683ffe2ca5cf4e880d4ca41cf57de.a(WSerial.cpp.o)
                0x0000000008004274                serialEventRun()
 .text.__libc_init_array
                0x0000000008004290       0x48 /home/john/.arduino15/packages/STM32/tools/xpack-arm-none-eabi-gcc/9.2.1-1.1/bin/../lib/gcc/arm-none-eabi/9.2.1/../../../../arm-none-eabi/lib/thumb/v7e-m+fp/hard/libc_nano.a(lib_a-init.o)
                0x0000000008004290                __libc_init_array
 .text.malloc   0x00000000080042d8       0x10 /home/john/.arduino15/packages/STM32/tools/xpack-arm-none-eabi-gcc/9.2.1-1.1/bin/../lib/gcc/arm-none-eabi/9.2.1/../../../../arm-none-eabi/lib/thumb/v7e-m+fp/hard/libc_nano.a(lib_a-malloc.o)
                0x00000000080042d8                malloc
 .text.free     0x00000000080042e8       0x10 /home/john/.arduino15/packages/STM32/tools/xpack-arm-none-eabi-gcc/9.2.1-1.1/bin/../lib/gcc/arm-none-eabi/9.2.1/../../../../arm-none-eabi/lib/thumb/v7e-m+fp/hard/libc_nano.a(lib_a-malloc.o)
                0x00000000080042e8                free
 .text.memset   0x00000000080042f8       0x10 /home/john/.arduino15/packages/STM32/tools/xpack-arm-none-eabi-gcc/9.2.1-1.1/bin/../lib/gcc/arm-none-eabi/9.2.1/../../../../arm-none-eabi/lib/thumb/v7e-m+fp/hard/libc_nano.a(lib_a-memset.o)
                0x00000000080042f8                memset
 .text._free_r  0x0000000008004308       0xa0 /home/john/.arduino15/packages/STM32/tools/xpack-arm-none-eabi-gcc/9.2.1-1.1/bin/../lib/gcc/arm-none-eabi/9.2.1/../../../../arm-none-eabi/lib/thumb/v7e-m+fp/hard/libc_nano.a(lib_a-nano-freer.o)
                0x0000000008004308                _free_r
 .text._malloc_r
                0x00000000080043a8       0xb4 /home/john/.arduino15/packages/STM32/tools/xpack-arm-none-eabi-gcc/9.2.1-1.1/bin/../lib/gcc/arm-none-eabi/9.2.1/../../../../arm-none-eabi/lib/thumb/v7e-m+fp/hard/libc_nano.a(lib_a-nano-mallocr.o)
                0x00000000080043a8                _malloc_r
 .text._sbrk_r  0x000000000800445c       0x20 /home/john/.arduino15/packages/STM32/tools/xpack-arm-none-eabi-gcc/9.2.1-1.1/bin/../lib/gcc/arm-none-eabi/9.2.1/../../../../arm-none-eabi/lib/thumb/v7e-m+fp/hard/libc_nano.a(lib_a-sbrkr.o)
                0x000000000800445c                _sbrk_r
 .text.__retarget_lock_acquire_recursive
                0x000000000800447c        0x2 /home/john/.arduino15/packages/STM32/tools/xpack-arm-none-eabi-gcc/9.2.1-1.1/bin/../lib/gcc/arm-none-eabi/9.2.1/../../../../arm-none-eabi/lib/thumb/v7e-m+fp/hard/libc_nano.a(lib_a-lock.o)
                0x000000000800447c                __retarget_lock_acquire_recursive
 .text.__retarget_lock_release_recursive
                0x000000000800447e        0x2 /home/john/.arduino15/packages/STM32/tools/xpack-arm-none-eabi-gcc/9.2.1-1.1/bin/../lib/gcc/arm-none-eabi/9.2.1/../../../../arm-none-eabi/lib/thumb/v7e-m+fp/hard/libc_nano.a(lib_a-lock.o)
                0x000000000800447e                __retarget_lock_release_recursive
 .text.__malloc_lock
                0x0000000008004480        0xc /home/john/.arduino15/packages/STM32/tools/xpack-arm-none-eabi-gcc/9.2.1-1.1/bin/../lib/gcc/arm-none-eabi/9.2.1/../../../../arm-none-eabi/lib/thumb/v7e-m+fp/hard/libc_nano.a(lib_a-mlock.o)
                0x0000000008004480                __malloc_lock
 .text.__malloc_unlock
                0x000000000800448c        0xc /home/john/.arduino15/packages/STM32/tools/xpack-arm-none-eabi-gcc/9.2.1-1.1/bin/../lib/gcc/arm-none-eabi/9.2.1/../../../../arm-none-eabi/lib/thumb/v7e-m+fp/hard/libc_nano.a(lib_a-mlock.o)
                0x000000000800448c                __malloc_unlock
 .text.__udivmoddi4
                0x0000000008004498      0x2c4 /home/john/.arduino15/packages/STM32/tools/xpack-arm-none-eabi-gcc/9.2.1-1.1/bin/../lib/gcc/arm-none-eabi/9.2.1/thumb/v7e-m+fp/hard/libgcc.a(_udivmoddi4.o)
                0x0000000008004498                __udivmoddi4
 .text.unlikely._ZSt25__throw_bad_function_callv
                0x000000000800475c        0x6 /home/john/.arduino15/packages/STM32/tools/xpack-arm-none-eabi-gcc/9.2.1-1.1/bin/../lib/gcc/arm-none-eabi/9.2.1/../../../../arm-none-eabi/lib/thumb/v7e-m+fp/hard/libstdc++_nano.a(functional.o)
                0x000000000800475c                std::__throw_bad_function_call()
 .text.abort    0x0000000008004762        0xe /home/john/.arduino15/packages/STM32/tools/xpack-arm-none-eabi-gcc/9.2.1-1.1/bin/../lib/gcc/arm-none-eabi/9.2.1/../../../../arm-none-eabi/lib/thumb/v7e-m+fp/hard/libc_nano.a(lib_a-abort.o)
                0x0000000008004762                abort
 .text._raise_r
                0x0000000008004770       0x50 /home/john/.arduino15/packages/STM32/tools/xpack-arm-none-eabi-gcc/9.2.1-1.1/bin/../lib/gcc/arm-none-eabi/9.2.1/../../../../arm-none-eabi/lib/thumb/v7e-m+fp/hard/libc_nano.a(lib_a-signal.o)
                0x0000000008004770                _raise_r
 .text.raise    0x00000000080047c0       0x10 /home/john/.arduino15/packages/STM32/tools/xpack-arm-none-eabi-gcc/9.2.1-1.1/bin/../lib/gcc/arm-none-eabi/9.2.1/../../../../arm-none-eabi/lib/thumb/v7e-m+fp/hard/libc_nano.a(lib_a-signal.o)
                0x00000000080047c0                raise
 .text._kill_r  0x00000000080047d0       0x24 /home/john/.arduino15/packages/STM32/tools/xpack-arm-none-eabi-gcc/9.2.1-1.1/bin/../lib/gcc/arm-none-eabi/9.2.1/../../../../arm-none-eabi/lib/thumb/v7e-m+fp/hard/libc_nano.a(lib_a-signalr.o)
                0x00000000080047d0                _kill_r
 .text._getpid_r
                0x00000000080047f4        0x4 /home/john/.arduino15/packages/STM32/tools/xpack-arm-none-eabi-gcc/9.2.1-1.1/bin/../lib/gcc/arm-none-eabi/9.2.1/../../../../arm-none-eabi/lib/thumb/v7e-m+fp/hard/libc_nano.a(lib_a-signalr.o)
                0x00000000080047f4                _getpid_r
 *(.glue_7)
 .glue_7        0x00000000080047f8        0x0 linker stubs
 *(.glue_7t)
 .glue_7t       0x00000000080047f8        0x0 linker stubs
 *(.eh_frame)
 .eh_frame      0x00000000080047f8        0x0 /home/john/.arduino15/packages/STM32/tools/xpack-arm-none-eabi-gcc/9.2.1-1.1/bin/../lib/gcc/arm-none-eabi/9.2.1/thumb/v7e-m+fp/hard/crtbegin.o
 *(.init)
 .init          0x00000000080047f8        0x4 /home/john/.arduino15/packages/STM32/tools/xpack-arm-none-eabi-gcc/9.2.1-1.1/bin/../lib/gcc/arm-none-eabi/9.2.1/thumb/v7e-m+fp/hard/crti.o
                0x00000000080047f8                _init
 .init          0x00000000080047fc        0x8 /home/john/.arduino15/packages/STM32/tools/xpack-arm-none-eabi-gcc/9.2.1-1.1/bin/../lib/gcc/arm-none-eabi/9.2.1/thumb/v7e-m+fp/hard/crtn.o
 *(.fini)
 .fini          0x0000000008004804        0x4 /home/john/.arduino15/packages/STM32/tools/xpack-arm-none-eabi-gcc/9.2.1-1.1/bin/../lib/gcc/arm-none-eabi/9.2.1/thumb/v7e-m+fp/hard/crti.o
                0x0000000008004804                _fini
 .fini          0x0000000008004808        0x8 /home/john/.arduino15/packages/STM32/tools/xpack-arm-none-eabi-gcc/9.2.1-1.1/bin/../lib/gcc/arm-none-eabi/9.2.1/thumb/v7e-m+fp/hard/crtn.o
                0x0000000008004810                . = ALIGN (0x4)
                0x0000000008004810                _etext = .

.vfp11_veneer   0x0000000008004810        0x0
 .vfp11_veneer  0x0000000008004810        0x0 linker stubs

.v4_bx          0x0000000008004810        0x0
 .v4_bx         0x0000000008004810        0x0 linker stubs

.iplt           0x0000000008004810        0x0
 .iplt          0x0000000008004810        0x0 /home/john/.arduino15/packages/STM32/tools/xpack-arm-none-eabi-gcc/9.2.1-1.1/bin/../lib/gcc/arm-none-eabi/9.2.1/thumb/v7e-m+fp/hard/crtbegin.o

.rodata         0x0000000008004810      0x5c0
                0x0000000008004810                . = ALIGN (0x4)
 *(.rodata)
 *(.rodata*)
 .rodata.pin_function.str1.1
                0x0000000008004810       0x62 /tmp/arduino-sketch-CA9699AD043E48DB31BFBAD62DC34280/libraries/SrcWrapper/stm32/pinmap.c.o
 *fill*         0x0000000008004872        0x2 
 .rodata.pin_map_ll
                0x0000000008004874       0x40 /tmp/arduino-sketch-CA9699AD043E48DB31BFBAD62DC34280/libraries/SrcWrapper/stm32/pinmap.c.o
                0x0000000008004874                pin_map_ll
 .rodata.AHBPrescTable
                0x00000000080048b4       0x10 /tmp/arduino-sketch-CA9699AD043E48DB31BFBAD62DC34280/libraries/SrcWrapper/stm32/system_stm32yyxx.c.o
                0x00000000080048b4                AHBPrescTable
 .rodata.APBPrescTable
                0x00000000080048c4        0x8 /tmp/arduino-sketch-CA9699AD043E48DB31BFBAD62DC34280/libraries/SrcWrapper/stm32/system_stm32yyxx.c.o
                0x00000000080048c4                APBPrescTable
 .rodata.getTimerUpIrq.str1.1
                0x00000000080048cc       0x18 /tmp/arduino-sketch-CA9699AD043E48DB31BFBAD62DC34280/libraries/SrcWrapper/stm32/timer.c.o
 .rodata.getTimerClkSrc.str1.1
                0x00000000080048e4       0x1c /tmp/arduino-sketch-CA9699AD043E48DB31BFBAD62DC34280/libraries/SrcWrapper/stm32/timer.c.o
 .rodata.PinMap_PWM
                0x0000000008004900      0x168 /tmp/arduino-sketch-CA9699AD043E48DB31BFBAD62DC34280/core/PeripheralPins.c.o
                0x0000000008004900                PinMap_PWM
 .rodata.PinMap_UART_RX
                0x0000000008004a68       0x48 /tmp/arduino-sketch-CA9699AD043E48DB31BFBAD62DC34280/core/PeripheralPins.c.o
                0x0000000008004a68                PinMap_UART_RX
 .rodata.PinMap_UART_TX
                0x0000000008004ab0       0x48 /tmp/arduino-sketch-CA9699AD043E48DB31BFBAD62DC34280/core/PeripheralPins.c.o
                0x0000000008004ab0                PinMap_UART_TX
 .rodata.SystemClock_Config.str1.1
                0x0000000008004af8       0x5d /tmp/arduino-sketch-CA9699AD043E48DB31BFBAD62DC34280/core/variant.cpp.o
 *fill*         0x0000000008004b55        0x3 
 .rodata.analogInputPin
                0x0000000008004b58       0x34 /tmp/arduino-sketch-CA9699AD043E48DB31BFBAD62DC34280/core/variant.cpp.o
                0x0000000008004b58                analogInputPin
 .rodata.digitalPin
                0x0000000008004b8c       0x68 /tmp/arduino-sketch-CA9699AD043E48DB31BFBAD62DC34280/core/variant.cpp.o
                0x0000000008004b8c                digitalPin
 .rodata.pinMode.str1.1
                0x0000000008004bf4       0x59 /tmp/arduino-core-cache/core_aab683ffe2ca5cf4e880d4ca41cf57de.a(wiring_digital.c.o)
 .rodata._ZN14HardwareSerial5beginEmh.str1.1
                0x0000000008004c4d       0x5b /tmp/arduino-core-cache/core_aab683ffe2ca5cf4e880d4ca41cf57de.a(HardwareSerial.cpp.o)
 .rodata.CSWTCH.46
                0x0000000008004ca8        0x5 /tmp/arduino-core-cache/core_aab683ffe2ca5cf4e880d4ca41cf57de.a(HardwareSerial.cpp.o)
 *fill*         0x0000000008004cad        0x3 
 .rodata._ZTV14HardwareSerial
                0x0000000008004cb0       0x28 /tmp/arduino-core-cache/core_aab683ffe2ca5cf4e880d4ca41cf57de.a(HardwareSerial.cpp.o)
                0x0000000008004cb0                vtable for HardwareSerial
 .rodata._ZN13HardwareTimer12pauseChannelEm.str1.1
                0x0000000008004cd8       0x5a /tmp/arduino-core-cache/core_aab683ffe2ca5cf4e880d4ca41cf57de.a(HardwareTimer.cpp.o)
 .rodata.CSWTCH.74
                0x0000000008004d32        0x6 /tmp/arduino-core-cache/core_aab683ffe2ca5cf4e880d4ca41cf57de.a(HardwareTimer.cpp.o)
 .rodata.CSWTCH.75
                0x0000000008004d38        0x8 /tmp/arduino-core-cache/core_aab683ffe2ca5cf4e880d4ca41cf57de.a(HardwareTimer.cpp.o)
 .rodata.CSWTCH.77
                0x0000000008004d40        0x4 /tmp/arduino-core-cache/core_aab683ffe2ca5cf4e880d4ca41cf57de.a(HardwareTimer.cpp.o)
 .rodata.CSWTCH.79
                0x0000000008004d44        0x4 /tmp/arduino-core-cache/core_aab683ffe2ca5cf4e880d4ca41cf57de.a(HardwareTimer.cpp.o)
 .rodata._ZN5Print7printlnEv.str1.1
                0x0000000008004d48        0x3 /tmp/arduino-core-cache/core_aab683ffe2ca5cf4e880d4ca41cf57de.a(Print.cpp.o)
 .rodata._ZN5Print10printFloatEdh.str1.1
                0x0000000008004d4b        0xe /tmp/arduino-core-cache/core_aab683ffe2ca5cf4e880d4ca41cf57de.a(Print.cpp.o)
 *fill*         0x0000000008004d59        0x3 
 .rodata.CSWTCH.23
                0x0000000008004d5c       0x14 /tmp/arduino-core-cache/core_aab683ffe2ca5cf4e880d4ca41cf57de.a(WInterrupts.cpp.o)
 .rodata.__sf_fake_stderr
                0x0000000008004d70       0x20 /home/john/.arduino15/packages/STM32/tools/xpack-arm-none-eabi-gcc/9.2.1-1.1/bin/../lib/gcc/arm-none-eabi/9.2.1/../../../../arm-none-eabi/lib/thumb/v7e-m+fp/hard/libc_nano.a(lib_a-findfp.o)
                0x0000000008004d70                __sf_fake_stderr
 .rodata.__sf_fake_stdin
                0x0000000008004d90       0x20 /home/john/.arduino15/packages/STM32/tools/xpack-arm-none-eabi-gcc/9.2.1-1.1/bin/../lib/gcc/arm-none-eabi/9.2.1/../../../../arm-none-eabi/lib/thumb/v7e-m+fp/hard/libc_nano.a(lib_a-findfp.o)
                0x0000000008004d90                __sf_fake_stdin
 .rodata.__sf_fake_stdout
                0x0000000008004db0       0x20 /home/john/.arduino15/packages/STM32/tools/xpack-arm-none-eabi-gcc/9.2.1-1.1/bin/../lib/gcc/arm-none-eabi/9.2.1/../../../../arm-none-eabi/lib/thumb/v7e-m+fp/hard/libc_nano.a(lib_a-findfp.o)
                0x0000000008004db0                __sf_fake_stdout
                0x0000000008004dd0                . = ALIGN (0x4)

.ARM.extab      0x0000000008004dd0        0x0
                0x0000000008004dd0                . = ALIGN (0x4)
 *(.ARM.extab* .gnu.linkonce.armextab.*)
                0x0000000008004dd0                . = ALIGN (0x4)

.ARM            0x0000000008004dd0        0x8
                0x0000000008004dd0                . = ALIGN (0x4)
                0x0000000008004dd0                __exidx_start = .
 *(.ARM.exidx*)
 .ARM.exidx.text.__udivmoddi4
                0x0000000008004dd0        0x8 /home/john/.arduino15/packages/STM32/tools/xpack-arm-none-eabi-gcc/9.2.1-1.1/bin/../lib/gcc/arm-none-eabi/9.2.1/thumb/v7e-m+fp/hard/libgcc.a(_udivmoddi4.o)
                0x0000000008004dd8                __exidx_end = .
                0x0000000008004dd8                . = ALIGN (0x4)

.rel.dyn        0x0000000008004dd8        0x0
 .rel.iplt      0x0000000008004dd8        0x0 /home/john/.arduino15/packages/STM32/tools/xpack-arm-none-eabi-gcc/9.2.1-1.1/bin/../lib/gcc/arm-none-eabi/9.2.1/thumb/v7e-m+fp/hard/crtbegin.o

.preinit_array  0x0000000008004dd8        0x0
                0x0000000008004dd8                . = ALIGN (0x4)
                0x0000000008004dd8                PROVIDE (__preinit_array_start = .)
 *(.preinit_array*)
                0x0000000008004dd8                PROVIDE (__preinit_array_end = .)
                0x0000000008004dd8                . = ALIGN (0x4)

.init_array     0x0000000008004dd8       0x14
                0x0000000008004dd8                . = ALIGN (0x4)
                0x0000000008004dd8                PROVIDE (__init_array_start = .)
 *(SORT_BY_NAME(.init_array.*))
 .init_array.00101
                0x0000000008004dd8        0x4 /tmp/arduino-core-cache/core_aab683ffe2ca5cf4e880d4ca41cf57de.a(main.cpp.o)
 *(.init_array*)
 .init_array    0x0000000008004ddc        0x4 /home/john/.arduino15/packages/STM32/tools/xpack-arm-none-eabi-gcc/9.2.1-1.1/bin/../lib/gcc/arm-none-eabi/9.2.1/thumb/v7e-m+fp/hard/crtbegin.o
 .init_array    0x0000000008004de0        0x4 /tmp/arduino-sketch-CA9699AD043E48DB31BFBAD62DC34280/sketch/foil-actuator.ino.cpp.o
 .init_array    0x0000000008004de4        0x4 /tmp/arduino-sketch-CA9699AD043E48DB31BFBAD62DC34280/libraries/SrcWrapper/stm32/interrupt.cpp.o
 .init_array    0x0000000008004de8        0x4 /tmp/arduino-core-cache/core_aab683ffe2ca5cf4e880d4ca41cf57de.a(HardwareSerial.cpp.o)
                0x0000000008004dec                PROVIDE (__init_array_end = .)
                0x0000000008004dec                . = ALIGN (0x4)

.fini_array     0x0000000008004dec        0x8
                0x0000000008004dec                . = ALIGN (0x4)
                [!provide]                        PROVIDE (__fini_array_start = .)
 *(SORT_BY_NAME(.fini_array.*))
 *(.fini_array*)
 .fini_array    0x0000000008004dec        0x4 /home/john/.arduino15/packages/STM32/tools/xpack-arm-none-eabi-gcc/9.2.1-1.1/bin/../lib/gcc/arm-none-eabi/9.2.1/thumb/v7e-m+fp/hard/crtbegin.o
 .fini_array    0x0000000008004df0        0x4 /tmp/arduino-sketch-CA9699AD043E48DB31BFBAD62DC34280/libraries/SrcWrapper/stm32/interrupt.cpp.o
                [!provide]                        PROVIDE (__fini_array_end = .)
                0x0000000008004df4                . = ALIGN (0x4)
                0x0000000008004df4                _sidata = LOADADDR (.data)

.data           0x0000000020000000       0xbc load address 0x0000000008004df4
                0x0000000020000000                . = ALIGN (0x4)
                0x0000000020000000                _sdata = .
 *(.data)
 *(.data*)
 .data._ZL15speed_calc_data
                0x0000000020000000       0x24 /tmp/arduino-sketch-CA9699AD043E48DB31BFBAD62DC34280/sketch/foil-actuator.ino.cpp.o
 .data.heap_end.9096
                0x0000000020000024        0x4 /tmp/arduino-sketch-CA9699AD043E48DB31BFBAD62DC34280/libraries/SrcWrapper/syscalls.c.o
 .data.uwTickFreq
                0x0000000020000028        0x1 /tmp/arduino-sketch-CA9699AD043E48DB31BFBAD62DC34280/libraries/SrcWrapper/HAL/stm32yyxx_hal.c.o
                0x0000000020000028                uwTickFreq
 *fill*         0x0000000020000029        0x3 
 .data.uwTickPrio
                0x000000002000002c        0x4 /tmp/arduino-sketch-CA9699AD043E48DB31BFBAD62DC34280/libraries/SrcWrapper/HAL/stm32yyxx_hal.c.o
                0x000000002000002c                uwTickPrio
 .data.GPIOPort
                0x0000000020000030       0x18 /tmp/arduino-sketch-CA9699AD043E48DB31BFBAD62DC34280/libraries/SrcWrapper/stm32/PortNames.c.o
                0x0000000020000030                GPIOPort
 .data.SystemCoreClock